Component: ARM Compiler 5.06 update 5 (build 528) Tool: armlink [4d35e2]

==============================================================================

Section Cross References

    25lc256.o(.text) refers to stm32f4xx_spi.o(.text) for SPI_I2S_GetFlagStatus
    25lc256.o(.text) refers to stm32f4xx_gpio.o(.text) for GPIO_ResetBits
    at_command.o(.text) refers to at_command.o(i._ZSt6strstrPcPKc) for std::strstr(char*, const char*)
    at_command.o(.ARM.exidx) refers to at_command.o(.text) for .text
    ds1307.o(.text) refers to stm32f4xx_rcc.o(.text) for RCC_AHB1PeriphClockCmd
    ds1307.o(.text) refers to stm32f4xx_gpio.o(.text) for GPIO_Init
    ds1307.o(.text) refers to stm32f4xx_i2c.o(.text) for I2C_Init
    ds1307.o(.ARM.exidx) refers to ds1307.o(.text) for .text
    function.o(.text) refers to stm32f4xx_gpio.o(.text) for GPIO_SetBits
    function.o(.text) refers to array_new.o(i._Znaj) for operator new[] (unsigned)
    function.o(.text) refers to 25lc256.o(.text) for EEPROM_readByte
    function.o(.text) refers to u_print.o(.text) for U_Print_Char
    function.o(.text) refers to strstr.o(.text) for strstr
    function.o(.text) refers to strcmpv7m.o(.text) for strcmp
    function.o(.text) refers to main.o(.data) for quantity
    function.o(.ARM.exidx) refers to function.o(.text) for .text
    main.o(.text) refers to stm32f4xx_rcc.o(.text) for RCC_AHB1PeriphClockCmd
    main.o(.text) refers to stm32f4xx_gpio.o(.text) for GPIO_Init
    main.o(.text) refers to stm32f4xx_tim.o(.text) for TIM_TimeBaseInit
    main.o(.text) refers to stm32f4xx_usart.o(.text) for USART_Init
    main.o(.text) refers to stm32f4xx_spi.o(.text) for SPI_Init
    main.o(.text) refers to misc.o(.text) for NVIC_Init
    main.o(.text) refers to ds1307.o(.text) for DS1307::DS1307()
    main.o(.text) refers to system_stm32f4xx.o(.text) for SystemInit
    main.o(.text) refers to 25lc256.o(.text) for EEPROM_readByte
    main.o(.text) refers to array_new.o(i._Znaj) for operator new[] (unsigned)
    main.o(.text) refers to u_print.o(.text) for U_Print_Char
    main.o(.text) refers to array_del.o(i._ZdaPv) for operator delete[] (void*)
    main.o(.text) refers to function.o(.text) for Check_Open_Door
    main.o(.text) refers to main.o(.data) for _read
    main.o(.text) refers to strcpy.o(.text) for strcpy
    main.o(.text) refers to at_command.o(.text) for CheckAT
    main.o(.text) refers to system_stm32f4xx.o(.data) for SystemCoreClock
    main.o(.ARM.exidx) refers to main.o(.text) for .text
    main.o(.init_array) refers to main.o(.text) for __sti___8_main_cpp_time
    main.o(.init_array) refers to init_aeabi.o(.text) for __cpp_initialize__aeabi_
    u_print.o(.text) refers to _printf_percent.o(.ARM.Collect$$_printf_percent$$00000000) for _printf_percent
    u_print.o(.text) refers to _printf_d.o(.ARM.Collect$$_printf_percent$$00000009) for _printf_d
    u_print.o(.text) refers to _printf_dec.o(.text) for _printf_int_dec
    u_print.o(.text) refers to _printf_f.o(.ARM.Collect$$_printf_percent$$00000003) for _printf_f
    u_print.o(.text) refers to printf1.o(x$fpl$printf1) for _printf_fp_dec
    u_print.o(.text) refers to rt_memclr_w.o(.text) for __aeabi_memclr4
    u_print.o(.text) refers to __2sprintf.o(.text) for __2sprintf
    u_print.o(.text) refers to stm32f4xx_usart.o(.text) for USART_GetFlagStatus
    u_print.o(.text) refers to f2d.o(x$fpl$f2d) for __aeabi_f2d
    u_print.o(.ARM.exidx) refers to u_print.o(.text) for .text
    stm32f4xx_gpio.o(.text) refers to stm32f4xx_rcc.o(.text) for RCC_AHB1PeriphResetCmd
    stm32f4xx_i2c.o(.text) refers to stm32f4xx_rcc.o(.text) for RCC_APB1PeriphResetCmd
    stm32f4xx_spi.o(.text) refers to stm32f4xx_rcc.o(.text) for RCC_APB2PeriphResetCmd
    stm32f4xx_tim.o(.text) refers to stm32f4xx_rcc.o(.text) for RCC_APB2PeriphResetCmd
    stm32f4xx_usart.o(.text) refers to stm32f4xx_rcc.o(.text) for RCC_APB2PeriphResetCmd
    stm32f4xx_rcc.o(.text) refers to stm32f4xx_rcc.o(.data) for APBAHBPrescTable
    system_stm32f4xx.o(.text) refers to system_stm32f4xx.o(.data) for SystemCoreClock
    startup_stm32f4xx.o(STACK) refers (Special) to heapauxi.o(.text) for __use_two_region_memory
    startup_stm32f4xx.o(HEAP) refers (Special) to heapauxi.o(.text) for __use_two_region_memory
    startup_stm32f4xx.o(RESET) refers (Special) to heapauxi.o(.text) for __use_two_region_memory
    startup_stm32f4xx.o(RESET) refers to startup_stm32f4xx.o(STACK) for __initial_sp
    startup_stm32f4xx.o(RESET) refers to startup_stm32f4xx.o(.text) for Reset_Handler
    startup_stm32f4xx.o(RESET) refers to main.o(.text) for SysTick_Handler
    startup_stm32f4xx.o(.text) refers (Special) to heapauxi.o(.text) for __use_two_region_memory
    startup_stm32f4xx.o(.text) refers to system_stm32f4xx.o(.text) for SystemInit
    startup_stm32f4xx.o(.text) refers to __main.o(!!!main) for __main
    startup_stm32f4xx.o(.text) refers to startup_stm32f4xx.o(HEAP) for Heap_Mem
[...]
    .text                                    0x08003c60   Section      128  strcmpv7m.o(.text)
    .text                                    0x08003ce0   Section        0  heapauxi.o(.text)
    .text                                    0x08003ce8   Section        0  init_aeabi.o(.text)
    .text                                    0x08003d0c   Section        0  _printf_intcommon.o(.text)
    .text                                    0x08003dbe   Section        0  _printf_fp_dec.o(.text)
    _fp_digits                               0x08003dc1   Thumb Code   432  _printf_fp_dec.o(.text)
    .text                                    0x080041dc   Section        0  _printf_char_common.o(.text)
    _printf_input_char                       0x080041dd   Thumb Code    10  _printf_char_common.o(.text)
    .text                                    0x0800420c   Section        0  _sputc.o(.text)
    .text                                    0x08004218   Section        8  rt_locale_intlibspace.o(.text)
    .text                                    0x08004220   Section        8  rt_new_handler_addr_intlibspace.o(.text)
    .text                                    0x08004228   Section        0  h1_alloc.o(.text)
    .text                                    0x08004286   Section        0  h1_free.o(.text)
    .text                                    0x080042d4   Section      138  lludiv10.o(.text)
    .text                                    0x08004360   Section        0  _printf_fp_infnan.o(.text)
    .text                                    0x080043e0   Section        0  bigflt0.o(.text)
    .text                                    0x080044c4   Section        0  arm_newhandler_noexceptions.o(.text)
    .text                                    0x080044c8   Section        8  libspace.o(.text)
    .text                                    0x080044d0   Section       74  sys_stackheap_outer.o(.text)
    .text                                    0x0800451c   Section        8  rt_heap_descriptor_intlibspace.o(.text)
    .text                                    0x08004524   Section        0  hguard.o(.text)
    .text                                    0x08004528   Section        0  init_alloc.o(.text)
    .text                                    0x080045b2   Section        0  h1_init.o(.text)
    .text                                    0x080045c0   Section        0  exit.o(.text)
    .text                                    0x080045d2   Section        0  arm_exceptions_terminate.o(.text)
    .text                                    0x080045ec   Section        0  h1_extend.o(.text)
    .text                                    0x08004620   Section        0  abort.o(.text)
    .text                                    0x08004636   Section        0  defsig_rtmem_outer.o(.text)
    .text                                    0x08004644   Section        0  arm_exceptions_globs.o(.text)
    [local to arm_exceptions_c]::__default_terminate_handler() 0x08004645   Thumb Code     6  arm_exceptions_globs.o(.text)
    .text                                    0x08004694   Section        0  sys_exit.o(.text)
    .text                                    0x080046a0   Section        2  use_no_semi.o(.text)
    .text                                    0x080046a2   Section        0  indicate_semi.o(.text)
    .text                                    0x080046a4   Section        8  rt_eh_globals_addr_intlibspace.o(.text)
    .text                                    0x080046ac   Section        0  defsig_exit.o(.text)
    .text                                    0x080046b6   Section        0  defsig_abrt_outer.o(.text)
    .text                                    0x080046c4   Section        0  defsig_rtmem_inner.o(.text)
    .text                                    0x08004714   Section        0  arm_exceptions_mem.o(.text)
    .text                                    0x08004750   Section        0  defsig_general.o(.text)
    .text                                    0x08004784   Section        0  defsig_abrt_inner.o(.text)
    .text                                    0x080047b4   Section        0  sys_wrch.o(.text)
    CL$$btod_d2e                             0x080047c2   Section       62  btod.o(CL$$btod_d2e)
    CL$$btod_d2e_denorm_low                  0x08004800   Section       70  btod.o(CL$$btod_d2e_denorm_low)
    CL$$btod_d2e_norm_op1                    0x08004846   Section       96  btod.o(CL$$btod_d2e_norm_op1)
    CL$$btod_div_common                      0x080048a6   Section      824  btod.o(CL$$btod_div_common)
    CL$$btod_e2e                             0x08004bde   Section      220  btod.o(CL$$btod_e2e)
    CL$$btod_ediv                            0x08004cba   Section       42  btod.o(CL$$btod_ediv)
    CL$$btod_emul                            0x08004ce4   Section       42  btod.o(CL$$btod_emul)
    CL$$btod_mult_common                     0x08004d0e   Section      580  btod.o(CL$$btod_mult_common)
    i._ZSt6strstrPcPKc                       0x08004f52   Section        0  at_command.o(i._ZSt6strstrPcPKc)
    i._ZdaPv                                 0x08004f62   Section        0  array_del.o(i._ZdaPv)
    i._ZdlPv                                 0x08004f6a   Section        0  delete.o(i._ZdlPv)
    i._Znaj                                  0x08004f72   Section        0  array_new.o(i._Znaj)
    i._Znwj                                  0x08004f7c   Section        0  new.o(i._Znwj)
    i.__ARM_fpclassify                       0x08004fa4   Section        0  fpclassify.o(i.__ARM_fpclassify)
    i._is_digit                              0x08004fd4   Section        0  __printf_wp.o(i._is_digit)
    locale$$code                             0x08004fe4   Section       44  lc_numeric_c.o(locale$$code)
    x$fpl$dretinf                            0x08005010   Section       12  dretinf.o(x$fpl$dretinf)
    $v0                                      0x08005010   Number         0  dretinf.o(x$fpl$dretinf)
    x$fpl$f2d                                0x0800501c   Section       86  f2d.o(x$fpl$f2d)
    $v0                                      0x0800501c   Number         0  f2d.o(x$fpl$f2d)
    x$fpl$fnaninf                            0x08005072   Section      140  fnaninf.o(x$fpl$fnaninf)
    $v0                                      0x08005072   Number         0  fnaninf.o(x$fpl$fnaninf)
    x$fpl$fpinit                             0x080050fe   Section       10  fpinit.o(x$fpl$fpinit)
    $v0                                      0x080050fe   Number         0  fpinit.o(x$fpl$fpinit)
    x$fpl$printf1                            0x08005108   Section        4  printf1.o(x$fpl$printf1)
    $v0                                      0x08005108   Number         0  printf1.o(x$fpl$printf1)
    .constdata                               0x0800510c   Section       17  __printf_flags_wp.o(.constdata)
    x$fpl$usenofp                            0x0800510c   Section        0  usenofp.o(x$fpl$usenofp)
    maptable                                 0x0800510c   Data          17  __printf_flags_wp.o(.constdata)
    .constdata                               0x08005120   Section      148  bigflt0.o(.constdata)
    tenpwrs_x                                0x08005120   Data          60  bigflt0.o(.constdata)
    tenpwrs_i                                0x0800515c   Data          64  bigflt0.o(.constdata)
    locale$$data                             0x080051d4   Section       28  lc_numeric_c.o(locale$$data)
    __lcnum_c_name                           0x080051d8   Data           2  lc_numeric_c.o(locale$$data)
    __lcnum_c_start                          0x080051e0   Data           0  lc_numeric_c.o(locale$$data)
    __lcnum_c_point                          0x080051ec   Data           0  lc_numeric_c.o(locale$$data)
    __lcnum_c_thousands                      0x080051ee   Data           0  lc_numeric_c.o(locale$$data)
    __lcnum_c_grouping                       0x080051ef   Data           0  lc_numeric_c.o(locale$$data)
    .init_array                              0x080051f0   Section        4  main.o(.init_array)
    __lcnum_c_end                            0x080051f0   Data           0  lc_numeric_c.o(locale$$data)
    .init_array                              0x080051f4   Section        0  init_aeabi.o(.init_array)
    .data                                    0x20000000   Section       19  main.o(.data)
    .data                                    0x20000013   Section       16  stm32f4xx_rcc.o(.data)
    APBAHBPrescTable                         0x20000013   Data          16  stm32f4xx_rcc.o(.data)
    .data                                    0x20000024   Section       20  system_stm32f4xx.o(.data)
    .bss                                     0x20000038   Section       96  libspace.o(.bss)
    HEAP                                     0x20000098   Section      512  startup_stm32f4xx.o(HEAP)
    Heap_Mem                                 0x20000098   Data         512  startup_stm32f4xx.o(HEAP)
    STACK                                    0x20000298   Section     1024  startup_stm32f4xx.o(STACK)
    Stack_Mem                                0x20000298   Data        1024  startup_stm32f4xx.o(STACK)
    __initial_sp                             0x20000698   Data           0  startup_stm32f4xx.o(STACK)

    Global Symbols

    Symbol Name                              Value     Ov Type        Size  Object(Section)

    BuildAttributes$$THM_ISAv4$E$P$D$K$B$S$7EM$VFPi3$EXTD16$VFPS$VFMA$PE$A:L22UL41UL21$X:L11$S22US41US21$IEEE1$IW$USESV6$~STKCKD$USESV7$~SHL$OTIME$ROPI$IEEEJ$EBA8$UX$STANDARDLIB$REQ8$PRES8$EABIv2 0x00000000   Number         0  anon$$obj.o ABSOLUTE
    __ARM_use_no_argv                        0x00000000   Number         0  main.o ABSOLUTE
    _printf_flags                            0x00000000   Number         0  printf_stubs.o ABSOLUTE
    _printf_return_value                     0x00000000   Number         0  printf_stubs.o ABSOLUTE
    _printf_sizespec                         0x00000000   Number         0  printf_stubs.o ABSOLUTE
    _printf_widthprec                        0x00000000   Number         0  printf_stubs.o ABSOLUTE
    SHT$$ARM_EXIDX$$Base                      - Undefined Reference
    SHT$$ARM_EXIDX$$Limit                     - Undefined Reference
    __ARM::default_unexpected_handler()       - Undefined Weak Reference
    __ARM_exceptions_buffer_required          - Undefined Weak Reference
    __ARM_exceptions_init                     - Undefined Weak Reference
    __aeabi_unwind_cpp_pr1                    - Undefined Weak Reference
    __aeabi_unwind_cpp_pr2                    - Undefined Weak Reference
    __alloca_initialize                       - Undefined Weak Reference
    __arm_preinit_                            - Undefined Weak Reference
    __cxa_begin_cleanup                       - Undefined Weak Reference
    __cxa_finalize                            - Undefined Weak Reference
    __cxa_type_match                          - Undefined Weak Reference
    __sigvec_lookup                           - Undefined Weak Reference
    __user_heap_extent                        - Undefined Weak Reference
    _atexit_init                              - Undefined Weak Reference
    _call_atexit_fns                          - Undefined Weak Reference
    _clock_init                               - Undefined Weak Reference
    _fp_trap_init                             - Undefined Weak Reference
    _fp_trap_shutdown                         - Undefined Weak Reference
    _get_lc_collate                           - Undefined Weak Reference
    _get_lc_ctype                             - Undefined Weak Reference
    _get_lc_monetary                          - Undefined Weak Reference
    _get_lc_time                              - Undefined Weak Reference
    _getenv_init                              - Undefined Weak Reference
    _handle_redirection                       - Undefined Weak Reference
    _initio                                   - Undefined Weak Reference
    _mutex_acquire                            - Undefined Weak Reference
    _mutex_free                               - Undefined Weak Reference
    _mutex_release                            - Undefined Weak Reference
    _printf_post_padding                      - Undefined Weak Reference
    _printf_pre_padding                       - Undefined Weak Reference
    _printf_truncate_signed                   - Undefined Weak Reference
    _printf_truncate_unsigned                 - Undefined Weak Reference
    _rand_init                                - Undefined Weak Reference
    _signal_finish                            - Undefined Weak Reference
    _signal_init                              - Undefined Weak Reference
    _terminateio                              - Undefined Weak Reference
    __Vectors_Size                           0x00000188   Number         0  startup_stm32f4xx.o ABSOLUTE
    __Vectors                                0x08000000   Data           4  startup_stm32f4xx.o(RESET)
    __Vectors_End                            0x08000188   Data           0  startup_stm32f4xx.o(RESET)
    __main                                   0x08000189   Thumb Code     8  __main.o(!!!main)
    __scatterload                            0x08000191   Thumb Code     0  __scatter.o(!!!scatter)
    __scatterload_rt2                        0x08000191   Thumb Code    44  __scatter.o(!!!scatter)
    __scatterload_rt2_thumb_only             0x08000191   Thumb Code     0  __scatter.o(!!!scatter)
    __scatterload_null                       0x0800019f   Thumb Code     0  __scatter.o(!!!scatter)
    __scatterload_copy                       0x080001c5   Thumb Code    26  __scatter_copy.o(!!handler_copy)
    __scatterload_zeroinit                   0x080001e1   Thumb Code    28  __scatter_zi.o(!!handler_zi)
    _printf_f                                0x080001fd   Thumb Code     0  _printf_f.o(.ARM.Collect$$_printf_percent$$00000003)
    _printf_percent                          0x080001fd   Thumb Code     0  _printf_percent.o(.ARM.Collect$$_printf_percent$$00000000)
    _printf_d                                0x08000203   Thumb Code     0  _printf_d.o(.ARM.Collect$$_printf_percent$$00000009)
    _printf_percent_end                      0x08000209   Thumb Code     0  _printf_percent_end.o(.ARM.Collect$$_printf_percent$$00000017)
    __rt_lib_init                            0x0800020d   Thumb Code     0  libinit.o(.ARM.Collect$$libinit$$00000000)
    __rt_lib_init_fp_1                       0x0800020f   Thumb Code     0  libinit2.o(.ARM.Collect$$libinit$$00000001)
    __rt_lib_init_heap_2                     0x08000213   Thumb Code     0  libinit2.o(.ARM.Collect$$libinit$$00000005)
    __rt_lib_init_preinit_1                  0x08000213   Thumb Code     0  libinit2.o(.ARM.Collect$$libinit$$00000004)
    __rt_lib_init_heap_1                     0x0800021b   Thumb Code     0  libinit2.o(.ARM.Collect$$libinit$$0000000A)
    __rt_lib_init_lc_common                  0x0800021b   Thumb Code     0  libinit2.o(.ARM.Collect$$libinit$$0000000F)
    __rt_lib_init_rand_1                     0x0800021b   Thumb Code     0  libinit2.o(.ARM.Collect$$libinit$$0000000E)
    __rt_lib_init_user_alloc_1               0x0800021b   Thumb Code     0  libinit2.o(.ARM.Collect$$libinit$$0000000C)
    __rt_lib_init_lc_collate_1               0x08000221   Thumb Code     0  libinit2.o(.ARM.Collect$$libinit$$00000011)
    __rt_lib_init_lc_ctype_1                 0x08000221   Thumb Code     0  libinit2.o(.ARM.Collect$$libinit$$00000013)
    __rt_lib_init_lc_monetary_1              0x08000221   Thumb Code     0  libinit2.o(.ARM.Collect$$libinit$$00000015)
    __rt_lib_init_lc_numeric_2               0x08000221   Thumb Code     0  libinit2.o(.ARM.Collect$$libinit$$00000016)
    __rt_lib_init_alloca_1                   0x0800022b   Thumb Code     0  libinit2.o(.ARM.Collect$$libinit$$0000002E)
    __rt_lib_init_argv_1                     0x0800022b   Thumb Code     0  libinit2.o(.ARM.Collect$$libinit$$0000002C)
    __rt_lib_init_atexit_1                   0x0800022b   Thumb Code     0  libinit2.o(.ARM.Collect$$libinit$$0000001B)
    __rt_lib_init_clock_1                    0x0800022b   Thumb Code     0  libinit2.o(.ARM.Collect$$libinit$$00000021)
    __rt_lib_init_cpp_2                      0x0800022b   Thumb Code     0  libinit2.o(.ARM.Collect$$libinit$$00000031)
    __rt_lib_init_exceptions_1               0x0800022b   Thumb Code     0  libinit2.o(.ARM.Collect$$libinit$$00000030)
    __rt_lib_init_fp_trap_1                  0x0800022b   Thumb Code     0  libinit2.o(.ARM.Collect$$libinit$$0000001F)
    __rt_lib_init_getenv_1                   0x0800022b   Thumb Code     0  libinit2.o(.ARM.Collect$$libinit$$00000023)
    __rt_lib_init_lc_numeric_1               0x0800022b   Thumb Code     0  libinit2.o(.ARM.Collect$$libinit$$00000017)
    __rt_lib_init_lc_time_1                  0x0800022b   Thumb Code     0  libinit2.o(.ARM.Collect$$libinit$$00000019)
    __rt_lib_init_signal_1                   0x0800022b   Thumb Code     0  libinit2.o(.ARM.Collect$$libinit$$0000001D)
    __rt_lib_init_stdio_1                    0x0800022b   Thumb Code     0  libinit2.o(.ARM.Collect$$libinit$$00000025)
    __rt_lib_init_cpp_1                      0x0800022f   Thumb Code     0  libinit2.o(.ARM.Collect$$libinit$$00000032)
    __rt_lib_init_return                     0x0800022f   Thumb Code     0  libinit2.o(.ARM.Collect$$libinit$$00000033)
    __rt_lib_shutdown                        0x08000231   Thumb Code     0  libshutdown.o(.ARM.Collect$$libshutdown$$00000000)
    __rt_lib_shutdown_cpp_1                  0x08000233   Thumb Code     0  libshutdown2.o(.ARM.Collect$$libshutdown$$00000002)
    __rt_lib_shutdown_fp_trap_1              0x08000233   Thumb Code     0  libshutdown2.o(.ARM.Collect$$libshutdown$$00000007)
    __rt_lib_shutdown_heap_1                 0x08000233   Thumb Code     0  libshutdown2.o(.ARM.Collect$$libshutdown$$0000000F)
    __rt_lib_shutdown_return                 0x08000233   Thumb Code     0  libshutdown2.o(.ARM.Collect$$libshutdown$$00000010)
    __rt_lib_shutdown_signal_1               0x08000233   Thumb Code     0  libshutdown2.o(.ARM.Collect$$libshutdown$$0000000A)
    __rt_lib_shutdown_stdio_1                0x08000233   Thumb Code     0  libshutdown2.o(.ARM.Collect$$libshutdown$$00000004)
    __rt_lib_shutdown_user_alloc_1           0x08000233   Thumb Code     0  libshutdown2.o(.ARM.Collect$$libshutdown$$0000000C)
    __rt_entry                               0x08000235   Thumb Code     0  __rtentry.o(.ARM.Collect$$rtentry$$00000000)
    __rt_entry_presh_1                       0x08000235   Thumb Code     0  __rtentry2.o(.ARM.Collect$$rtentry$$00000002)
    __rt_entry_sh                            0x08000235   Thumb Code     0  __rtentry4.o(.ARM.Collect$$rtentry$$00000004)
    __rt_entry_li                            0x0800023b   Thumb Code     0  __rtentry2.o(.ARM.Collect$$rtentry$$0000000A)
    __rt_entry_postsh_1                      0x0800023b   Thumb Code     0  __rtentry2.o(.ARM.Collect$$rtentry$$00000009)
    __rt_entry_main                          0x0800023f   Thumb Code     0  __rtentry2.o(.ARM.Collect$$rtentry$$0000000D)
    __rt_entry_postli_1                      0x0800023f   Thumb Code     0  __rtentry2.o(.ARM.Collect$$rtentry$$0000000C)
    __rt_exit                                0x08000247   Thumb Code     0  rtexit.o(.ARM.Collect$$rtexit$$00000000)
    __rt_exit_ls                             0x08000249   Thumb Code     0  rtexit2.o(.ARM.Collect$$rtexit$$00000003)
    __rt_exit_prels_1                        0x08000249   Thumb Code     0  rtexit2.o(.ARM.Collect$$rtexit$$00000002)
    __rt_exit_exit                           0x0800024d   Thumb Code     0  rtexit2.o(.ARM.Collect$$rtexit$$00000004)
    SPI_ReadWrite                            0x08000255   Thumb Code    50  25lc256.o(.text)
    _maybe_terminate_alloc                   0x08000255   Thumb Code     0  maybetermalloc1.o(.emb_text)
    SPI_Write_Reg                            0x08000287   Thumb Code    46  25lc256.o(.text)
    SPI_Read_Reg                             0x080002b5   Thumb Code    50  25lc256.o(.text)
    EEPROM_writeEnable                       0x080002e7   Thumb Code    30  25lc256.o(.text)
    EEPROM_readStatus                        0x08000305   Thumb Code    42  25lc256.o(.text)
    EEPROM_send16BitAddress                  0x0800032f   Thumb Code    18  25lc256.o(.text)
    EEPROM_readByte                          0x08000341   Thumb Code    50  25lc256.o(.text)
    EEPROM_readWord                          0x08000373   Thumb Code    72  25lc256.o(.text)
    EEPROM_writeByte                         0x080003bb   Thumb Code    62  25lc256.o(.text)
    EEPROM_writeWord                         0x080003f9   Thumb Code    68  25lc256.o(.text)
    EEPROM_clearAll                          0x0800043d   Thumb Code    88  25lc256.o(.text)
    CheckAT                                  0x0800049d   Thumb Code   134  at_command.o(.text)
    Check_ID                                 0x08000523   Thumb Code    22  at_command.o(.text)
    Check_Door                               0x08000539   Thumb Code    46  at_command.o(.text)
    DS1307::DS1307()                         0x080005e1   Thumb Code     2  ds1307.o(.text)
    DS1307::DS1307__sub_object()             0x080005e1   Thumb Code     0  ds1307.o(.text)
    DS1307::DS1307Init()                     0x080005e3   Thumb Code   132  ds1307.o(.text)
    DS1307::DS1307ReadTime()                 0x08000667   Thumb Code   334  ds1307.o(.text)
    DS1307::DS1307SetTime()                  0x080007b5   Thumb Code   170  ds1307.o(.text)
    DS1307::DS1307GetTimeString()            0x0800085f   Thumb Code    48  ds1307.o(.text)
    DS1307::~DS1307()                        0x0800088f   Thumb Code     2  ds1307.o(.text)
    DS1307::~DS1307__sub_object()            0x0800088f   Thumb Code     0  ds1307.o(.text)
    OpenDoor                                 0x080008b1   Thumb Code    60  function.o(.text)
    CloseDoor                                0x080008ed   Thumb Code    60  function.o(.text)
    led_toggle                               0x08000929   Thumb Code    40  function.o(.text)
    IDADD_READ_RFID                          0x08000951   Thumb Code    48  function.o(.text)
    IDADD_READ_TIME                          0x08000981   Thumb Code    60  function.o(.text)
    IDADD_READ_DOOR                          0x080009bd   Thumb Code    20  function.o(.text)
    Check_Open_Door                          0x080009d1   Thumb Code   180  function.o(.text)
    ID_DEL                                   0x08000a85   Thumb Code   154  function.o(.text)
    Init_peripheral                          0x08000b45   Thumb Code   672  main.o(.text)
    main                                     0x08000de5   Thumb Code  1302  main.o(.text)
    USART2_IRQHandler                        0x080012fb   Thumb Code   116  main.o(.text)
    USART1_IRQHandler                        0x0800136f   Thumb Code   198  main.o(.text)
    TIM4_IRQHandler()                        0x08001435   Thumb Code    32  main.o(.text)
    SysTick_Init                             0x08001455   Thumb Code    90  main.o(.text)
    SysTick_Handler                          0x080014af   Thumb Code     2  main.o(.text)
    U_Print                                  0x080014ed   Thumb Code    74  u_print.o(.text)
    U_Print_Char                             0x08001537   Thumb Code    48  u_print.o(.text)
    U_Print_float                            0x08001567   Thumb Code    98  u_print.o(.text)
    NVIC_PriorityGroupConfig                 0x080015d5   Thumb Code    10  misc.o(.text)
    NVIC_Init                                0x080015df   Thumb Code   106  misc.o(.text)
    NVIC_SetVectorTable                      0x08001649   Thumb Code    14  misc.o(.text)
    NVIC_SystemLPConfig                      0x08001657   Thumb Code    34  misc.o(.text)
    SysTick_CLKSourceConfig                  0x08001679   Thumb Code    40  misc.o(.text)
    GPIO_DeInit                              0x080016b5   Thumb Code   220  stm32f4xx_gpio.o(.text)
    GPIO_Init                                0x08001791   Thumb Code   144  stm32f4xx_gpio.o(.text)
    GPIO_StructInit                          0x08001821   Thumb Code    18  stm32f4xx_gpio.o(.text)
    GPIO_PinLockConfig                       0x08001833   Thumb Code    34  stm32f4xx_gpio.o(.text)
    GPIO_ReadInputDataBit                    0x08001855   Thumb Code    18  stm32f4xx_gpio.o(.text)
    GPIO_ReadInputData                       0x08001867   Thumb Code     8  stm32f4xx_gpio.o(.text)
    GPIO_ReadOutputDataBit                   0x0800186f   Thumb Code    18  stm32f4xx_gpio.o(.text)
    GPIO_ReadOutputData                      0x08001881   Thumb Code     8  stm32f4xx_gpio.o(.text)
    GPIO_SetBits                             0x08001889   Thumb Code     4  stm32f4xx_gpio.o(.text)
    GPIO_ResetBits                           0x0800188d   Thumb Code     4  stm32f4xx_gpio.o(.text)
    GPIO_WriteBit                            0x08001891   Thumb Code    10  stm32f4xx_gpio.o(.text)
    GPIO_Write                               0x0800189b   Thumb Code     4  stm32f4xx_gpio.o(.text)
    GPIO_ToggleBits                          0x0800189f   Thumb Code     8  stm32f4xx_gpio.o(.text)
    GPIO_PinAFConfig                         0x080018a7   Thumb Code    70  stm32f4xx_gpio.o(.text)
    I2C_DeInit                               0x08001911   Thumb Code    82  stm32f4xx_i2c.o(.text)
    I2C_Init                                 0x08001963   Thumb Code   218  stm32f4xx_i2c.o(.text)
    I2C_StructInit                           0x08001a3d   Thumb Code    30  stm32f4xx_i2c.o(.text)
    I2C_Cmd                                  0x08001a5b   Thumb Code    24  stm32f4xx_i2c.o(.text)
    I2C_GenerateSTART                        0x08001a73   Thumb Code    24  stm32f4xx_i2c.o(.text)
    I2C_GenerateSTOP                         0x08001a8b   Thumb Code    24  stm32f4xx_i2c.o(.text)
    I2C_Send7bitAddress                      0x08001aa3   Thumb Code    16  stm32f4xx_i2c.o(.text)
    I2C_AcknowledgeConfig                    0x08001ab3   Thumb Code    24  stm32f4xx_i2c.o(.text)
    I2C_OwnAddress2Config                    0x08001acb   Thumb Code    22  stm32f4xx_i2c.o(.text)
    I2C_DualAddressCmd                       0x08001ae1   Thumb Code    24  stm32f4xx_i2c.o(.text)
    I2C_GeneralCallCmd                       0x08001af9   Thumb Code    24  stm32f4xx_i2c.o(.text)
    I2C_SoftwareResetCmd                     0x08001b11   Thumb Code    22  stm32f4xx_i2c.o(.text)
    I2C_StretchClockCmd                      0x08001b27   Thumb Code    24  stm32f4xx_i2c.o(.text)
    I2C_FastModeDutyCycleConfig              0x08001b3f   Thumb Code    28  stm32f4xx_i2c.o(.text)
    I2C_NACKPositionConfig                   0x08001b5b   Thumb Code    28  stm32f4xx_i2c.o(.text)
    I2C_SMBusAlertConfig                     0x08001b77   Thumb Code    28  stm32f4xx_i2c.o(.text)
    I2C_ARPCmd                               0x08001b93   Thumb Code    24  stm32f4xx_i2c.o(.text)
    I2C_SendData                             0x08001bab   Thumb Code     4  stm32f4xx_i2c.o(.text)
    I2C_ReceiveData                          0x08001baf   Thumb Code     8  stm32f4xx_i2c.o(.text)
    I2C_TransmitPEC                          0x08001bb7   Thumb Code    24  stm32f4xx_i2c.o(.text)
    I2C_PECPositionConfig                    0x08001bcf   Thumb Code    28  stm32f4xx_i2c.o(.text)
    I2C_CalculatePEC                         0x08001beb   Thumb Code    24  stm32f4xx_i2c.o(.text)
    I2C_GetPEC                               0x08001c03   Thumb Code     8  stm32f4xx_i2c.o(.text)
    I2C_DMACmd                               0x08001c0b   Thumb Code    24  stm32f4xx_i2c.o(.text)
    I2C_DMALastTransferCmd                   0x08001c23   Thumb Code    24  stm32f4xx_i2c.o(.text)
    I2C_ReadRegister                         0x08001c3b   Thumb Code    22  stm32f4xx_i2c.o(.text)
    I2C_ITConfig                             0x08001c51   Thumb Code    18  stm32f4xx_i2c.o(.text)
    I2C_CheckEvent                           0x08001c63   Thumb Code    42  stm32f4xx_i2c.o(.text)
    I2C_GetLastEvent                         0x08001c8d   Thumb Code    26  stm32f4xx_i2c.o(.text)
    I2C_GetFlagStatus                        0x08001ca7   Thumb Code    58  stm32f4xx_i2c.o(.text)
    I2C_ClearFlag                            0x08001ce1   Thumb Code    12  stm32f4xx_i2c.o(.text)
    I2C_GetITStatus                          0x08001ced   Thumb Code    64  stm32f4xx_i2c.o(.text)
    I2C_ClearITPendingBit                    0x08001d2d   Thumb Code    12  stm32f4xx_i2c.o(.text)
    SPI_I2S_DeInit                           0x08001d39   Thumb Code    76  stm32f4xx_spi.o(.text)
    SPI_Init                                 0x08001d85   Thumb Code    60  stm32f4xx_spi.o(.text)
    I2S_Init                                 0x08001dc1   Thumb Code   350  stm32f4xx_spi.o(.text)
    SPI_StructInit                           0x08001f1f   Thumb Code    24  stm32f4xx_spi.o(.text)
    I2S_StructInit                           0x08001f37   Thumb Code    20  stm32f4xx_spi.o(.text)
    SPI_Cmd                                  0x08001f4b   Thumb Code    24  stm32f4xx_spi.o(.text)
    I2S_Cmd                                  0x08001f63   Thumb Code    24  stm32f4xx_spi.o(.text)
    SPI_DataSizeConfig                       0x08001f7b   Thumb Code    18  stm32f4xx_spi.o(.text)
    SPI_BiDirectionalLineConfig              0x08001f8d   Thumb Code    28  stm32f4xx_spi.o(.text)
    SPI_NSSInternalSoftwareConfig            0x08001fa9   Thumb Code    30  stm32f4xx_spi.o(.text)
    SPI_SSOutputCmd                          0x08001fc7   Thumb Code    24  stm32f4xx_spi.o(.text)
    SPI_TIModeCmd                            0x08001fdf   Thumb Code    24  stm32f4xx_spi.o(.text)
    I2S_FullDuplexConfig                     0x08001ff7   Thumb Code    80  stm32f4xx_spi.o(.text)
    SPI_I2S_ReceiveData                      0x08002047   Thumb Code     6  stm32f4xx_spi.o(.text)
    SPI_I2S_SendData                         0x0800204d   Thumb Code     4  stm32f4xx_spi.o(.text)
    SPI_CalculateCRC                         0x08002051   Thumb Code    24  stm32f4xx_spi.o(.text)
    SPI_TransmitCRC                          0x08002069   Thumb Code    10  stm32f4xx_spi.o(.text)
    SPI_GetCRC                               0x08002073   Thumb Code    16  stm32f4xx_spi.o(.text)
    SPI_GetCRCPolynomial                     0x08002083   Thumb Code     6  stm32f4xx_spi.o(.text)
    SPI_I2S_DMACmd                           0x08002089   Thumb Code    18  stm32f4xx_spi.o(.text)
    SPI_I2S_ITConfig                         0x0800209b   Thumb Code    32  stm32f4xx_spi.o(.text)
    SPI_I2S_GetFlagStatus                    0x080020bb   Thumb Code    18  stm32f4xx_spi.o(.text)
    SPI_I2S_ClearFlag                        0x080020cd   Thumb Code     6  stm32f4xx_spi.o(.text)
    SPI_I2S_GetITStatus                      0x080020d3   Thumb Code    52  stm32f4xx_spi.o(.text)
    SPI_I2S_ClearITPendingBit                0x08002107   Thumb Code    42  stm32f4xx_spi.o(.text)
    TIM_DeInit                               0x08002131   Thumb Code   346  stm32f4xx_tim.o(.text)
    TIM_TimeBaseInit                         0x0800228b   Thumb Code   104  stm32f4xx_tim.o(.text)
    TIM_TimeBaseStructInit                   0x080022f3   Thumb Code    18  stm32f4xx_tim.o(.text)
    TIM_PrescalerConfig                      0x08002305   Thumb Code     6  stm32f4xx_tim.o(.text)
    TIM_CounterModeConfig                    0x0800230b   Thumb Code    18  stm32f4xx_tim.o(.text)
    TIM_SetCounter                           0x0800231d   Thumb Code     4  stm32f4xx_tim.o(.text)
    TIM_SetAutoreload                        0x08002321   Thumb Code     4  stm32f4xx_tim.o(.text)
    TIM_GetCounter                           0x08002325   Thumb Code     6  stm32f4xx_tim.o(.text)
    TIM_GetPrescaler                         0x0800232b   Thumb Code     6  stm32f4xx_tim.o(.text)
    TIM_UpdateDisableConfig                  0x08002331   Thumb Code    24  stm32f4xx_tim.o(.text)
    TIM_UpdateRequestConfig                  0x08002349   Thumb Code    24  stm32f4xx_tim.o(.text)
    TIM_ARRPreloadConfig                     0x08002361   Thumb Code    24  stm32f4xx_tim.o(.text)
    TIM_SelectOnePulseMode                   0x08002379   Thumb Code    18  stm32f4xx_tim.o(.text)
    TIM_SetClockDivision                     0x0800238b   Thumb Code    18  stm32f4xx_tim.o(.text)
    TIM_Cmd                                  0x0800239d   Thumb Code    24  stm32f4xx_tim.o(.text)
    TIM_OC1Init                              0x080023b5   Thumb Code   114  stm32f4xx_tim.o(.text)
    TIM_OC2Init                              0x08002427   Thumb Code   154  stm32f4xx_tim.o(.text)
    TIM_OC3Init                              0x080024c1   Thumb Code   204  stm32f4xx_tim.o(.text)
    TIM_OC4Init                              0x0800258d   Thumb Code   112  stm32f4xx_tim.o(.text)
    TIM_OCStructInit                         0x080025fd   Thumb Code    20  stm32f4xx_tim.o(.text)
    TIM_SelectOCxM                           0x08002611   Thumb Code    86  stm32f4xx_tim.o(.text)
    TIM_SetCompare1                          0x08002667   Thumb Code     4  stm32f4xx_tim.o(.text)
    TIM_SetCompare2                          0x0800266b   Thumb Code     4  stm32f4xx_tim.o(.text)
    TIM_SetCompare3                          0x0800266f   Thumb Code     4  stm32f4xx_tim.o(.text)
    TIM_SetCompare4                          0x08002673   Thumb Code     4  stm32f4xx_tim.o(.text)
    TIM_ForcedOC1Config                      0x08002677   Thumb Code    18  stm32f4xx_tim.o(.text)
    TIM_ForcedOC2Config                      0x08002689   Thumb Code    26  stm32f4xx_tim.o(.text)
    TIM_ForcedOC3Config                      0x080026a3   Thumb Code    18  stm32f4xx_tim.o(.text)
    TIM_ForcedOC4Config                      0x080026b5   Thumb Code    26  stm32f4xx_tim.o(.text)
    TIM_OC1PreloadConfig                     0x080026cf   Thumb Code    18  stm32f4xx_tim.o(.text)
    TIM_OC2PreloadConfig                     0x080026e1   Thumb Code    26  stm32f4xx_tim.o(.text)
    TIM_OC3PreloadConfig                     0x080026fb   Thumb Code    18  stm32f4xx_tim.o(.text)
    TIM_OC4PreloadConfig                     0x0800270d   Thumb Code    26  stm32f4xx_tim.o(.text)
    TIM_OC1FastConfig                        0x08002727   Thumb Code    18  stm32f4xx_tim.o(.text)
    TIM_OC2FastConfig                        0x08002739   Thumb Code    26  stm32f4xx_tim.o(.text)
    TIM_OC3FastConfig                        0x08002753   Thumb Code    18  stm32f4xx_tim.o(.text)
    TIM_OC4FastConfig                        0x08002765   Thumb Code    26  stm32f4xx_tim.o(.text)
    TIM_ClearOC1Ref                          0x0800277f   Thumb Code    18  stm32f4xx_tim.o(.text)
    TIM_ClearOC2Ref                          0x08002791   Thumb Code    24  stm32f4xx_tim.o(.text)
    TIM_ClearOC3Ref                          0x080027a9   Thumb Code    18  stm32f4xx_tim.o(.text)
    TIM_ClearOC4Ref                          0x080027bb   Thumb Code    24  stm32f4xx_tim.o(.text)
    TIM_OC1PolarityConfig                    0x080027d3   Thumb Code    18  stm32f4xx_tim.o(.text)
    TIM_OC1NPolarityConfig                   0x080027e5   Thumb Code    18  stm32f4xx_tim.o(.text)
    TIM_OC2PolarityConfig                    0x080027f7   Thumb Code    26  stm32f4xx_tim.o(.text)
    TIM_OC2NPolarityConfig                   0x08002811   Thumb Code    26  stm32f4xx_tim.o(.text)
    TIM_OC3PolarityConfig                    0x0800282b   Thumb Code    26  stm32f4xx_tim.o(.text)
    TIM_OC3NPolarityConfig                   0x08002845   Thumb Code    26  stm32f4xx_tim.o(.text)
    TIM_OC4PolarityConfig                    0x0800285f   Thumb Code    26  stm32f4xx_tim.o(.text)
    TIM_CCxCmd                               0x08002879   Thumb Code    30  stm32f4xx_tim.o(.text)
    TIM_CCxNCmd                              0x08002897   Thumb Code    30  stm32f4xx_tim.o(.text)
    TIM_SetIC4Prescaler                      0x080028b5   Thumb Code    26  stm32f4xx_tim.o(.text)
    TIM_SetIC3Prescaler                      0x0800291f   Thumb Code    18  stm32f4xx_tim.o(.text)
    TIM_SetIC2Prescaler                      0x08002979   Thumb Code    26  stm32f4xx_tim.o(.text)
    TIM_SetIC1Prescaler                      0x080029ed   Thumb Code    18  stm32f4xx_tim.o(.text)
    TIM_ICInit                               0x08002a39   Thumb Code   110  stm32f4xx_tim.o(.text)
    TIM_ICStructInit                         0x08002aa7   Thumb Code    18  stm32f4xx_tim.o(.text)
    TIM_PWMIConfig                           0x08002ab9   Thumb Code   124  stm32f4xx_tim.o(.text)
    TIM_GetCapture1                          0x08002b35   Thumb Code     6  stm32f4xx_tim.o(.text)
    TIM_GetCapture2                          0x08002b3b   Thumb Code     6  stm32f4xx_tim.o(.text)
    TIM_GetCapture3                          0x08002b41   Thumb Code     6  stm32f4xx_tim.o(.text)
    TIM_GetCapture4                          0x08002b47   Thumb Code     6  stm32f4xx_tim.o(.text)
    TIM_BDTRConfig                           0x08002b4d   Thumb Code    32  stm32f4xx_tim.o(.text)
    TIM_BDTRStructInit                       0x08002b6d   Thumb Code    18  stm32f4xx_tim.o(.text)
    TIM_CtrlPWMOutputs                       0x08002b7f   Thumb Code    30  stm32f4xx_tim.o(.text)
    TIM_SelectCOM                            0x08002b9d   Thumb Code    24  stm32f4xx_tim.o(.text)
    TIM_CCPreloadControl                     0x08002bb5   Thumb Code    24  stm32f4xx_tim.o(.text)
    TIM_ITConfig                             0x08002bcd   Thumb Code    18  stm32f4xx_tim.o(.text)
    TIM_GenerateEvent                        0x08002bdf   Thumb Code     4  stm32f4xx_tim.o(.text)
    TIM_GetFlagStatus                        0x08002be3   Thumb Code    18  stm32f4xx_tim.o(.text)
    TIM_ClearFlag                            0x08002bf5   Thumb Code     6  stm32f4xx_tim.o(.text)
    TIM_GetITStatus                          0x08002bfb   Thumb Code    34  stm32f4xx_tim.o(.text)
    TIM_ClearITPendingBit                    0x08002c1d   Thumb Code     6  stm32f4xx_tim.o(.text)
    TIM_DMAConfig                            0x08002c23   Thumb Code    10  stm32f4xx_tim.o(.text)
    TIM_DMACmd                               0x08002c2d   Thumb Code    18  stm32f4xx_tim.o(.text)
    TIM_SelectCCDMA                          0x08002c3f   Thumb Code    24  stm32f4xx_tim.o(.text)
    TIM_InternalClockConfig                  0x08002c57   Thumb Code    12  stm32f4xx_tim.o(.text)
    TIM_SelectInputTrigger                   0x08002c63   Thumb Code    18  stm32f4xx_tim.o(.text)
    TIM_ITRxExternalClockConfig              0x08002c75   Thumb Code    24  stm32f4xx_tim.o(.text)
    TIM_TIxExternalClockConfig               0x08002c8d   Thumb Code    62  stm32f4xx_tim.o(.text)
    TIM_ETRConfig                            0x08002ccb   Thumb Code    28  stm32f4xx_tim.o(.text)
    TIM_ETRClockMode1Config                  0x08002ce7   Thumb Code    54  stm32f4xx_tim.o(.text)
    TIM_ETRClockMode2Config                  0x08002d1d   Thumb Code    32  stm32f4xx_tim.o(.text)
    TIM_SelectOutputTrigger                  0x08002d3d   Thumb Code    18  stm32f4xx_tim.o(.text)
    TIM_SelectSlaveMode                      0x08002d4f   Thumb Code    18  stm32f4xx_tim.o(.text)
    TIM_SelectMasterSlaveMode                0x08002d61   Thumb Code    18  stm32f4xx_tim.o(.text)
    TIM_EncoderInterfaceConfig               0x08002d73   Thumb Code    66  stm32f4xx_tim.o(.text)
    TIM_SelectHallSensor                     0x08002db5   Thumb Code    24  stm32f4xx_tim.o(.text)
    TIM_RemapConfig                          0x08002dcd   Thumb Code     6  stm32f4xx_tim.o(.text)
    USART_DeInit                             0x08002dd5   Thumb Code   156  stm32f4xx_usart.o(.text)
    USART_Init                               0x08002e71   Thumb Code   204  stm32f4xx_usart.o(.text)
    USART_StructInit                         0x08002f3d   Thumb Code    24  stm32f4xx_usart.o(.text)
    USART_ClockInit                          0x08002f55   Thumb Code    32  stm32f4xx_usart.o(.text)
    USART_ClockStructInit                    0x08002f75   Thumb Code    12  stm32f4xx_usart.o(.text)
    USART_Cmd                                0x08002f81   Thumb Code    24  stm32f4xx_usart.o(.text)
    USART_SetPrescaler                       0x08002f99   Thumb Code    16  stm32f4xx_usart.o(.text)
    USART_OverSampling8Cmd                   0x08002fa9   Thumb Code    22  stm32f4xx_usart.o(.text)
    USART_OneBitMethodCmd                    0x08002fbf   Thumb Code    24  stm32f4xx_usart.o(.text)
    USART_SendData                           0x08002fd7   Thumb Code     8  stm32f4xx_usart.o(.text)
    USART_ReceiveData                        0x08002fdf   Thumb Code    10  stm32f4xx_usart.o(.text)
    USART_SetAddress                         0x08002fe9   Thumb Code    18  stm32f4xx_usart.o(.text)
    USART_ReceiverWakeUpCmd                  0x08002ffb   Thumb Code    24  stm32f4xx_usart.o(.text)
    USART_WakeUpConfig                       0x08003013   Thumb Code    18  stm32f4xx_usart.o(.text)
    USART_LINBreakDetectLengthConfig         0x08003025   Thumb Code    18  stm32f4xx_usart.o(.text)
    USART_LINCmd                             0x08003037   Thumb Code    24  stm32f4xx_usart.o(.text)
    USART_SendBreak                          0x0800304f   Thumb Code    10  stm32f4xx_usart.o(.text)
    USART_HalfDuplexCmd                      0x08003059   Thumb Code    24  stm32f4xx_usart.o(.text)
    USART_SetGuardTime                       0x08003071   Thumb Code    16  stm32f4xx_usart.o(.text)
    USART_SmartCardCmd                       0x08003081   Thumb Code    24  stm32f4xx_usart.o(.text)
    USART_SmartCardNACKCmd                   0x08003099   Thumb Code    24  stm32f4xx_usart.o(.text)
    USART_IrDAConfig                         0x080030b1   Thumb Code    18  stm32f4xx_usart.o(.text)
    USART_IrDACmd                            0x080030c3   Thumb Code    24  stm32f4xx_usart.o(.text)
    USART_DMACmd                             0x080030db   Thumb Code    18  stm32f4xx_usart.o(.text)
    USART_ITConfig                           0x080030ed   Thumb Code    74  stm32f4xx_usart.o(.text)
    USART_GetFlagStatus                      0x08003137   Thumb Code    26  stm32f4xx_usart.o(.text)
    USART_ClearFlag                          0x08003151   Thumb Code    18  stm32f4xx_usart.o(.text)
    USART_GetITStatus                        0x08003163   Thumb Code   110  stm32f4xx_usart.o(.text)
    USART_ClearITPendingBit                  0x080031d1   Thumb Code    30  stm32f4xx_usart.o(.text)
    RCC_DeInit                               0x080031f1   Thumb Code    60  stm32f4xx_rcc.o(.text)
    RCC_HSEConfig                            0x0800322d   Thumb Code    14  stm32f4xx_rcc.o(.text)
    RCC_GetFlagStatus                        0x0800323b   Thumb Code    60  stm32f4xx_rcc.o(.text)
    RCC_WaitForHSEStartUp                    0x08003277   Thumb Code    56  stm32f4xx_rcc.o(.text)
    RCC_AdjustHSICalibrationValue            0x080032af   Thumb Code    20  stm32f4xx_rcc.o(.text)
    RCC_HSICmd                               0x080032c3   Thumb Code     6  stm32f4xx_rcc.o(.text)
    RCC_LSEConfig                            0x080032c9   Thumb Code    46  stm32f4xx_rcc.o(.text)
    RCC_LSICmd                               0x080032f7   Thumb Code     6  stm32f4xx_rcc.o(.text)
    RCC_PLLConfig                            0x080032fd   Thumb Code    32  stm32f4xx_rcc.o(.text)
    RCC_PLLCmd                               0x0800331d   Thumb Code     6  stm32f4xx_rcc.o(.text)
    RCC_PLLI2SConfig                         0x08003323   Thumb Code    14  stm32f4xx_rcc.o(.text)
    RCC_PLLI2SCmd                            0x08003331   Thumb Code     6  stm32f4xx_rcc.o(.text)
    RCC_ClockSecuritySystemCmd               0x08003337   Thumb Code     6  stm32f4xx_rcc.o(.text)
    RCC_MCO1Config                           0x0800333d   Thumb Code    28  stm32f4xx_rcc.o(.text)
    RCC_MCO2Config                           0x08003359   Thumb Code    28  stm32f4xx_rcc.o(.text)
    RCC_SYSCLKConfig                         0x08003375   Thumb Code    20  stm32f4xx_rcc.o(.text)
    RCC_GetSYSCLKSource                      0x08003389   Thumb Code    12  stm32f4xx_rcc.o(.text)
    RCC_HCLKConfig                           0x08003395   Thumb Code    20  stm32f4xx_rcc.o(.text)
    RCC_PCLK1Config                          0x080033a9   Thumb Code    20  stm32f4xx_rcc.o(.text)
    RCC_PCLK2Config                          0x080033bd   Thumb Code    22  stm32f4xx_rcc.o(.text)
    RCC_GetClocksFreq                        0x080033d3   Thumb Code   222  stm32f4xx_rcc.o(.text)
    RCC_RTCCLKConfig                         0x080034b1   Thumb Code    54  stm32f4xx_rcc.o(.text)
    RCC_RTCCLKCmd                            0x080034e7   Thumb Code     8  stm32f4xx_rcc.o(.text)
    RCC_BackupResetCmd                       0x080034ef   Thumb Code     8  stm32f4xx_rcc.o(.text)
    RCC_I2SCLKConfig                         0x080034f7   Thumb Code     6  stm32f4xx_rcc.o(.text)
    RCC_AHB1PeriphClockCmd                   0x080034fd   Thumb Code    34  stm32f4xx_rcc.o(.text)
    RCC_AHB2PeriphClockCmd                   0x0800351f   Thumb Code    34  stm32f4xx_rcc.o(.text)
    RCC_AHB3PeriphClockCmd                   0x08003541   Thumb Code    34  stm32f4xx_rcc.o(.text)
    RCC_APB1PeriphClockCmd                   0x08003563   Thumb Code    34  stm32f4xx_rcc.o(.text)
    RCC_APB2PeriphClockCmd                   0x08003585   Thumb Code    34  stm32f4xx_rcc.o(.text)
    RCC_AHB1PeriphResetCmd                   0x080035a7   Thumb Code    34  stm32f4xx_rcc.o(.text)
    RCC_AHB2PeriphResetCmd                   0x080035c9   Thumb Code    72  stm32f4xx_rcc.o(.text)
    RCC_AHB3PeriphResetCmd                   0x08003611   Thumb Code    34  stm32f4xx_rcc.o(.text)
    RCC_APB1PeriphResetCmd                   0x08003633   Thumb Code    34  stm32f4xx_rcc.o(.text)
    RCC_APB2PeriphResetCmd                   0x08003655   Thumb Code    34  stm32f4xx_rcc.o(.text)
    RCC_AHB1PeriphClockLPModeCmd             0x08003677   Thumb Code    34  stm32f4xx_rcc.o(.text)
    RCC_AHB2PeriphClockLPModeCmd             0x08003699   Thumb Code    34  stm32f4xx_rcc.o(.text)
    RCC_AHB3PeriphClockLPModeCmd             0x080036bb   Thumb Code    34  stm32f4xx_rcc.o(.text)
    RCC_APB1PeriphClockLPModeCmd             0x080036dd   Thumb Code    34  stm32f4xx_rcc.o(.text)
    RCC_APB2PeriphClockLPModeCmd             0x080036ff   Thumb Code    34  stm32f4xx_rcc.o(.text)
    RCC_ITConfig                             0x08003721   Thumb Code    34  stm32f4xx_rcc.o(.text)
    RCC_ClearFlag                            0x08003743   Thumb Code    18  stm32f4xx_rcc.o(.text)
    RCC_GetITStatus                          0x08003755   Thumb Code    22  stm32f4xx_rcc.o(.text)
    RCC_ClearITPendingBit                    0x0800376b   Thumb Code     8  stm32f4xx_rcc.o(.text)
    SystemInit                               0x08003855   Thumb Code    88  system_stm32f4xx.o(.text)
    SystemCoreClockUpdate                    0x080038ad   Thumb Code   174  system_stm32f4xx.o(.text)
    Reset_Handler                            0x08003989   Thumb Code     8  startup_stm32f4xx.o(.text)
    NMI_Handler                              0x08003991   Thumb Code     2  startup_stm32f4xx.o(.text)
    HardFault_Handler                        0x08003993   Thumb Code     2  startup_stm32f4xx.o(.text)
    MemManage_Handler                        0x08003995   Thumb Code     2  startup_stm32f4xx.o(.text)
    BusFault_Handler                         0x08003997   Thumb Code     2  startup_stm32f4xx.o(.text)
    UsageFault_Handler                       0x08003999   Thumb Code     2  startup_stm32f4xx.o(.text)
    SVC_Handler                              0x0800399b   Thumb Code     2  startup_stm32f4xx.o(.text)
    DebugMon_Handler                         0x0800399d   Thumb Code     2  startup_stm32f4xx.o(.text)
    PendSV_Handler                           0x0800399f   Thumb Code     2  startup_stm32f4xx.o(.text)
    ADC_IRQHandler                           0x080039a3   Thumb Code     0  startup_stm32f4xx.o(.text)
    CAN1_RX0_IRQHandler                      0x080039a3   Thumb Code     0  startup_stm32f4xx.o(.text)
    CAN1_RX1_IRQHandler                      0x080039a3   Thumb Code     0  startup_stm32f4xx.o(.text)
    CAN1_SCE_IRQHandler                      0x080039a3   Thumb Code     0  startup_stm32f4xx.o(.text)
    CAN1_TX_IRQHandler                       0x080039a3   Thumb Code     0  startup_stm32f4xx.o(.text)
    CAN2_RX0_IRQHandler                      0x080039a3   Thumb Code     0  startup_stm32f4xx.o(.text)
    CAN2_RX1_IRQHandler                      0x080039a3   Thumb Code     0  startup_stm32f4xx.o(.text)
    CAN2_SCE_IRQHandler                      0x080039a3   Thumb Code     0  startup_stm32f4xx.o(.text)
    CAN2_TX_IRQHandler                       0x080039a3   Thumb Code     0  startup_stm32f4xx.o(.text)
    CRYP_IRQHandler                          0x080039a3   Thumb Code     0  startup_stm32f4xx.o(.text)
    DCMI_IRQHandler                          0x080039a3   Thumb Code     0  startup_stm32f4xx.o(.text)
    DMA1_Stream0_IRQHandler                  0x080039a3   Thumb Code     0  startup_stm32f4xx.o(.text)
    DMA1_Stream1_IRQHandler                  0x080039a3   Thumb Code     0  startup_stm32f4xx.o(.text)
    DMA1_Stream2_IRQHandler                  0x080039a3   Thumb Code     0  startup_stm32f4xx.o(.text)
    DMA1_Stream3_IRQHandler                  0x080039a3   Thumb Code     0  startup_stm32f4xx.o(.text)
    DMA1_Stream4_IRQHandler                  0x080039a3   Thumb Code     0  startup_stm32f4xx.o(.text)
    DMA1_Stream5_IRQHandler                  0x080039a3   Thumb Code     0  startup_stm32f4xx.o(.text)
    DMA1_Stream6_IRQHandler                  0x080039a3   Thumb Code     0  startup_stm32f4xx.o(.text)
    DMA1_Stream7_IRQHandler                  0x080039a3   Thumb Code     0  startup_stm32f4xx.o(.text)
    DMA2_Stream0_IRQHandler                  0x080039a3   Thumb Code     0  startup_stm32f4xx.o(.text)
    DMA2_Stream1_IRQHandler                  0x080039a3   Thumb Code     0  startup_stm32f4xx.o(.text)
    DMA2_Stream2_IRQHandler                  0x080039a3   Thumb Code     0  startup_stm32f4xx.o(.text)
    DMA2_Stream3_IRQHandler                  0x080039a3   Thumb Code     0  startup_stm32f4xx.o(.text)
    DMA2_Stream4_IRQHandler                  0x080039a3   Thumb Code     0  startup_stm32f4xx.o(.text)
    DMA2_Stream5_IRQHandler                  0x080039a3   Thumb Code     0  startup_stm32f4xx.o(.text)
    DMA2_Stream6_IRQHandler                  0x080039a3   Thumb Code     0  startup_stm32f4xx.o(.text)
    DMA2_Stream7_IRQHandler                  0x080039a3   Thumb Code     0  startup_stm32f4xx.o(.text)
    ETH_IRQHandler                           0x080039a3   Thumb Code     0  startup_stm32f4xx.o(.text)
    ETH_WKUP_IRQHandler                      0x080039a3   Thumb Code     0  startup_stm32f4xx.o(.text)
    EXTI0_IRQHandler                         0x080039a3   Thumb Code     0  startup_stm32f4xx.o(.text)
    EXTI15_10_IRQHandler                     0x080039a3   Thumb Code     0  startup_stm32f4xx.o(.text)
    EXTI1_IRQHandler                         0x080039a3   Thumb Code     0  startup_stm32f4xx.o(.text)
    EXTI2_IRQHandler                         0x080039a3   Thumb Code     0  startup_stm32f4xx.o(.text)
    EXTI3_IRQHandler                         0x080039a3   Thumb Code     0  startup_stm32f4xx.o(.text)
    EXTI4_IRQHandler                         0x080039a3   Thumb Code     0  startup_stm32f4xx.o(.text)
    EXTI9_5_IRQHandler                       0x080039a3   Thumb Code     0  startup_stm32f4xx.o(.text)
    FLASH_IRQHandler                         0x080039a3   Thumb Code     0  startup_stm32f4xx.o(.text)
    FPU_IRQHandler                           0x080039a3   Thumb Code     0  startup_stm32f4xx.o(.text)
    FSMC_IRQHandler                          0x080039a3   Thumb Code     0  startup_stm32f4xx.o(.text)
    HASH_RNG_IRQHandler                      0x080039a3   Thumb Code     0  startup_stm32f4xx.o(.text)
    I2C1_ER_IRQHandler                       0x080039a3   Thumb Code     0  startup_stm32f4xx.o(.text)
    I2C1_EV_IRQHandler                       0x080039a3   Thumb Code     0  startup_stm32f4xx.o(.text)
    I2C2_ER_IRQHandler                       0x080039a3   Thumb Code     0  startup_stm32f4xx.o(.text)
    I2C2_EV_IRQHandler                       0x080039a3   Thumb Code     0  startup_stm32f4xx.o(.text)
    I2C3_ER_IRQHandler                       0x080039a3   Thumb Code     0  startup_stm32f4xx.o(.text)
    I2C3_EV_IRQHandler                       0x080039a3   Thumb Code     0  startup_stm32f4xx.o(.text)
    OTG_FS_IRQHandler                        0x080039a3   Thumb Code     0  startup_stm32f4xx.o(.text)
    OTG_FS_WKUP_IRQHandler                   0x080039a3   Thumb Code     0  startup_stm32f4xx.o(.text)
    OTG_HS_EP1_IN_IRQHandler                 0x080039a3   Thumb Code     0  startup_stm32f4xx.o(.text)
    OTG_HS_EP1_OUT_IRQHandler                0x080039a3   Thumb Code     0  startup_stm32f4xx.o(.text)
    OTG_HS_IRQHandler                        0x080039a3   Thumb Code     0  startup_stm32f4xx.o(.text)
    OTG_HS_WKUP_IRQHandler                   0x080039a3   Thumb Code     0  startup_stm32f4xx.o(.text)
    PVD_IRQHandler                           0x080039a3   Thumb Code     0  startup_stm32f4xx.o(.text)
    RCC_IRQHandler                           0x080039a3   Thumb Code     0  startup_stm32f4xx.o(.text)
    RTC_Alarm_IRQHandler                     0x080039a3   Thumb Code     0  startup_stm32f4xx.o(.text)
    RTC_WKUP_IRQHandler                      0x080039a3   Thumb Code     0  startup_stm32f4xx.o(.text)
    SDIO_IRQHandler                          0x080039a3   Thumb Code     0  startup_stm32f4xx.o(.text)
    SPI1_IRQHandler                          0x080039a3   Thumb Code     0  startup_stm32f4xx.o(.text)
    SPI2_IRQHandler                          0x080039a3   Thumb Code     0  startup_stm32f4xx.o(.text)
    SPI3_IRQHandler                          0x080039a3   Thumb Code     0  startup_stm32f4xx.o(.text)
    TAMP_STAMP_IRQHandler                    0x080039a3   Thumb Code     0  startup_stm32f4xx.o(.text)
    TIM1_BRK_TIM9_IRQHandler                 0x080039a3   Thumb Code     0  startup_stm32f4xx.o(.text)
    TIM1_CC_IRQHandler                       0x080039a3   Thumb Code     0  startup_stm32f4xx.o(.text)
    TIM1_TRG_COM_TIM11_IRQHandler            0x080039a3   Thumb Code     0  startup_stm32f4xx.o(.text)
    TIM1_UP_TIM10_IRQHandler                 0x080039a3   Thumb Code     0  startup_stm32f4xx.o(.text)
    TIM2_IRQHandler                          0x080039a3   Thumb Code     0  startup_stm32f4xx.o(.text)
    TIM3_IRQHandler                          0x080039a3   Thumb Code     0  startup_stm32f4xx.o(.text)
    TIM4_IRQHandler                          0x080039a3   Thumb Code     0  startup_stm32f4xx.o(.text)
    TIM5_IRQHandler                          0x080039a3   Thumb Code     0  startup_stm32f4xx.o(.text)
    TIM6_DAC_IRQHandler                      0x080039a3   Thumb Code     0  startup_stm32f4xx.o(.text)
    TIM7_IRQHandler                          0x080039a3   Thumb Code     0  startup_stm32f4xx.o(.text)
    TIM8_BRK_TIM12_IRQHandler                0x080039a3   Thumb Code     0  startup_stm32f4xx.o(.text)
    TIM8_CC_IRQHandler                       0x080039a3   Thumb Code     0  startup_stm32f4xx.o(.text)
    TIM8_TRG_COM_TIM14_IRQHandler            0x080039a3   Thumb Code     0  startup_stm32f4xx.o(.text)
    TIM8_UP_TIM13_IRQHandler                 0x080039a3   Thumb Code     0  startup_stm32f4xx.o(.text)
    UART4_IRQHandler                         0x080039a3   Thumb Code     0  startup_stm32f4xx.o(.text)
    UART5_IRQHandler                         0x080039a3   Thumb Code     0  startup_stm32f4xx.o(.text)
    USART3_IRQHandler                        0x080039a3   Thumb Code     0  startup_stm32f4xx.o(.text)
    USART6_IRQHandler                        0x080039a3   Thumb Code     0  startup_stm32f4xx.o(.text)
    WWDG_IRQHandler                          0x080039a3   Thumb Code     0  startup_stm32f4xx.o(.text)
    __user_initial_stackheap                 0x080039a5   Thumb Code     0  startup_stm32f4xx.o(.text)
    __2sprintf                               0x080039c9   Thumb Code    38  __2sprintf.o(.text)
    _printf_int_dec                          0x080039f5   Thumb Code   104  _printf_dec.o(.text)
    __printf                                 0x08003a6d   Thumb Code   308  __printf_flags_wp.o(.text)
    strstr                                   0x08003ba5   Thumb Code    36  strstr.o(.text)
    strcpy                                   0x08003bc9   Thumb Code    72  strcpy.o(.text)
    __aeabi_memclr4                          0x08003c11   Thumb Code     0  rt_memclr_w.o(.text)
    __aeabi_memclr8                          0x08003c11   Thumb Code     0  rt_memclr_w.o(.text)
    __rt_memclr_w                            0x08003c11   Thumb Code    78  rt_memclr_w.o(.text)
    _memset_w                                0x08003c15   Thumb Code     0  rt_memclr_w.o(.text)
    strcmp                                   0x08003c61   Thumb Code   128  strcmpv7m.o(.text)
    __use_two_region_memory                  0x08003ce1   Thumb Code     2  heapauxi.o(.text)
    __rt_heap_escrow                         0x08003ce3   Thumb Code     2  heapauxi.o(.text)
    __rt_heap_expand                         0x08003ce5   Thumb Code     2  heapauxi.o(.text)
    __cpp_initialize__aeabi_                 0x08003ce9   Thumb Code    26  init_aeabi.o(.text)
    _printf_int_common                       0x08003d0d   Thumb Code   178  _printf_intcommon.o(.text)
    __lib_sel_fp_printf                      0x08003dbf   Thumb Code     2  _printf_fp_dec.o(.text)
    _printf_fp_dec_real                      0x08003f71   Thumb Code   620  _printf_fp_dec.o(.text)
    _printf_char_common                      0x080041e7   Thumb Code    32  _printf_char_common.o(.text)
    _sputc                                   0x0800420d   Thumb Code    10  _sputc.o(.text)
    __rt_locale                              0x08004219   Thumb Code     8  rt_locale_intlibspace.o(.text)
    __rt_new_handler_addr                    0x08004221   Thumb Code     8  rt_new_handler_addr_intlibspace.o(.text)
    malloc                                   0x08004229   Thumb Code    94  h1_alloc.o(.text)
    free                                     0x08004287   Thumb Code    78  h1_free.o(.text)
    _ll_udiv10                               0x080042d5   Thumb Code   138  lludiv10.o(.text)
    _printf_fp_infnan                        0x08004361   Thumb Code   112  _printf_fp_infnan.o(.text)
    _btod_etento                             0x080043e1   Thumb Code   224  bigflt0.o(.text)
    __default_new_handler()                  0x080044c5   Thumb Code     4  arm_newhandler_noexceptions.o(.text)
    __user_libspace                          0x080044c9   Thumb Code     8  libspace.o(.text)
    __user_perproc_libspace                  0x080044c9   Thumb Code     0  libspace.o(.text)
    __user_perthread_libspace                0x080044c9   Thumb Code     0  libspace.o(.text)
    __user_setup_stackheap                   0x080044d1   Thumb Code    74  sys_stackheap_outer.o(.text)
    __rt_heap_descriptor                     0x0800451d   Thumb Code     8  rt_heap_descriptor_intlibspace.o(.text)
    __use_no_heap                            0x08004525   Thumb Code     2  hguard.o(.text)
    __heap$guard                             0x08004527   Thumb Code     2  hguard.o(.text)
    _terminate_user_alloc                    0x08004529   Thumb Code     2  init_alloc.o(.text)
    _init_user_alloc                         0x0800452b   Thumb Code     2  init_alloc.o(.text)
    __Heap_Full                              0x0800452d   Thumb Code    34  init_alloc.o(.text)
    __Heap_Broken                            0x0800454f   Thumb Code     6  init_alloc.o(.text)
    _init_alloc                              0x08004555   Thumb Code    94  init_alloc.o(.text)
    __Heap_Initialize                        0x080045b3   Thumb Code    10  h1_init.o(.text)
    __Heap_DescSize                          0x080045bd   Thumb Code     4  h1_init.o(.text)
    exit                                     0x080045c1   Thumb Code    18  exit.o(.text)
    std::terminate()                         0x080045d3   Thumb Code    26  arm_exceptions_terminate.o(.text)
    __Heap_ProvideMemory                     0x080045ed   Thumb Code    52  h1_extend.o(.text)
    abort                                    0x08004621   Thumb Code    22  abort.o(.text)
    __rt_SIGRTMEM                            0x08004637   Thumb Code    14  defsig_rtmem_outer.o(.text)
    __cxa_get_globals                        0x0800464b   Thumb Code    62  arm_exceptions_globs.o(.text)
    _sys_exit                                0x08004695   Thumb Code     8  sys_exit.o(.text)
    __I$use$semihosting                      0x080046a1   Thumb Code     0  use_no_semi.o(.text)
    __use_no_semihosting_swi                 0x080046a1   Thumb Code     2  use_no_semi.o(.text)
    __semihosting_library_function           0x080046a3   Thumb Code     0  indicate_semi.o(.text)
    __rt_eh_globals_addr                     0x080046a5   Thumb Code     8  rt_eh_globals_addr_intlibspace.o(.text)
    __sig_exit                               0x080046ad   Thumb Code    10  defsig_exit.o(.text)
    __rt_SIGABRT                             0x080046b7   Thumb Code    14  defsig_abrt_outer.o(.text)
    __rt_SIGRTMEM_inner                      0x080046c5   Thumb Code    22  defsig_rtmem_inner.o(.text)
    __ARM_exceptions_buffer_init             0x08004715   Thumb Code    18  arm_exceptions_mem.o(.text)
    __ARM_exceptions_buffer_allocate         0x08004727   Thumb Code    22  arm_exceptions_mem.o(.text)
    __ARM_exceptions_buffer_free             0x0800473d   Thumb Code    20  arm_exceptions_mem.o(.text)
    __default_signal_display                 0x08004751   Thumb Code    50  defsig_general.o(.text)
    __rt_SIGABRT_inner                       0x08004785   Thumb Code    14  defsig_abrt_inner.o(.text)
    _ttywrch                                 0x080047b5   Thumb Code    14  sys_wrch.o(.text)
    _btod_d2e                                0x080047c3   Thumb Code    62  btod.o(CL$$btod_d2e)
    _d2e_denorm_low                          0x08004801   Thumb Code    70  btod.o(CL$$btod_d2e_denorm_low)
    _d2e_norm_op1                            0x08004847   Thumb Code    96  btod.o(CL$$btod_d2e_norm_op1)
    __btod_div_common                        0x080048a7   Thumb Code   696  btod.o(CL$$btod_div_common)
    _e2e                                     0x08004bdf   Thumb Code   220  btod.o(CL$$btod_e2e)
    _btod_ediv                               0x08004cbb   Thumb Code    42  btod.o(CL$$btod_ediv)
    _btod_emul                               0x08004ce5   Thumb Code    42  btod.o(CL$$btod_emul)
    __btod_mult_common                       0x08004d0f   Thumb Code   580  btod.o(CL$$btod_mult_common)
    std::strstr(char*, const char*)          0x08004f53   Thumb Code    16  at_command.o(i._ZSt6strstrPcPKc)
    operator delete[] (void*)                0x08004f63   Thumb Code     8  array_del.o(i._ZdaPv)
    operator delete (void*)                  0x08004f6b   Thumb Code     8  delete.o(i._ZdlPv)
    operator new[] (unsigned)                0x08004f73   Thumb Code     8  array_new.o(i._Znaj)
    operator new(unsigned)                   0x08004f7d   Thumb Code    34  new.o(i._Znwj)
    __ARM_fpclassify                         0x08004fa5   Thumb Code    48  fpclassify.o(i.__ARM_fpclassify)
    _is_digit                                0x08004fd5   Thumb Code    14  __printf_wp.o(i._is_digit)
    _get_lc_numeric                          0x08004fe5   Thumb Code    44  lc_numeric_c.o(locale$$code)
    __fpl_dretinf                            0x08005011   Thumb Code    12  dretinf.o(x$fpl$dretinf)
    __aeabi_f2d                              0x0800501d   Thumb Code     0  f2d.o(x$fpl$f2d)
    _f2d                                     0x0800501d   Thumb Code    86  f2d.o(x$fpl$f2d)
    __fpl_fnaninf                            0x08005073   Thumb Code   140  fnaninf.o(x$fpl$fnaninf)
    _fp_init                                 0x080050ff   Thumb Code    10  fpinit.o(x$fpl$fpinit)
    __fplib_config_fpu_vfp                   0x08005107   Thumb Code     0  fpinit.o(x$fpl$fpinit)
    __fplib_config_pureend_doubles           0x08005107   Thumb Code     0  fpinit.o(x$fpl$fpinit)
    _printf_fp_dec                           0x08005109   Thumb Code     4  printf1.o(x$fpl$printf1)
    __I$use$fp                               0x0800510c   Number         0  usenofp.o(x$fpl$usenofp)
    Region$$Table$$Base                      0x080051b4   Number         0  anon$$obj.o(Region$$Table)
    Region$$Table$$Limit                     0x080051d4   Number         0  anon$$obj.o(Region$$Table)
    SHT$$INIT_ARRAY$$Base                    0x080051f0   Number         0  main.o(.init_array)
    SHT$$INIT_ARRAY$$Limit                   0x080051f4   Number         0  init_aeabi.o(.init_array)
    time                                     0x20000000   Data           4  main.o(.data)
    s                                        0x20000004   Data           4  main.o(.data)
    s1                                       0x20000008   Data           4  main.o(.data)
    pos                                      0x2000000c   Data           1  main.o(.data)
    pos1                                     0x2000000d   Data           1  main.o(.data)
    mode                                     0x2000000e   Data           1  main.o(.data)
    _read                                    0x2000000f   Data           1  main.o(.data)
    number                                   0x20000010   Data           2  main.o(.data)
    quantity                                 0x20000012   Data           1  main.o(.data)
    SystemCoreClock                          0x20000024   Data           4  system_stm32f4xx.o(.data)
    AHBPrescTable                            0x20000028   Data          16  system_stm32f4xx.o(.data)
    __libspace_start                         0x20000038   Data          96  libspace.o(.bss)
    __temporary_stack_top$libspace           0x20000098   Data           0  libspace.o(.bss)



==============================================================================

Memory Map of the image

  Image Entry point : 0x08000189

  Load Region LR_IROM1 (Base: 0x08000000, Size: 0x0000522c, Max: 0x00100000, ABSOLUTE)

    Execution Region ER_IROM1 (Exec base: 0x08000000, Load base: 0x08000000, Size: 0x000051f4, Max: 0x00100000, ABSOLUTE)

    Exec Addr    Load Addr    Size         Type   Attr      Idx    E Section Name        Object

    0x08000000   0x08000000   0x00000188   Data   RO          515    RESET               startup_stm32f4xx.o
    0x08000188   0x08000188   0x00000008   Code   RO          563  * !!!main             c_w.l(__main.o)
    0x08000190   0x08000190   0x00000034   Code   RO         1107    !!!scatter          c_w.l(__scatter.o)
    0x080001c4   0x080001c4   0x0000001a   Code   RO         1109    !!handler_copy      c_w.l(__scatter_copy.o)
    0x080001de   0x080001de   0x00000002   PAD
    0x080001e0   0x080001e0   0x0000001c   Code   RO         1111    !!handler_zi        c_w.l(__scatter_zi.o)
    0x080001fc   0x080001fc   0x00000000   Code   RO          552    .ARM.Collect$$_printf_percent$$00000000  c_w.l(_printf_percent.o)
    0x080001fc   0x080001fc   0x00000006   Code   RO          551    .ARM.Collect$$_printf_percent$$00000003  c_w.l(_printf_f.o)
    0x08000202   0x08000202   0x00000006   Code   RO          550    .ARM.Collect$$_printf_percent$$00000009  c_w.l(_printf_d.o)
    0x08000208   0x08000208   0x00000004   Code   RO          591    .ARM.Collect$$_printf_percent$$00000017  c_w.l(_printf_percent_end.o)
    0x0800020c   0x0800020c   0x00000002   Code   RO          966    .ARM.Collect$$libinit$$00000000  c_w.l(libinit.o)
    0x0800020e   0x0800020e   0x00000004   Code   RO          592    .ARM.Collect$$libinit$$00000001  c_w.l(libinit2.o)
    0x08000212   0x08000212   0x00000000   Code   RO          595    .ARM.Collect$$libinit$$00000004  c_w.l(libinit2.o)
    0x08000212   0x08000212   0x00000008   Code   RO          596    .ARM.Collect$$libinit$$00000005  c_w.l(libinit2.o)
    0x0800021a   0x0800021a   0x00000000   Code   RO          598    .ARM.Collect$$libinit$$0000000A  c_w.l(libinit2.o)
    0x0800021a   0x0800021a   0x00000000   Code   RO          600    .ARM.Collect$$libinit$$0000000C  c_w.l(libinit2.o)
    0x0800021a   0x0800021a   0x00000000   Code   RO          602    .ARM.Collect$$libinit$$0000000E  c_w.l(libinit2.o)
    0x0800021a   0x0800021a   0x00000006   Code   RO          603    .ARM.Collect$$libinit$$0000000F  c_w.l(libinit2.o)
    0x08000220   0x08000220   0x00000000   Code   RO          605    .ARM.Collect$$libinit$$00000011  c_w.l(libinit2.o)
    0x08000220   0x08000220   0x00000000   Code   RO          607    .ARM.Collect$$libinit$$00000013  c_w.l(libinit2.o)
    0x08000220   0x08000220   0x00000000   Code   RO          609    .ARM.Collect$$libinit$$00000015  c_w.l(libinit2.o)
    0x08000220   0x08000220   0x0000000a   Code   RO          610    .ARM.Collect$$libinit$$00000016  c_w.l(libinit2.o)
    0x0800022a   0x0800022a   0x00000000   Code   RO          611    .ARM.Collect$$libinit$$00000017  c_w.l(libinit2.o)
    0x0800022a   0x0800022a   0x00000000   Code   RO          613    .ARM.Collect$$libinit$$00000019  c_w.l(libinit2.o)
    0x0800022a   0x0800022a   0x00000000   Code   RO          615    .ARM.Collect$$libinit$$0000001B  c_w.l(libinit2.o)
    0x0800022a   0x0800022a   0x00000000   Code   RO          617    .ARM.Collect$$libinit$$0000001D  c_w.l(libinit2.o)
    0x0800022a   0x0800022a   0x00000000   Code   RO          619    .ARM.Collect$$libinit$$0000001F  c_w.l(libinit2.o)
    0x0800022a   0x0800022a   0x00000000   Code   RO          621    .ARM.Collect$$libinit$$00000021  c_w.l(libinit2.o)
    0x0800022a   0x0800022a   0x00000000   Code   RO          623    .ARM.Collect$$libinit$$00000023  c_w.l(libinit2.o)
    0x0800022a   0x0800022a   0x00000000   Code   RO          625    .ARM.Collect$$libinit$$00000025  c_w.l(libinit2.o)
    0x0800022a   0x0800022a   0x00000000   Code   RO          629    .ARM.Collect$$libinit$$0000002C  c_w.l(libinit2.o)
    0x0800022a   0x0800022a   0x00000000   Code   RO          631    .ARM.Collect$$libinit$$0000002E  c_w.l(libinit2.o)
    0x0800022a   0x0800022a   0x00000000   Code   RO          633    .ARM.Collect$$libinit$$00000030  c_w.l(libinit2.o)
    0x0800022a   0x0800022a   0x00000004   Code   RO          634    .ARM.Collect$$libinit$$00000031  c_w.l(libinit2.o)
    0x0800022e   0x0800022e   0x00000000   Code   RO          635    .ARM.Collect$$libinit$$00000032  c_w.l(libinit2.o)
    0x0800022e   0x0800022e   0x00000002   Code   RO          636    .ARM.Collect$$libinit$$00000033  c_w.l(libinit2.o)
    0x08000230   0x08000230   0x00000002   Code   RO         1070    .ARM.Collect$$libshutdown$$00000000  c_w.l(libshutdown.o)
    0x08000232   0x08000232   0x00000000   Code   RO         1072    .ARM.Collect$$libshutdown$$00000002  c_w.l(libshutdown2.o)
    0x08000232   0x08000232   0x00000000   Code   RO         1074    .ARM.Collect$$libshutdown$$00000004  c_w.l(libshutdown2.o)
    0x08000232   0x08000232   0x00000000   Code   RO         1077    .ARM.Collect$$libshutdown$$00000007  c_w.l(libshutdown2.o)
    0x08000232   0x08000232   0x00000000   Code   RO         1080    .ARM.Collect$$libshutdown$$0000000A  c_w.l(libshutdown2.o)
    0x08000232   0x08000232   0x00000000   Code   RO         1082    .ARM.Collect$$libshutdown$$0000000C  c_w.l(libshutdown2.o)
    0x08000232   0x08000232   0x00000000   Code   RO         1085    .ARM.Collect$$libshutdown$$0000000F  c_w.l(libshutdown2.o)
    0x08000232   0x08000232   0x00000002   Code   RO         1086    .ARM.Collect$$libshutdown$$00000010  c_w.l(libshutdown2.o)
    0x08000234   0x08000234   0x00000000   Code   RO          582    .ARM.Collect$$rtentry$$00000000  c_w.l(__rtentry.o)
    0x08000234   0x08000234   0x00000000   Code   RO          666    .ARM.Collect$$rtentry$$00000002  c_w.l(__rtentry2.o)
    0x08000234   0x08000234   0x00000006   Code   RO          678    .ARM.Collect$$rtentry$$00000004  c_w.l(__rtentry4.o)
    0x0800023a   0x0800023a   0x00000000   Code   RO          668    .ARM.Collect$$rtentry$$00000009  c_w.l(__rtentry2.o)
    0x0800023a   0x0800023a   0x00000004   Code   RO          669    .ARM.Collect$$rtentry$$0000000A  c_w.l(__rtentry2.o)
    0x0800023e   0x0800023e   0x00000000   Code   RO          671    .ARM.Collect$$rtentry$$0000000C  c_w.l(__rtentry2.o)
    0x0800023e   0x0800023e   0x00000008   Code   RO          672    .ARM.Collect$$rtentry$$0000000D  c_w.l(__rtentry2.o)
    0x08000246   0x08000246   0x00000002   Code   RO          995    .ARM.Collect$$rtexit$$00000000  c_w.l(rtexit.o)
    0x08000248   0x08000248   0x00000000   Code   RO         1032    .ARM.Collect$$rtexit$$00000002  c_w.l(rtexit2.o)
    0x08000248   0x08000248   0x00000004   Code   RO         1033    .ARM.Collect$$rtexit$$00000003  c_w.l(rtexit2.o)
    0x0800024c   0x0800024c   0x00000006   Code   RO         1034    .ARM.Collect$$rtexit$$00000004  c_w.l(rtexit2.o)
    0x08000252   0x08000252   0x00000002   PAD
    0x08000254   0x08000254   0x00000000   Code   RO          999    .emb_text           c_w.l(maybetermalloc1.o)
    0x08000254   0x08000254   0x00000248   Code   RO            2    .text               25lc256.o
    0x0800049c   0x0800049c   0x00000144   Code   RO          127    .text               at_command.o
    0x080005e0   0x080005e0   0x000002d0   Code   RO          161    .text               ds1307.o
    0x080008b0   0x080008b0   0x00000294   Code   RO          284    .text               function.o
    0x08000b44   0x08000b44   0x000009a8   Code   RO          321    .text               main.o
    0x080014ec   0x080014ec   0x000000e8   Code   RO          361    .text               u_print.o
    0x080015d4   0x080015d4   0x000000e0   Code   RO          378    .text               misc.o
    0x080016b4   0x080016b4   0x0000025c   Code   RO          394    .text               stm32f4xx_gpio.o
    0x08001910   0x08001910   0x00000428   Code   RO          410    .text               stm32f4xx_i2c.o
    0x08001d38   0x08001d38   0x000003f8   Code   RO          426    .text               stm32f4xx_spi.o
    0x08002130   0x08002130   0x00000ca2   Code   RO          442    .text               stm32f4xx_tim.o
    0x08002dd2   0x08002dd2   0x00000002   PAD
    0x08002dd4   0x08002dd4   0x0000041a   Code   RO          458    .text               stm32f4xx_usart.o
    0x080031ee   0x080031ee   0x00000002   PAD
    0x080031f0   0x080031f0   0x00000588   Code   RO          474    .text               stm32f4xx_rcc.o
    0x08003778   0x08003778   0x00000210   Code   RO          492    .text               system_stm32f4xx.o
    0x08003988   0x08003988   0x00000040   Code   RO          516    .text               startup_stm32f4xx.o
    0x080039c8   0x080039c8   0x0000002c   Code   RO          522    .text               c_w.l(__2sprintf.o)
    0x080039f4   0x080039f4   0x00000078   Code   RO          528    .text               c_w.l(_printf_dec.o)
    0x08003a6c   0x08003a6c   0x00000138   Code   RO          542    .text               c_w.l(__printf_flags_wp.o)
    0x08003ba4   0x08003ba4   0x00000024   Code   RO          553    .text               c_w.l(strstr.o)
    0x08003bc8   0x08003bc8   0x00000048   Code   RO          555    .text               c_w.l(strcpy.o)
    0x08003c10   0x08003c10   0x0000004e   Code   RO          557    .text               c_w.l(rt_memclr_w.o)
    0x08003c5e   0x08003c5e   0x00000002   PAD
    0x08003c60   0x08003c60   0x00000080   Code   RO          559    .text               c_w.l(strcmpv7m.o)
    0x08003ce0   0x08003ce0   0x00000006   Code   RO          561    .text               c_w.l(heapauxi.o)
    0x08003ce6   0x08003ce6   0x00000002   PAD
    0x08003ce8   0x08003ce8   0x00000024   Code   RO          568    .text               c_w.l(init_aeabi.o)
    0x08003d0c   0x08003d0c   0x000000b2   Code   RO          583    .text               c_w.l(_printf_intcommon.o)
    0x08003dbe   0x08003dbe   0x0000041e   Code   RO          585    .text               c_w.l(_printf_fp_dec.o)
    0x080041dc   0x080041dc   0x00000030   Code   RO          587    .text               c_w.l(_printf_char_common.o)
    0x0800420c   0x0800420c   0x0000000a   Code   RO          589    .text               c_w.l(_sputc.o)
    0x08004216   0x08004216   0x00000002   PAD
    0x08004218   0x08004218   0x00000008   Code   RO          683    .text               c_w.l(rt_locale_intlibspace.o)
    0x08004220   0x08004220   0x00000008   Code   RO          688    .text               c_w.l(rt_new_handler_addr_intlibspace.o)
    0x08004228   0x08004228   0x0000005e   Code   RO          694    .text               c_w.l(h1_alloc.o)
    0x08004286   0x08004286   0x0000004e   Code   RO          696    .text               c_w.l(h1_free.o)
    0x080042d4   0x080042d4   0x0000008a   Code   RO          752    .text               c_w.l(lludiv10.o)
    0x0800435e   0x0800435e   0x00000002   PAD
    0x08004360   0x08004360   0x00000080   Code   RO          754    .text               c_w.l(_printf_fp_infnan.o)
    0x080043e0   0x080043e0   0x000000e4   Code   RO          758    .text               c_w.l(bigflt0.o)
    0x080044c4   0x080044c4   0x00000004   Code   RO          788    .text               cpprt_w.l(arm_newhandler_noexceptions.o)
    0x080044c8   0x080044c8   0x00000008   Code   RO          919    .text               c_w.l(libspace.o)
    0x080044d0   0x080044d0   0x0000004a   Code   RO          924    .text               c_w.l(sys_stackheap_outer.o)
    0x0800451a   0x0800451a   0x00000002   PAD
    0x0800451c   0x0800451c   0x00000008   Code   RO          929    .text               c_w.l(rt_heap_descriptor_intlibspace.o)
    0x08004524   0x08004524   0x00000004   Code   RO          931    .text               c_w.l(hguard.o)
    0x08004528   0x08004528   0x0000008a   Code   RO          933    .text               c_w.l(init_alloc.o)
    0x080045b2   0x080045b2   0x0000000e   Code   RO          937    .text               c_w.l(h1_init.o)
    0x080045c0   0x080045c0   0x00000012   Code   RO          951    .text               c_w.l(exit.o)
    0x080045d2   0x080045d2   0x0000001a   Code   RO          983    .text               cpprt_w.l(arm_exceptions_terminate.o)
    0x080045ec   0x080045ec   0x00000034   Code   RO         1001    .text               c_w.l(h1_extend.o)
    0x08004620   0x08004620   0x00000016   Code   RO         1005    .text               c_w.l(abort.o)
    0x08004636   0x08004636   0x0000000e   Code   RO         1009    .text               c_w.l(defsig_rtmem_outer.o)
    0x08004644   0x08004644   0x00000050   Code   RO         1023    .text               cpprt_w.l(arm_exceptions_globs.o)
    0x08004694   0x08004694   0x0000000c   Code   RO         1026    .text               c_w.l(sys_exit.o)
    0x080046a0   0x080046a0   0x00000002   Code   RO         1028    .text               c_w.l(use_no_semi.o)
    0x080046a2   0x080046a2   0x00000000   Code   RO         1030    .text               c_w.l(indicate_semi.o)
    0x080046a2   0x080046a2   0x00000002   PAD
    0x080046a4   0x080046a4   0x00000008   Code   RO         1043    .text               c_w.l(rt_eh_globals_addr_intlibspace.o)
    0x080046ac   0x080046ac   0x0000000a   Code   RO         1047    .text               c_w.l(defsig_exit.o)
    0x080046b6   0x080046b6   0x0000000e   Code   RO         1049    .text               c_w.l(defsig_abrt_outer.o)
    0x080046c4   0x080046c4   0x00000050   Code   RO         1053    .text               c_w.l(defsig_rtmem_inner.o)
    0x08004714   0x08004714   0x0000003c   Code   RO         1055    .text               cpprt_w.l(arm_exceptions_mem.o)
    0x08004750   0x08004750   0x00000032   Code   RO         1064    .text               c_w.l(defsig_general.o)
    0x08004782   0x08004782   0x00000002   PAD
    0x08004784   0x08004784   0x00000030   Code   RO         1066    .text               c_w.l(defsig_abrt_inner.o)
    0x080047b4   0x080047b4   0x0000000e   Code   RO         1087    .text               c_w.l(sys_wrch.o)
    0x080047c2   0x080047c2   0x0000003e   Code   RO          761    CL$$btod_d2e        c_w.l(btod.o)
    0x08004800   0x08004800   0x00000046   Code   RO          763    CL$$btod_d2e_denorm_low  c_w.l(btod.o)
    0x08004846   0x08004846   0x00000060   Code   RO          762    CL$$btod_d2e_norm_op1  c_w.l(btod.o)
    0x080048a6   0x080048a6   0x00000338   Code   RO          771    CL$$btod_div_common  c_w.l(btod.o)
    0x08004bde   0x08004bde   0x000000dc   Code   RO          768    CL$$btod_e2e        c_w.l(btod.o)
    0x08004cba   0x08004cba   0x0000002a   Code   RO          765    CL$$btod_ediv       c_w.l(btod.o)
    0x08004ce4   0x08004ce4   0x0000002a   Code   RO          764    CL$$btod_emul       c_w.l(btod.o)
    0x08004d0e   0x08004d0e   0x00000244   Code   RO          770    CL$$btod_mult_common  c_w.l(btod.o)
    0x08004f52   0x08004f52   0x00000010   Code   RO          137    i._ZSt6strstrPcPKc  at_command.o
    0x08004f62   0x08004f62   0x00000008   Code   RO          571    i._ZdaPv            cpprt_w.l(array_del.o)
    0x08004f6a   0x08004f6a   0x00000008   Code   RO          637    i._ZdlPv            cpprt_w.l(delete.o)
    0x08004f72   0x08004f72   0x00000008   Code   RO          574    i._Znaj             cpprt_w.l(array_new.o)
    0x08004f7a   0x08004f7a   0x00000002   PAD
    0x08004f7c   0x08004f7c   0x00000028   Code   RO          640    i._Znwj             cpprt_w.l(new.o)
    0x08004fa4   0x08004fa4   0x00000030   Code   RO          917    i.__ARM_fpclassify  m_wm.l(fpclassify.o)
    0x08004fd4   0x08004fd4   0x0000000e   Code   RO          540    i._is_digit         c_w.l(__printf_wp.o)
    0x08004fe2   0x08004fe2   0x00000002   PAD
    0x08004fe4   0x08004fe4   0x0000002c   Code   RO          784    locale$$code        c_w.l(lc_numeric_c.o)
    0x08005010   0x08005010   0x0000000c   Code   RO          660    x$fpl$dretinf       fz_wm.l(dretinf.o)
    0x0800501c   0x0800501c   0x00000056   Code   RO          578    x$fpl$f2d           fz_wm.l(f2d.o)
    0x08005072   0x08005072   0x0000008c   Code   RO          662    x$fpl$fnaninf       fz_wm.l(fnaninf.o)
    0x080050fe   0x080050fe   0x0000000a   Code   RO          913    x$fpl$fpinit        fz_wm.l(fpinit.o)
    0x08005108   0x08005108   0x00000004   Code   RO          580    x$fpl$printf1       fz_wm.l(printf1.o)
    0x0800510c   0x0800510c   0x00000000   Code   RO          664    x$fpl$usenofp       fz_wm.l(usenofp.o)
    0x0800510c   0x0800510c   0x00000011   Data   RO          543    .constdata          c_w.l(__printf_flags_wp.o)
    0x0800511d   0x0800511d   0x00000003   PAD
    0x08005120   0x08005120   0x00000094   Data   RO          759    .constdata          c_w.l(bigflt0.o)
    0x080051b4   0x080051b4   0x00000020   Data   RO         1105    Region$$Table       anon$$obj.o
    0x080051d4   0x080051d4   0x0000001c   Data   RO          783    locale$$data        c_w.l(lc_numeric_c.o)
    0x080051f0   0x080051f0   0x00000004   Data   RO          324    .init_array         main.o
    0x080051f4   0x080051f0   0x00000000   Data   RO          566    .init_array         c_w.l(init_aeabi.o)


    Execution Region RW_IRAM1 (Exec base: 0x20000000, Load base: 0x080051f4, Size: 0x00000698, Max: 0x00020000, ABSOLUTE)

    Exec Addr    Load Addr    Size         Type   Attr      Idx    E Section Name        Object

    0x20000000   0x080051f4   0x00000013   Data   RW          323    .data               main.o
    0x20000013   0x08005207   0x00000010   Data   RW          475    .data               stm32f4xx_rcc.o
    0x20000023   0x08005217   0x00000001   PAD
    0x20000024   0x08005218   0x00000014   Data   RW          493    .data               system_stm32f4xx.o
    0x20000038        -       0x00000060   Zero   RW          920    .bss                c_w.l(libspace.o)
    0x20000098        -       0x00000200   Zero   RW          514    HEAP                startup_stm32f4xx.o
    0x20000298        -       0x00000400   Zero   RW          513    STACK               startup_stm32f4xx.o


==============================================================================

Image component sizes


      Code (inc. data)   RO Data    RW Data    ZI Data      Debug   Object Name

       584          8          0          0          0     307418   25lc256.o
       340        122          0          0          0       5275   at_command.o
       720         32          0          0          0     291292   ds1307.o
       660         38          0          0          0       2747   function.o
      2472        208          4         19          0      22231   main.o
       224         20          0          0          0       2145   misc.o
        64         26        392          0       1536       1012   startup_stm32f4xx.o
       604         36          0          0          0       4453   stm32f4xx_gpio.o
      1064         26          0          0          0       8571   stm32f4xx_i2c.o
      1416         48          0         16          0      11475   stm32f4xx_rcc.o
      1016         22          0          0          0       7169   stm32f4xx_spi.o
      3234         60          0          0          0      23340   stm32f4xx_tim.o
      1050         26          0          0          0       8184   stm32f4xx_usart.o
       528         46          0         20          0       2339   system_stm32f4xx.o
       232         12          0          0          0       1825   u_print.o

    ----------------------------------------------------------------------
     14212        730        428         56       1536     699476   Object Totals
         0          0         32          0          0          0   (incl. Generated)
         4          0          0          1          0          0   (incl. Padding)

    ----------------------------------------------------------------------

      Code (inc. data)   RO Data    RW Data    ZI Data      Debug   Library Member Name

        44          6          0          0          0         84   __2sprintf.o
         8          0          0          0          0         68   __main.o
       312          4         17          0          0         92   __printf_flags_wp.o
        14          0          0          0          0         68   __printf_wp.o
         0          0          0          0          0          0   __rtentry.o
        12          0          0          0          0          0   __rtentry2.o
         6          0          0          0          0          0   __rtentry4.o
        52          8          0          0          0          0   __scatter.o
        26          0          0          0          0          0   __scatter_copy.o
        28          0          0          0          0          0   __scatter_zi.o
        48          6          0          0          0         96   _printf_char_common.o
         6          0          0          0          0          0   _printf_d.o
       120         16          0          0          0         92   _printf_dec.o
         6          0          0          0          0          0   _printf_f.o
      1054          0          0          0          0        216   _printf_fp_dec.o
       128         16          0          0          0         84   _printf_fp_infnan.o
       178          0          0          0          0         88   _printf_intcommon.o
         0          0          0          0          0          0   _printf_percent.o
         4          0          0          0          0          0   _printf_percent_end.o
        10          0          0          0          0         68   _sputc.o
        22          0          0          0          0         80   abort.o
       228          4        148          0          0         96   bigflt0.o
      1936        128          0          0          0        672   btod.o
        48         34          0          0          0         76   defsig_abrt_inner.o
        14          0          0          0          0         80   defsig_abrt_outer.o
        10          0          0          0          0         68   defsig_exit.o
        50          0          0          0          0         88   defsig_general.o
        80         58          0          0          0         76   defsig_rtmem_inner.o
        14          0          0          0          0         80   defsig_rtmem_outer.o
        18          0          0          0          0         80   exit.o
        94          0          0          0          0         80   h1_alloc.o
        52          0          0          0          0         68   h1_extend.o
        78          0          0          0          0         80   h1_free.o
        14          0          0          0          0         84   h1_init.o
         6          0          0          0          0        152   heapauxi.o
         4          0          0          0          0        136   hguard.o
         0          0          0          0          0          0   indicate_semi.o
        36         10          0          0          0         80   init_aeabi.o
       138          0          0          0          0        168   init_alloc.o
        44         10         28          0          0         76   lc_numeric_c.o
         2          0          0          0          0          0   libinit.o
        34          0          0          0          0          0   libinit2.o
         2          0          0          0          0          0   libshutdown.o
         2          0          0          0          0          0   libshutdown2.o
         8          4          0          0         96         68   libspace.o
       138          0          0          0          0         80   lludiv10.o
         0          0          0          0          0          0   maybetermalloc1.o
         8          4          0          0          0         68   rt_eh_globals_addr_intlibspace.o
         8          4          0          0          0         68   rt_heap_descriptor_intlibspace.o
         8          4          0          0          0         68   rt_locale_intlibspace.o
        78          0          0          0          0         80   rt_memclr_w.o
         8          4          0          0          0         68   rt_new_handler_addr_intlibspace.o
         2          0          0          0          0          0   rtexit.o
        10          0          0          0          0          0   rtexit2.o
       128          0          0          0          0         68   strcmpv7m.o
        72          0          0          0          0         80   strcpy.o
        36          0          0          0          0         80   strstr.o
        12          4          0          0          0         68   sys_exit.o
        74          0          0          0          0         80   sys_stackheap_outer.o
        14          0          0          0          0         76   sys_wrch.o
         2          0          0          0          0         68   use_no_semi.o
        80         12          0          0          0        104   arm_exceptions_globs.o
        60          0          0          0          0        108   arm_exceptions_mem.o
        26          0          0          0          0         76   arm_exceptions_terminate.o
         4          0          0          0          0         68   arm_newhandler_noexceptions.o
         8          0          0          0          0         76   array_del.o
         8          0          0          0          0         76   array_new.o
         8          0          0          0          0         76   delete.o
        40          6          0          0          0         76   new.o
        12          0          0          0          0        116   dretinf.o
        86          4          0          0          0        132   f2d.o
       140          4          0          0          0        132   fnaninf.o
        10          0          0          0          0        116   fpinit.o
         4          0          0          0          0        116   printf1.o
         0          0          0          0          0          0   usenofp.o
        48          0          0          0          0        124   fpclassify.o

    ----------------------------------------------------------------------
      6144        350        196          0         96       5692   Library Totals
        22          0          3          0          0          0   (incl. Padding)

    ----------------------------------------------------------------------

      Code (inc. data)   RO Data    RW Data    ZI Data      Debug   Library Name

      5588        324        193          0         96       4296   c_w.l
       234         18          0          0          0        660   cpprt_w.l
       252          8          0          0          0        612   fz_wm.l
        48          0          0          0          0        124   m_wm.l

    ----------------------------------------------------------------------
      6144        350        196          0         96       5692   Library Totals

    ----------------------------------------------------------------------

==============================================================================


      Code (inc. data)   RO Data    RW Data    ZI Data      Debug   

     20356       1080        624         56       1632     698356   Grand Totals
     20356       1080        624         56       1632     698356   ELF Image Totals
     20356       1080        624         56          0          0   ROM Totals

==============================================================================

    Total RO  Size (Code + RO Data)                20980 (  20.49kB)
    Total RW  Size (RW Data + ZI Data)              1688 (   1.65kB)
    Total ROM Size (Code + RO Data + RW Data)      21036 (  20.54kB)

==============================================================================

