Component: ARM Compiler 5.06 update 5 (build 528) Tool: armlink [4d35e2]

==============================================================================

Section Cross References

    fs.o(i.fs_close) refers to fs.o(i.fs_free) for fs_free
    fs.o(i.fs_free) refers to fs.o(.bss) for fs_memory
    fs.o(i.fs_malloc) refers to fs.o(.bss) for fs_memory
    fs.o(i.fs_open) refers to fs.o(i.fs_malloc) for fs_malloc
    fs.o(i.fs_open) refers to strcmpv7m.o(.text) for strcmp
    fs.o(i.fs_open) refers to fs.o(i.fs_free) for fs_free
    fs.o(i.fs_open) refers to fs.o(.constdata) for file__STM32F4x7LED_html
    fs.o(i.fs_read) refers to rt_memcpy_v6.o(.text) for __aeabi_memcpy
    httpd.o(i.extract_uri_parameters) refers to strchr.o(.text) for strchr
    httpd.o(i.get_tag_insert) refers to strcmpv7m.o(.text) for strcmp
    httpd.o(i.get_tag_insert) refers to strlen.o(.text) for strlen
    httpd.o(i.get_tag_insert) refers to rt_memcpy_w.o(.text) for __aeabi_memcpy4
    httpd.o(i.get_tag_insert) refers to rt_memcpy_v6.o(.text) for __aeabi_memcpy
    httpd.o(i.get_tag_insert) refers to httpd.o(.data) for g_pfnSSIHandler
    httpd.o(i.http_accept) refers to tcp.o(i.tcp_setprio) for tcp_setprio
    httpd.o(i.http_accept) refers to httpd.o(i.http_state_alloc) for http_state_alloc
    httpd.o(i.http_accept) refers to tcp.o(i.tcp_arg) for tcp_arg
    httpd.o(i.http_accept) refers to tcp.o(i.tcp_recv) for tcp_recv
    httpd.o(i.http_accept) refers to tcp.o(i.tcp_err) for tcp_err
    httpd.o(i.http_accept) refers to tcp.o(i.tcp_poll) for tcp_poll
    httpd.o(i.http_accept) refers to tcp.o(i.tcp_sent) for tcp_sent
    httpd.o(i.http_accept) refers to httpd.o(i.http_recv) for http_recv
    httpd.o(i.http_accept) refers to httpd.o(i.http_err) for http_err
    httpd.o(i.http_accept) refers to httpd.o(i.http_poll) for http_poll
    httpd.o(i.http_accept) refers to httpd.o(i.http_sent) for http_sent
    httpd.o(i.http_close_conn) refers to tcp.o(i.tcp_arg) for tcp_arg
    httpd.o(i.http_close_conn) refers to tcp.o(i.tcp_recv) for tcp_recv
    httpd.o(i.http_close_conn) refers to tcp.o(i.tcp_err) for tcp_err
    httpd.o(i.http_close_conn) refers to tcp.o(i.tcp_poll) for tcp_poll
    httpd.o(i.http_close_conn) refers to tcp.o(i.tcp_sent) for tcp_sent
    httpd.o(i.http_close_conn) refers to httpd.o(i.http_state_free) for http_state_free
    httpd.o(i.http_close_conn) refers to tcp.o(i.tcp_close) for tcp_close
    httpd.o(i.http_close_conn) refers to httpd.o(i.http_poll) for http_poll
    httpd.o(i.http_err) refers to httpd.o(i.http_state_free) for http_state_free
    httpd.o(i.http_find_file) refers to fs.o(i.fs_open) for fs_open
    httpd.o(i.http_find_file) refers to httpd.o(i.http_get_404_file) for http_get_404_file
    httpd.o(i.http_find_file) refers to strchr.o(.text) for strchr
    httpd.o(i.http_find_file) refers to strcmpv7m.o(.text) for strcmp
    httpd.o(i.http_find_file) refers to httpd.o(i.extract_uri_parameters) for extract_uri_parameters
    httpd.o(i.http_find_file) refers to strstr.o(.text) for strstr
    httpd.o(i.http_find_file) refers to httpd.o(i.http_init_file) for http_init_file
    httpd.o(i.http_find_file) refers to httpd.o(.constdata) for g_psDefaultFilenames
    httpd.o(i.http_find_file) refers to httpd.o(.data) for g_iNumCGIs
    httpd.o(i.http_get_404_file) refers to fs.o(i.fs_open) for fs_open
    httpd.o(i.http_init_file) refers to httpd.o(i.strnstr) for strnstr
    httpd.o(i.http_parse_request) refers to pbuf.o(i.pbuf_cat) for pbuf_cat
    httpd.o(i.http_parse_request) refers to pbuf.o(i.pbuf_copy_partial) for pbuf_copy_partial
    httpd.o(i.http_parse_request) refers to httpd.o(i.strnstr) for strnstr
    httpd.o(i.http_parse_request) refers to strncmp.o(.text) for strncmp
    httpd.o(i.http_parse_request) refers to httpd.o(i.http_find_file) for http_find_file
    httpd.o(i.http_parse_request) refers to pbuf.o(i.pbuf_clen) for pbuf_clen
    httpd.o(i.http_parse_request) refers to httpd.o(.bss) for httpd_req_buf
    httpd.o(i.http_poll) refers to httpd.o(i.http_close_conn) for http_close_conn
    httpd.o(i.http_poll) refers to httpd.o(i.http_send_data) for http_send_data
    httpd.o(i.http_poll) refers to tcp_out.o(i.tcp_output) for tcp_output
    httpd.o(i.http_recv) refers to tcp.o(i.tcp_recved) for tcp_recved
    httpd.o(i.http_recv) refers to pbuf.o(i.pbuf_free) for pbuf_free
    httpd.o(i.http_recv) refers to httpd.o(i.http_close_conn) for http_close_conn
    httpd.o(i.http_recv) refers to httpd.o(i.http_parse_request) for http_parse_request
    httpd.o(i.http_recv) refers to httpd.o(i.http_send_data) for http_send_data
    httpd.o(i.http_send_data) refers to httpd.o(i.http_close_conn) for http_close_conn
    httpd.o(i.http_send_data) refers to fs.o(i.fs_bytes_left) for fs_bytes_left
    httpd.o(i.http_send_data) refers to mem.o(i.mem_malloc) for mem_malloc
    httpd.o(i.http_send_data) refers to fs.o(i.fs_read) for fs_read
[...]
    NVIC_Init                                0x080030c5   Thumb Code   106  misc.o(i.NVIC_Init)
    OpenDoor                                 0x0800313d   Thumb Code    60  function.o(i.OpenDoor)
    PendSV_Handler                           0x0800317d   Thumb Code     2  stm32f4xx_it.o(i.PendSV_Handler)
    RCC_AHB1PeriphClockCmd                   0x08003181   Thumb Code    26  stm32f4xx_rcc.o(i.RCC_AHB1PeriphClockCmd)
    RCC_AHB1PeriphResetCmd                   0x080031a1   Thumb Code    26  stm32f4xx_rcc.o(i.RCC_AHB1PeriphResetCmd)
    RCC_AHB3PeriphClockCmd                   0x080031c1   Thumb Code    26  stm32f4xx_rcc.o(i.RCC_AHB3PeriphClockCmd)
    RCC_APB1PeriphClockCmd                   0x080031e1   Thumb Code    26  stm32f4xx_rcc.o(i.RCC_APB1PeriphClockCmd)
    RCC_APB2PeriphClockCmd                   0x08003201   Thumb Code    26  stm32f4xx_rcc.o(i.RCC_APB2PeriphClockCmd)
    RCC_GetClocksFreq                        0x08003221   Thumb Code   214  stm32f4xx_rcc.o(i.RCC_GetClocksFreq)
    SPI_Cmd                                  0x08003309   Thumb Code    24  stm32f4xx_spi.o(i.SPI_Cmd)
    SPI_I2S_GetFlagStatus                    0x08003321   Thumb Code    18  stm32f4xx_spi.o(i.SPI_I2S_GetFlagStatus)
    SPI_I2S_ReceiveData                      0x08003333   Thumb Code     6  stm32f4xx_spi.o(i.SPI_I2S_ReceiveData)
    SPI_I2S_SendData                         0x08003339   Thumb Code     4  stm32f4xx_spi.o(i.SPI_I2S_SendData)
    SPI_Init                                 0x0800333d   Thumb Code    60  stm32f4xx_spi.o(i.SPI_Init)
    SPI_ReadWrite                            0x08003379   Thumb Code    50  25lc256_1.o(i.SPI_ReadWrite)
    STM32f4_Discovery_LCD_Init               0x080033b1   Thumb Code   344  stm32f4_discovery_lcd.o(i.STM32f4_Discovery_LCD_Init)
    STM_EVAL_LEDOff                          0x08003511   Thumb Code    16  stm32f4_discovery.o(i.STM_EVAL_LEDOff)
    STM_EVAL_LEDOn                           0x08003529   Thumb Code    16  stm32f4_discovery.o(i.STM_EVAL_LEDOn)
    SVC_Handler                              0x08003541   Thumb Code     2  stm32f4xx_it.o(i.SVC_Handler)
    SYSCFG_ETH_MediaInterfaceConfig          0x08003545   Thumb Code     6  stm32f4xx_syscfg.o(i.SYSCFG_ETH_MediaInterfaceConfig)
    SysTick_CLKSourceConfig                  0x0800361d   Thumb Code    40  misc.o(i.SysTick_CLKSourceConfig)
    SysTick_Handler                          0x08003645   Thumb Code     8  stm32f4xx_it.o(i.SysTick_Handler)
    SystemInit                               0x0800364d   Thumb Code    88  system_stm32f4xx_1.o(i.SystemInit)
    TIM4_IRQHandler                          0x080036b5   Thumb Code    32  main.o(i.TIM4_IRQHandler)
    TIM_ClearITPendingBit                    0x080036dd   Thumb Code     6  stm32f4xx_tim.o(i.TIM_ClearITPendingBit)
    TIM_Cmd                                  0x080036e3   Thumb Code    24  stm32f4xx_tim.o(i.TIM_Cmd)
    TIM_GetITStatus                          0x080036fb   Thumb Code    34  stm32f4xx_tim.o(i.TIM_GetITStatus)
    TIM_ITConfig                             0x0800371d   Thumb Code    18  stm32f4xx_tim.o(i.TIM_ITConfig)
    TIM_TimeBaseInit                         0x08003731   Thumb Code   104  stm32f4xx_tim.o(i.TIM_TimeBaseInit)
    Time_Update                              0x080037b5   Thumb Code    12  main.o(i.Time_Update)
    USART1_IRQHandler                        0x080037c5   Thumb Code    96  main.o(i.USART1_IRQHandler)
    USART2_IRQHandler                        0x0800383d   Thumb Code   128  main.o(i.USART2_IRQHandler)
    USART_ClearFlag                          0x080038dd   Thumb Code    18  stm32f4xx_usart.o(i.USART_ClearFlag)
    USART_Cmd                                0x080038ef   Thumb Code    24  stm32f4xx_usart.o(i.USART_Cmd)
    USART_GetFlagStatus                      0x08003907   Thumb Code    26  stm32f4xx_usart.o(i.USART_GetFlagStatus)
    USART_GetITStatus                        0x08003921   Thumb Code    84  stm32f4xx_usart.o(i.USART_GetITStatus)
    USART_ITConfig                           0x08003975   Thumb Code    74  stm32f4xx_usart.o(i.USART_ITConfig)
    USART_Init                               0x080039c1   Thumb Code   204  stm32f4xx_usart.o(i.USART_Init)
    USART_ReceiveData                        0x08003a95   Thumb Code    10  stm32f4xx_usart.o(i.USART_ReceiveData)
    USART_SendData                           0x08003a9f   Thumb Code     8  stm32f4xx_usart.o(i.USART_SendData)
    U_Print                                  0x08003aa9   Thumb Code    74  u_print.o(i.U_Print)
    U_Print_Char                             0x08003af9   Thumb Code    48  u_print.o(i.U_Print_Char)
    UsageFault_Handler                       0x08003b29   Thumb Code     4  stm32f4xx_it.o(i.UsageFault_Handler)
    std::strstr(char*, const char*)          0x08003b2d   Thumb Code    16  at_command.o(i._ZSt6strstrPcPKc)
    operator new[] (unsigned)                0x08003b3d   Thumb Code     8  array_new.o(i._Znaj)
    operator new(unsigned)                   0x08003b45   Thumb Code    34  new.o(i._Znwj)
    _is_digit                                0x08003b6d   Thumb Code    14  __printf_wp.o(i._is_digit)
    autoip_arp_reply                         0x08003ba9   Thumb Code   176  autoip.o(i.autoip_arp_reply)
    autoip_start                             0x08003ceb   Thumb Code    96  autoip.o(i.autoip_start)
    dhcp_arp_reply                           0x08003dbd   Thumb Code    46  dhcp.o(i.dhcp_arp_reply)
    etharp_arp_input                         0x080040a5   Thumb Code   340  etharp.o(i.etharp_arp_input)
    etharp_ip_input                          0x080041fd   Thumb Code    60  etharp.o(i.etharp_ip_input)
    etharp_output                            0x08004239   Thumb Code   190  etharp.o(i.etharp_output)
    etharp_query                             0x080042fd   Thumb Code   386  etharp.o(i.etharp_query)
    etharp_raw                               0x08004485   Thumb Code   212  etharp.o(i.etharp_raw)
    etharp_request                           0x0800455d   Thumb Code    36  etharp.o(i.etharp_request)
    etharp_tmr                               0x080045cd   Thumb Code   154  etharp.o(i.etharp_tmr)
    ethernet_input                           0x0800466d   Thumb Code   108  etharp.o(i.ethernet_input)
    ethernetif_init                          0x080046d9   Thumb Code    38  ethernetif.o(i.ethernetif_init)
    ethernetif_input                         0x08004709   Thumb Code    44  ethernetif.o(i.ethernetif_input)
    fputc                                    0x080049a1   Thumb Code    26  fputc.o(i.fputc)
    fs_bytes_left                            0x080049e5   Thumb Code    10  fs.o(i.fs_bytes_left)
    fs_close                                 0x080049ef   Thumb Code    12  fs.o(i.fs_close)
    fs_open                                  0x08004a6d   Thumb Code    70  fs.o(i.fs_open)
    fs_read                                  0x08004ab9   Thumb Code    62  fs.o(i.fs_read)
    htonl                                    0x08004bd5   Thumb Code    26  inet.o(i.htonl)
    htons                                    0x08004bef   Thumb Code    12  inet.o(i.htons)
    http_set_cgi_handlers                    0x08005639   Thumb Code    18  httpd.o(i.http_set_cgi_handlers)
    http_set_ssi_handler                     0x08005655   Thumb Code    26  httpd.o(i.http_set_ssi_handler)
    httpd_cgi_init                           0x08005715   Thumb Code    20  httpd_cgi_ssi.o(i.httpd_cgi_init)
    httpd_init                               0x08005731   Thumb Code    18  httpd.o(i.httpd_init)
    httpd_ssi_init                           0x08005795   Thumb Code    16  httpd_cgi_ssi.o(i.httpd_ssi_init)
    icmp_dest_unreach                        0x080057ad   Thumb Code    18  icmp.o(i.icmp_dest_unreach)
    icmp_input                               0x080057bf   Thumb Code   368  icmp.o(i.icmp_input)
    icmp_time_exceeded                       0x0800599b   Thumb Code    18  icmp.o(i.icmp_time_exceeded)
    inet_chksum                              0x080059ad   Thumb Code    20  inet_chksum.o(i.inet_chksum)
    inet_chksum_pbuf                         0x080059c1   Thumb Code    86  inet_chksum.o(i.inet_chksum_pbuf)
    ip_addr_isbroadcast                      0x08005a17   Thumb Code    78  ip_addr.o(i.ip_addr_isbroadcast)
    ip_frag                                  0x08005a65   Thumb Code   326  ip_frag.o(i.ip_frag)
    ip_input                                 0x08005bb1   Thumb Code   446  ip.o(i.ip_input)
    ip_output                                0x08005d7d   Thumb Code    52  ip.o(i.ip_output)
    ip_output_if                             0x08005db1   Thumb Code   246  ip.o(i.ip_output_if)
    ip_reass                                 0x08005ead   Thumb Code   400  ip_frag.o(i.ip_reass)
    ip_route                                 0x08006331   Thumb Code    70  ip.o(i.ip_route)
    main                                     0x08006531   Thumb Code  1224  main.o(i.main)
    mem_free                                 0x08006a19   Thumb Code    68  mem.o(i.mem_free)
    mem_init                                 0x08006a69   Thumb Code    80  mem.o(i.mem_init)
    mem_malloc                               0x08006acd   Thumb Code   228  mem.o(i.mem_malloc)
    mem_realloc                              0x08006bbd   Thumb Code   288  mem.o(i.mem_realloc)
    memp_free                                0x08006ce9   Thumb Code    28  memp.o(i.memp_free)
    memp_init                                0x08006d09   Thumb Code    82  memp.o(i.memp_init)
    memp_malloc                              0x08006d6d   Thumb Code    40  memp.o(i.memp_malloc)
    netif_add                                0x08006d99   Thumb Code   100  netif.o(i.netif_add)
    netif_is_up                              0x08006e05   Thumb Code    12  netif.o(i.netif_is_up)
    netif_set_addr                           0x08006e11   Thumb Code    40  netif.o(i.netif_set_addr)
    netif_set_default                        0x08006e39   Thumb Code     6  netif.o(i.netif_set_default)
    netif_set_down                           0x08006e45   Thumb Code    24  netif.o(i.netif_set_down)
    netif_set_gw                             0x08006e5d   Thumb Code    12  netif.o(i.netif_set_gw)
    netif_set_ipaddr                         0x08006e69   Thumb Code   110  netif.o(i.netif_set_ipaddr)
    netif_set_netmask                        0x08006ee1   Thumb Code    12  netif.o(i.netif_set_netmask)
    netif_set_up                             0x08006eed   Thumb Code    44  netif.o(i.netif_set_up)
    ntohl                                    0x08006f19   Thumb Code    12  inet.o(i.ntohl)
    ntohs                                    0x08006f25   Thumb Code    12  inet.o(i.ntohs)
    pbuf_alloc                               0x08006f31   Thumb Code   414  pbuf.o(i.pbuf_alloc)
    pbuf_cat                                 0x080070cf   Thumb Code    56  pbuf.o(i.pbuf_cat)
    pbuf_chain                               0x08007107   Thumb Code    22  pbuf.o(i.pbuf_chain)
    pbuf_clen                                0x0800711d   Thumb Code    18  pbuf.o(i.pbuf_clen)
    pbuf_copy                                0x0800712f   Thumb Code   182  pbuf.o(i.pbuf_copy)
    pbuf_copy_partial                        0x080071e5   Thumb Code   146  pbuf.o(i.pbuf_copy_partial)
    pbuf_free                                0x08007277   Thumb Code   110  pbuf.o(i.pbuf_free)
    pbuf_header                              0x080072e5   Thumb Code   126  pbuf.o(i.pbuf_header)
    pbuf_realloc                             0x08007363   Thumb Code   120  pbuf.o(i.pbuf_realloc)
    pbuf_ref                                 0x080073db   Thumb Code    10  pbuf.o(i.pbuf_ref)
    raw_input                                0x0800746d   Thumb Code   100  raw.o(i.raw_input)
    tcp_abandon                              0x08007521   Thumb Code   148  tcp.o(i.tcp_abandon)
    tcp_accept                               0x080075bd   Thumb Code     4  tcp.o(i.tcp_accept)
    tcp_alloc                                0x080075c9   Thumb Code   170  tcp.o(i.tcp_alloc)
    tcp_arg                                  0x08007681   Thumb Code     4  tcp.o(i.tcp_arg)
    tcp_bind                                 0x08007685   Thumb Code   228  tcp.o(i.tcp_bind)
    tcp_close                                0x08007779   Thumb Code   234  tcp.o(i.tcp_close)
    tcp_echoserver_init                      0x08007935   Thumb Code    74  tcp_echoserver.o(i.tcp_echoserver_init)
    tcp_eff_send_mss                         0x08007b91   Thumb Code    46  tcp.o(i.tcp_eff_send_mss)
    tcp_enqueue                              0x08007bbf   Thumb Code  1014  tcp_out.o(i.tcp_enqueue)
    tcp_err                                  0x08007fb5   Thumb Code     6  tcp.o(i.tcp_err)
    tcp_fasttmr                              0x08007fbd   Thumb Code   114  tcp.o(i.tcp_fasttmr)
    tcp_input                                0x08008035   Thumb Code  1120  tcp_in.o(i.tcp_input)
    tcp_keepalive                            0x080084a1   Thumb Code    82  tcp_out.o(i.tcp_keepalive)
    tcp_listen_with_backlog                  0x080086bd   Thumb Code   192  tcp.o(i.tcp_listen_with_backlog)
    tcp_new                                  0x0800878d   Thumb Code    10  tcp.o(i.tcp_new)
    tcp_next_iss                             0x08008811   Thumb Code    20  tcp.o(i.tcp_next_iss)
    tcp_output                               0x0800882d   Thumb Code   474  tcp_out.o(i.tcp_output)
    tcp_pcb_purge                            0x08008c1d   Thumb Code    54  tcp.o(i.tcp_pcb_purge)
    tcp_pcb_remove                           0x08008c55   Thumb Code   146  tcp.o(i.tcp_pcb_remove)
    tcp_poll                                 0x08008ced   Thumb Code    10  tcp.o(i.tcp_poll)
    tcp_recv                                 0x080098ad   Thumb Code     6  tcp.o(i.tcp_recv)
    tcp_recv_null                            0x080098b3   Thumb Code    46  tcp.o(i.tcp_recv_null)
    tcp_recved                               0x080098e1   Thumb Code    70  tcp.o(i.tcp_recved)
    tcp_rexmit                               0x08009927   Thumb Code    80  tcp_out.o(i.tcp_rexmit)
    tcp_rexmit_fast                          0x08009977   Thumb Code   114  tcp_out.o(i.tcp_rexmit_fast)
    tcp_rexmit_rto                           0x080099e9   Thumb Code    58  tcp_out.o(i.tcp_rexmit_rto)
    tcp_rst                                  0x08009a23   Thumb Code   170  tcp_out.o(i.tcp_rst)
    tcp_seg_free                             0x08009acd   Thumb Code    32  tcp.o(i.tcp_seg_free)
    tcp_segs_free                            0x08009aed   Thumb Code    30  tcp.o(i.tcp_segs_free)
    tcp_send_ctrl                            0x08009b0b   Thumb Code    28  tcp_out.o(i.tcp_send_ctrl)
    tcp_send_empty_ack                       0x08009b27   Thumb Code    94  tcp_out.o(i.tcp_send_empty_ack)
    tcp_sent                                 0x08009b85   Thumb Code     6  tcp.o(i.tcp_sent)
    tcp_setprio                              0x08009b8b   Thumb Code     4  tcp.o(i.tcp_setprio)
    tcp_slowtmr                              0x08009b91   Thumb Code   712  tcp.o(i.tcp_slowtmr)
    tcp_tmr                                  0x08009f25   Thumb Code    30  tcp.o(i.tcp_tmr)
    tcp_update_rcv_ann_wnd                   0x08009f49   Thumb Code    72  tcp.o(i.tcp_update_rcv_ann_wnd)
    tcp_write                                0x08009f91   Thumb Code    72  tcp_out.o(i.tcp_write)
    tcp_zero_window_probe                    0x08009fd9   Thumb Code   168  tcp_out.o(i.tcp_zero_window_probe)
    udp_bind                                 0x0800a081   Thumb Code   106  udp.o(i.udp_bind)
    udp_input                                0x0800a0f1   Thumb Code   452  udp.o(i.udp_input)
    udp_sendto_if                            0x0800a2b9   Thumb Code   202  udp.o(i.udp_sendto_if)
    __aeabi_d2uiz                            0x0800a471   Thumb Code     0  dfixu.o(x$fpl$dfixu)
    _dfixu                                   0x0800a471   Thumb Code    90  dfixu.o(x$fpl$dfixu)
    __aeabi_ui2d                             0x0800a4cb   Thumb Code     0  dflt_clz.o(x$fpl$dfltu)
    _dfltu                                   0x0800a4cb   Thumb Code    38  dflt_clz.o(x$fpl$dfltu)
    __aeabi_dmul                             0x0800a4f1   Thumb Code     0  dmul.o(x$fpl$dmul)
    _dmul                                    0x0800a4f1   Thumb Code   332  dmul.o(x$fpl$dmul)
    __fpl_dnaninf                            0x0800a645   Thumb Code   156  dnaninf.o(x$fpl$dnaninf)
    __fpl_dretinf                            0x0800a6e1   Thumb Code    12  dretinf.o(x$fpl$dretinf)
    _fp_init                                 0x0800a6ed   Thumb Code    10  fpinit.o(x$fpl$fpinit)
    __fplib_config_fpu_vfp                   0x0800a6f5   Thumb Code     0  fpinit.o(x$fpl$fpinit)
    __fplib_config_pureend_doubles           0x0800a6f5   Thumb Code     0  fpinit.o(x$fpl$fpinit)
    __I$use$fp                               0x0800a6f6   Number         0  usenofp.o(x$fpl$usenofp)
    file__STM32F4x7_files_logo_jpg           0x08017210   Data          20  fs.o(.constdata)
    file__STM32F4x7_files_ST_gif             0x08017224   Data          20  fs.o(.constdata)
    file__STM32F4x7_files_stm32_jpg          0x08017238   Data          20  fs.o(.constdata)
    file__404_html                           0x0801724c   Data          20  fs.o(.constdata)
    file__index_html                         0x08017260   Data          20  fs.o(.constdata)
    file__STM32F4x7ADC_shtml                 0x08017274   Data          20  fs.o(.constdata)
    file__STM32F4x7LED_html                  0x08017288   Data          20  fs.o(.constdata)
    g_psDefaultFilenames                     0x0801729c   Data          40  httpd.o(.constdata)
    g_pcTagLeadIn                            0x080172c4   Data           4  httpd.o(.constdata)
    g_pcTagLeadOut                           0x080172c8   Data           4  httpd.o(.constdata)
    LEDS_CGI                                 0x080172cc   Data           8  httpd_cgi_ssi.o(.constdata)
    ASCII16x24_Table                         0x080172d4   Data        4560  stm32f4_discovery_lcd.o(.constdata)
    ASCII12x12_Table                         0x080184a4   Data        2304  stm32f4_discovery_lcd.o(.constdata)
    ASCII8x12_Table                          0x08018da4   Data        2304  stm32f4_discovery_lcd.o(.constdata)
    ASCII8x8_Table                           0x080196a4   Data        1536  stm32f4_discovery_lcd.o(.constdata)
    GPIO_PIN                                 0x08019ca4   Data           8  stm32f4_discovery.o(.constdata)
    GPIO_CLK                                 0x08019cac   Data          16  stm32f4_discovery.o(.constdata)
    BUTTON_PIN                               0x08019cbc   Data           2  stm32f4_discovery.o(.constdata)
    BUTTON_CLK                               0x08019cc0   Data           4  stm32f4_discovery.o(.constdata)
    BUTTON_EXTI_LINE                         0x08019cc4   Data           2  stm32f4_discovery.o(.constdata)
    BUTTON_PORT_SOURCE                       0x08019cc6   Data           1  stm32f4_discovery.o(.constdata)
    BUTTON_PIN_SOURCE                        0x08019cc7   Data           1  stm32f4_discovery.o(.constdata)
    BUTTON_IRQn                              0x08019cc8   Data           1  stm32f4_discovery.o(.constdata)
    COM_USART_CLK                            0x08019ccc   Data           8  stm32f4_discovery.o(.constdata)
    COM_TX_PORT_CLK                          0x08019cd4   Data           8  stm32f4_discovery.o(.constdata)
    COM_RX_PORT_CLK                          0x08019cdc   Data           8  stm32f4_discovery.o(.constdata)
    COM_TX_PIN                               0x08019ce4   Data           4  stm32f4_discovery.o(.constdata)
    COM_RX_PIN                               0x08019ce8   Data           4  stm32f4_discovery.o(.constdata)
    COM_TX_PIN_SOURCE                        0x08019cec   Data           4  stm32f4_discovery.o(.constdata)
    COM_RX_PIN_SOURCE                        0x08019cf0   Data           4  stm32f4_discovery.o(.constdata)
    COM_TX_AF                                0x08019cf4   Data           4  stm32f4_discovery.o(.constdata)
    COM_RX_AF                                0x08019cf8   Data           4  stm32f4_discovery.o(.constdata)
    tcp_backoff                              0x08019d20   Data          13  tcp.o(.constdata)
    tcp_persist_backoff                      0x08019d2d   Data           7  tcp.o(.constdata)
    ip_addr_any                              0x08019d34   Data           4  ip_addr.o(.constdata)
    ip_addr_broadcast                        0x08019d38   Data           4  ip_addr.o(.constdata)
    ethbroadcast                             0x08019d3c   Data           6  etharp.o(.constdata)
    ethzero                                  0x08019d42   Data           6  etharp.o(.constdata)
    __stdin_name                             0x08019d59   Data           4  sys_io.o(.constdata)
    __stdout_name                            0x08019d5d   Data           4  sys_io.o(.constdata)
    __stderr_name                            0x08019d61   Data           4  sys_io.o(.constdata)
    Region$$Table$$Base                      0x08019e5c   Number         0  anon$$obj.o(Region$$Table)
    Region$$Table$$Limit                     0x08019e7c   Number         0  anon$$obj.o(Region$$Table)
    g_pcSSIExtensions                        0x20000000   Data          16  httpd.o(.data)
    g_pfnSSIHandler                          0x20000010   Data           4  httpd.o(.data)
    g_iNumTags                               0x20000014   Data           4  httpd.o(.data)
    g_ppcTags                                0x20000018   Data           4  httpd.o(.data)
    g_pCGIs                                  0x2000001c   Data           4  httpd.o(.data)
    g_iNumCGIs                               0x20000020   Data           4  httpd.o(.data)
    ADC_Page_SSI_Handler                     0x20000024   Data           4  httpd_cgi_ssi.o(.data)
    ADC_not_configured                       0x20000028   Data           4  httpd_cgi_ssi.o(.data)
    TAGCHAR                                  0x2000002c   Data           4  httpd_cgi_ssi.o(.data)
    TAGS                                     0x20000030   Data           4  httpd_cgi_ssi.o(.data)
    CGI_TAB                                  0x20000034   Data           8  httpd_cgi_ssi.o(.data)
    LocalTime                                0x2000003c   Data           4  main.o(.data)
    timingdelay                              0x20000040   Data           4  main.o(.data)
    k                                        0x20000044   Data           4  main.o(.data)
    quantity                                 0x20000048   Data           1  main.o(.data)
    time                                     0x2000004c   Data           4  main.o(.data)
    mode                                     0x20000050   Data           1  main.o(.data)
    _read                                    0x20000051   Data           1  main.o(.data)
    number                                   0x20000052   Data           2  main.o(.data)
    conn_use                                 0x20000054   Data           1  main.o(.data)
    pos                                      0x20000055   Data           1  main.o(.data)
    pos1                                     0x20000056   Data           1  main.o(.data)
    TCPTimer                                 0x20000058   Data           4  netconf.o(.data)
    ARPTimer                                 0x2000005c   Data           4  netconf.o(.data)
    IPaddress                                0x20000060   Data           4  netconf.o(.data)
    EthInitStatus                            0x20000064   Data           4  stm32f4x7_eth_bsp.o(.data)
    EthLinkStatus                            0x20000068   Data           1  stm32f4x7_eth_bsp.o(.data)
    tcp_for_global                           0x20000070   Data           4  tcp_echoserver.o(.data)
    Font16x24                                0x20000074   Data           8  stm32f4_discovery_lcd.o(.data)
    Font12x12                                0x2000007c   Data           8  stm32f4_discovery_lcd.o(.data)
    Font8x12                                 0x20000084   Data           8  stm32f4_discovery_lcd.o(.data)
    Font8x8                                  0x2000008c   Data           8  stm32f4_discovery_lcd.o(.data)
    GPIO_PORT                                0x2000009c   Data          16  stm32f4_discovery.o(.data)
    BUTTON_PORT                              0x200000ac   Data           4  stm32f4_discovery.o(.data)
    COM_USART                                0x200000b0   Data           8  stm32f4_discovery.o(.data)
    COM_TX_PORT                              0x200000b8   Data           8  stm32f4_discovery.o(.data)
    COM_RX_PORT                              0x200000c0   Data           8  stm32f4_discovery.o(.data)
    NVIC_InitStructure                       0x200000c8   Data           4  stm32f4_discovery.o(.data)
    DMATxDescToSet                           0x200000dc   Data           4  stm32f4x7_eth.o(.data)
    DMARxDescToGet                           0x200000e0   Data           4  stm32f4x7_eth.o(.data)
    DMA_RX_FRAME_infos                       0x200000e4   Data           4  stm32f4x7_eth.o(.data)
    Frame_Rx_index                           0x200000e8   Data           4  stm32f4x7_eth.o(.data)
    netif_list                               0x20000100   Data           4  netif.o(.data)
    netif_default                            0x20000104   Data           4  netif.o(.data)
    tcp_state_str                            0x20000110   Data          44  tcp.o(.data)
    tcp_ticks                                0x2000013c   Data           4  tcp.o(.data)
    tcp_bound_pcbs                           0x20000140   Data           4  tcp.o(.data)
    tcp_listen_pcbs                          0x20000144   Data           4  tcp.o(.data)
    tcp_active_pcbs                          0x20000148   Data           4  tcp.o(.data)
    tcp_tw_pcbs                              0x2000014c   Data           4  tcp.o(.data)
    tcp_tmp_pcb                              0x20000150   Data           4  tcp.o(.data)
    tcp_input_pcb                            0x20000178   Data           4  tcp_in.o(.data)
    udp_pcbs                                 0x2000017c   Data           4  udp.o(.data)
    current_netif                            0x20000180   Data           4  ip.o(.data)
    current_header                           0x20000184   Data           4  ip.o(.data)
    __aeabi_stdin                            0x20000194   Data           4  stdio_streams.o(.data)
    __aeabi_stdout                           0x20000198   Data           4  stdio_streams.o(.data)
    __aeabi_stderr                           0x2000019c   Data           4  stdio_streams.o(.data)
    fs_memory                                0x200001a0   Data         240  fs.o(.bss)
    s                                        0x20000690   Data          40  main.o(.bss)
    s1                                       0x200006b8   Data          40  main.o(.bss)
    netif                                    0x200006e0   Data          56  netconf.o(.bss)
    DMARxDscrTab                             0x20000718   Data         160  stm32f4x7_eth.o(.bss)
    DMATxDscrTab                             0x200007b8   Data         160  stm32f4x7_eth.o(.bss)
    Rx_Buff                                  0x20000858   Data        7620  stm32f4x7_eth.o(.bss)
    Tx_Buff                                  0x2000261c   Data        7620  stm32f4x7_eth.o(.bss)
    RX_Frame_Descriptor                      0x200043e0   Data          12  stm32f4x7_eth.o(.bss)
    __stdin                                  0x2000c04c   Data          84  stdio_streams.o(.bss)
    __stdout                                 0x2000c0a0   Data          84  stdio_streams.o(.bss)
    __stderr                                 0x2000c0f4   Data          84  stdio_streams.o(.bss)
    __libspace_start                         0x2000c148   Data          96  libspace.o(.bss)
    __temporary_stack_top$libspace           0x2000c1a8   Data           0  libspace.o(.bss)



==============================================================================

Memory Map of the image

  Image Entry point : 0x08000189

  Load Region LR_IROM1 (Base: 0x08000000, Size: 0x0001a01c, Max: 0x00100000, ABSOLUTE, COMPRESSED[0x00019f08])

    Execution Region ER_IROM1 (Exec base: 0x08000000, Load base: 0x08000000, Size: 0x00019e7c, Max: 0x00100000, ABSOLUTE)

    Exec Addr    Load Addr    Size         Type   Attr      Idx    E Section Name        Object

    0x08000000   0x08000000   0x00000188   Data   RO         5892    RESET               startup_stm32f407xx.o
    0x08000188   0x08000188   0x00000008   Code   RO         5991  * !!!main             c_w.l(__main.o)
    0x08000190   0x08000190   0x00000034   Code   RO         6619    !!!scatter          c_w.l(__scatter.o)
    0x080001c4   0x080001c4   0x0000005a   Code   RO         6617    !!dczerorl2         c_w.l(__dczerorl2.o)
    0x0800021e   0x0800021e   0x00000002   PAD
    0x08000220   0x08000220   0x0000001c   Code   RO         6621    !!handler_zi        c_w.l(__scatter_zi.o)
    0x0800023c   0x0800023c   0x00000000   Code   RO         5966    .ARM.Collect$$_printf_percent$$00000000  c_w.l(_printf_percent.o)
    0x0800023c   0x0800023c   0x00000006   Code   RO         5964    .ARM.Collect$$_printf_percent$$00000009  c_w.l(_printf_d.o)
    0x08000242   0x08000242   0x00000004   Code   RO         6028    .ARM.Collect$$_printf_percent$$00000017  c_w.l(_printf_percent_end.o)
    0x08000246   0x08000246   0x00000002   Code   RO         6394    .ARM.Collect$$libinit$$00000000  c_w.l(libinit.o)
    0x08000248   0x08000248   0x00000004   Code   RO         6395    .ARM.Collect$$libinit$$00000001  c_w.l(libinit2.o)
    0x0800024c   0x0800024c   0x00000000   Code   RO         6398    .ARM.Collect$$libinit$$00000004  c_w.l(libinit2.o)
    0x0800024c   0x0800024c   0x00000008   Code   RO         6399    .ARM.Collect$$libinit$$00000005  c_w.l(libinit2.o)
    0x08000254   0x08000254   0x00000000   Code   RO         6401    .ARM.Collect$$libinit$$0000000A  c_w.l(libinit2.o)
    0x08000254   0x08000254   0x00000000   Code   RO         6403    .ARM.Collect$$libinit$$0000000C  c_w.l(libinit2.o)
    0x08000254   0x08000254   0x00000000   Code   RO         6405    .ARM.Collect$$libinit$$0000000E  c_w.l(libinit2.o)
    0x08000254   0x08000254   0x00000000   Code   RO         6408    .ARM.Collect$$libinit$$00000011  c_w.l(libinit2.o)
    0x08000254   0x08000254   0x00000000   Code   RO         6410    .ARM.Collect$$libinit$$00000013  c_w.l(libinit2.o)
    0x08000254   0x08000254   0x00000000   Code   RO         6412    .ARM.Collect$$libinit$$00000015  c_w.l(libinit2.o)
    0x08000254   0x08000254   0x00000000   Code   RO         6414    .ARM.Collect$$libinit$$00000017  c_w.l(libinit2.o)
    0x08000254   0x08000254   0x00000000   Code   RO         6416    .ARM.Collect$$libinit$$00000019  c_w.l(libinit2.o)
    0x08000254   0x08000254   0x00000000   Code   RO         6418    .ARM.Collect$$libinit$$0000001B  c_w.l(libinit2.o)
    0x08000254   0x08000254   0x00000000   Code   RO         6420    .ARM.Collect$$libinit$$0000001D  c_w.l(libinit2.o)
    0x08000254   0x08000254   0x00000000   Code   RO         6422    .ARM.Collect$$libinit$$0000001F  c_w.l(libinit2.o)
    0x08000254   0x08000254   0x00000000   Code   RO         6424    .ARM.Collect$$libinit$$00000021  c_w.l(libinit2.o)
    0x08000254   0x08000254   0x00000000   Code   RO         6426    .ARM.Collect$$libinit$$00000023  c_w.l(libinit2.o)
    0x08000254   0x08000254   0x00000004   Code   RO         6427    .ARM.Collect$$libinit$$00000024  c_w.l(libinit2.o)
    0x08000258   0x08000258   0x00000000   Code   RO         6428    .ARM.Collect$$libinit$$00000025  c_w.l(libinit2.o)
    0x08000258   0x08000258   0x00000000   Code   RO         6432    .ARM.Collect$$libinit$$0000002C  c_w.l(libinit2.o)
    0x08000258   0x08000258   0x00000000   Code   RO         6434    .ARM.Collect$$libinit$$0000002E  c_w.l(libinit2.o)
    0x08000258   0x08000258   0x00000000   Code   RO         6436    .ARM.Collect$$libinit$$00000030  c_w.l(libinit2.o)
    0x08000258   0x08000258   0x00000000   Code   RO         6438    .ARM.Collect$$libinit$$00000032  c_w.l(libinit2.o)
    0x08000258   0x08000258   0x00000002   Code   RO         6439    .ARM.Collect$$libinit$$00000033  c_w.l(libinit2.o)
    0x0800025a   0x0800025a   0x00000002   Code   RO         6602    .ARM.Collect$$libshutdown$$00000000  c_w.l(libshutdown.o)
    0x0800025c   0x0800025c   0x00000000   Code   RO         6441    .ARM.Collect$$libshutdown$$00000002  c_w.l(libshutdown2.o)
    0x0800025c   0x0800025c   0x00000004   Code   RO         6442    .ARM.Collect$$libshutdown$$00000003  c_w.l(libshutdown2.o)
    0x08000260   0x08000260   0x00000000   Code   RO         6443    .ARM.Collect$$libshutdown$$00000004  c_w.l(libshutdown2.o)
    0x08000260   0x08000260   0x00000000   Code   RO         6446    .ARM.Collect$$libshutdown$$00000007  c_w.l(libshutdown2.o)
    0x08000260   0x08000260   0x00000000   Code   RO         6449    .ARM.Collect$$libshutdown$$0000000A  c_w.l(libshutdown2.o)
    0x08000260   0x08000260   0x00000000   Code   RO         6451    .ARM.Collect$$libshutdown$$0000000C  c_w.l(libshutdown2.o)
    0x08000260   0x08000260   0x00000000   Code   RO         6454    .ARM.Collect$$libshutdown$$0000000F  c_w.l(libshutdown2.o)
    0x08000260   0x08000260   0x00000002   Code   RO         6455    .ARM.Collect$$libshutdown$$00000010  c_w.l(libshutdown2.o)
    0x08000262   0x08000262   0x00000000   Code   RO         6017    .ARM.Collect$$rtentry$$00000000  c_w.l(__rtentry.o)
    0x08000262   0x08000262   0x00000000   Code   RO         6065    .ARM.Collect$$rtentry$$00000002  c_w.l(__rtentry2.o)
    0x08000262   0x08000262   0x00000006   Code   RO         6077    .ARM.Collect$$rtentry$$00000004  c_w.l(__rtentry4.o)
    0x08000268   0x08000268   0x00000000   Code   RO         6067    .ARM.Collect$$rtentry$$00000009  c_w.l(__rtentry2.o)
    0x08000268   0x08000268   0x00000004   Code   RO         6068    .ARM.Collect$$rtentry$$0000000A  c_w.l(__rtentry2.o)
    0x0800026c   0x0800026c   0x00000000   Code   RO         6070    .ARM.Collect$$rtentry$$0000000C  c_w.l(__rtentry2.o)
    0x0800026c   0x0800026c   0x00000008   Code   RO         6071    .ARM.Collect$$rtentry$$0000000D  c_w.l(__rtentry2.o)
    0x08000274   0x08000274   0x00000002   Code   RO         6489    .ARM.Collect$$rtexit$$00000000  c_w.l(rtexit.o)
    0x08000276   0x08000276   0x00000000   Code   RO         6545    .ARM.Collect$$rtexit$$00000002  c_w.l(rtexit2.o)
    0x08000276   0x08000276   0x00000004   Code   RO         6546    .ARM.Collect$$rtexit$$00000003  c_w.l(rtexit2.o)
    0x0800027a   0x0800027a   0x00000006   Code   RO         6547    .ARM.Collect$$rtexit$$00000004  c_w.l(rtexit2.o)
    0x08000280   0x08000280   0x00000000   Code   RO         6495    .emb_text           c_w.l(maybetermalloc1.o)
    0x08000280   0x08000280   0x00000040   Code   RO         5893    .text               startup_stm32f407xx.o
    0x080002c0   0x080002c0   0x00000018   Code   RO         5932    .text               c_w.l(__2printf.o)
    0x080002d8   0x080002d8   0x0000002c   Code   RO         5934    .text               c_w.l(__2sprintf.o)
    0x08000304   0x08000304   0x00000078   Code   RO         5942    .text               c_w.l(_printf_dec.o)
    0x0800037c   0x0800037c   0x00000138   Code   RO         5956    .text               c_w.l(__printf_flags_wp.o)
    0x080004b4   0x080004b4   0x00000014   Code   RO         5967    .text               c_w.l(strchr.o)
    0x080004c8   0x080004c8   0x00000024   Code   RO         5969    .text               c_w.l(strstr.o)
    0x080004ec   0x080004ec   0x00000058   Code   RO         5971    .text               c_w.l(memcmp.o)
    0x08000544   0x08000544   0x00000048   Code   RO         5973    .text               c_w.l(strcpy.o)
    0x0800058c   0x0800058c   0x0000003e   Code   RO         5975    .text               c_w.l(strlen.o)
    0x080005ca   0x080005ca   0x00000096   Code   RO         5977    .text               c_w.l(strncmp.o)
    0x08000660   0x08000660   0x0000008a   Code   RO         5979    .text               c_w.l(rt_memcpy_v6.o)
    0x080006ea   0x080006ea   0x00000064   Code   RO         5981    .text               c_w.l(rt_memcpy_w.o)
    0x0800074e   0x0800074e   0x0000004e   Code   RO         5985    .text               c_w.l(rt_memclr_w.o)
    0x0800079c   0x0800079c   0x00000080   Code   RO         5987    .text               c_w.l(strcmpv7m.o)
    0x0800081c   0x0800081c   0x00000006   Code   RO         5989    .text               c_w.l(heapauxi.o)
    0x08000822   0x08000822   0x000000b2   Code   RO         6018    .text               c_w.l(_printf_intcommon.o)
    0x080008d4   0x080008d4   0x00000030   Code   RO         6022    .text               c_w.l(_printf_char_common.o)
    0x08000904   0x08000904   0x0000000a   Code   RO         6024    .text               c_w.l(_sputc.o)
    0x0800090e   0x0800090e   0x00000002   PAD
    0x08000910   0x08000910   0x00000024   Code   RO         6026    .text               c_w.l(_printf_char_file.o)
    0x08000934   0x08000934   0x00000008   Code   RO         6087    .text               c_w.l(rt_new_handler_addr_intlibspace.o)
    0x0800093c   0x0800093c   0x0000005e   Code   RO         6091    .text               c_w.l(h1_alloc.o)
    0x0800099a   0x0800099a   0x00000008   Code   RO         6176    .text               c_w.l(ferror.o)
    0x080009a2   0x080009a2   0x00000002   PAD
    0x080009a4   0x080009a4   0x00000138   Code   RO         6182    .text               c_w.l(initio.o)
    0x08000adc   0x08000adc   0x00000004   Code   RO         6196    .text               cpprt_w.l(arm_newhandler_noexceptions.o)
    0x08000ae0   0x08000ae0   0x00000066   Code   RO         6325    .text               c_w.l(sys_io.o)
    0x08000b46   0x08000b46   0x00000002   PAD
    0x08000b48   0x08000b48   0x00000008   Code   RO         6330    .text               c_w.l(libspace.o)
    0x08000b50   0x08000b50   0x0000004a   Code   RO         6335    .text               c_w.l(sys_stackheap_outer.o)
    0x08000b9a   0x08000b9a   0x00000002   PAD
    0x08000b9c   0x08000b9c   0x00000008   Code   RO         6340    .text               c_w.l(rt_heap_descriptor_intlibspace.o)
    0x08000ba4   0x08000ba4   0x00000004   Code   RO         6342    .text               c_w.l(hguard.o)
    0x08000ba8   0x08000ba8   0x0000008a   Code   RO         6344    .text               c_w.l(init_alloc.o)
    0x08000c32   0x08000c32   0x0000000e   Code   RO         6350    .text               c_w.l(h1_init.o)
    0x08000c40   0x08000c40   0x0000004e   Code   RO         6352    .text               c_w.l(h1_free.o)
    0x08000c8e   0x08000c8e   0x000001d6   Code   RO         6368    .text               c_w.l(flsbuf.o)
    0x08000e64   0x08000e64   0x00000046   Code   RO         6370    .text               c_w.l(setvbuf.o)
    0x08000eaa   0x08000eaa   0x00000002   PAD
    0x08000eac   0x08000eac   0x000000ec   Code   RO         6373    .text               c_w.l(fopen.o)
    0x08000f98   0x08000f98   0x0000004c   Code   RO         6375    .text               c_w.l(fclose.o)
    0x08000fe4   0x08000fe4   0x00000012   Code   RO         6381    .text               c_w.l(exit.o)
    0x08000ff6   0x08000ff6   0x0000000e   Code   RO         6383    .text               c_w.l(defsig_rtred_outer.o)
    0x08001004   0x08001004   0x0000001a   Code   RO         6474    .text               cpprt_w.l(arm_exceptions_terminate.o)
    0x0800101e   0x0800101e   0x00000002   Code   RO         6486    .text               c_w.l(use_no_semi.o)
    0x08001020   0x08001020   0x00000000   Code   RO         6488    .text               c_w.l(indicate_semi.o)
    0x08001020   0x08001020   0x00000034   Code   RO         6497    .text               c_w.l(h1_extend.o)
    0x08001054   0x08001054   0x000000f8   Code   RO         6503    .text               c_w.l(fseek.o)
    0x0800114c   0x0800114c   0x000000f0   Code   RO         6505    .text               c_w.l(stdio.o)
    0x0800123c   0x0800123c   0x00000016   Code   RO         6511    .text               c_w.l(abort.o)
    0x08001252   0x08001252   0x0000000a   Code   RO         6515    .text               c_w.l(defsig_exit.o)
    0x0800125c   0x0800125c   0x00000034   Code   RO         6517    .text               c_w.l(defsig_rtred_inner.o)
    0x08001290   0x08001290   0x0000000e   Code   RO         6519    .text               c_w.l(defsig_rtmem_outer.o)
    0x0800129e   0x0800129e   0x00000002   PAD
    0x080012a0   0x080012a0   0x00000050   Code   RO         6537    .text               cpprt_w.l(arm_exceptions_globs.o)
    0x080012f0   0x080012f0   0x0000000c   Code   RO         6542    .text               c_w.l(sys_exit.o)
    0x080012fc   0x080012fc   0x00000008   Code   RO         6554    .text               c_w.l(rt_eh_globals_addr_intlibspace.o)
    0x08001304   0x08001304   0x00000042   Code   RO         6562    .text               c_w.l(ftell.o)
    0x08001346   0x08001346   0x00000032   Code   RO         6570    .text               c_w.l(defsig_general.o)
    0x08001378   0x08001378   0x0000000e   Code   RO         6572    .text               c_w.l(defsig_abrt_outer.o)
    0x08001386   0x08001386   0x00000002   PAD
    0x08001388   0x08001388   0x00000050   Code   RO         6576    .text               c_w.l(defsig_rtmem_inner.o)
    0x080013d8   0x080013d8   0x0000003c   Code   RO         6582    .text               cpprt_w.l(arm_exceptions_mem.o)
    0x08001414   0x08001414   0x0000000e   Code   RO         6585    .text               c_w.l(sys_wrch.o)
    0x08001422   0x08001422   0x00000002   PAD
    0x08001424   0x08001424   0x00000008   Code   RO         6590    .text               c_w.l(rt_errno_addr_intlibspace.o)
    0x0800142c   0x0800142c   0x00000030   Code   RO         6596    .text               c_w.l(defsig_abrt_inner.o)
    0x0800145c   0x0800145c   0x00000016   Code   RO         1287    i.ADC_Cmd           stm32f4xx_adc.o
    0x08001472   0x08001472   0x00000002   PAD
    0x08001474   0x08001474   0x00000030   Code   RO         1288    i.ADC_CommonInit    stm32f4xx_adc.o
    0x080014a4   0x080014a4   0x00000088   Code   RO          400    i.ADC_Configuration  httpd_cgi_ssi.o
    0x0800152c   0x0800152c   0x00000008   Code   RO         1299    i.ADC_GetConversionValue  stm32f4xx_adc.o
    0x08001534   0x08001534   0x000000e0   Code   RO          401    i.ADC_Handler       httpd_cgi_ssi.o
    0x08001614   0x08001614   0x00000054   Code   RO         1307    i.ADC_Init          stm32f4xx_adc.o
    0x08001668   0x08001668   0x000000b8   Code   RO         1312    i.ADC_RegularChannelConfig  stm32f4xx_adc.o
    0x08001720   0x08001720   0x0000000a   Code   RO         1314    i.ADC_SoftwareStartConv  stm32f4xx_adc.o
    0x0800172a   0x0800172a   0x00000014   Code   RO         1316    i.ADC_StructInit    stm32f4xx_adc.o
    0x0800173e   0x0800173e   0x00000004   Code   RO          625    i.BusFault_Handler  stm32f4xx_it.o
    0x08001742   0x08001742   0x00000002   PAD
    0x08001744   0x08001744   0x000000f4   Code   RO         5681    i.CheckAT           at_command.o
    0x08001838   0x08001838   0x000000d0   Code   RO         5766    i.Check_Open_Door   function.o
    0x08001908   0x08001908   0x00000040   Code   RO         5767    i.CloseDoor         function.o
    0x08001948   0x08001948   0x00000002   Code   RO          626    i.DebugMon_Handler  stm32f4xx_it.o
    0x0800194a   0x0800194a   0x00000002   PAD
    0x0800194c   0x0800194c   0x00000038   Code   RO         5607    i.EEPROM_readByte   25lc256_1.o
    0x08001984   0x08001984   0x00000030   Code   RO         5608    i.EEPROM_readStatus  25lc256_1.o
    0x080019b4   0x080019b4   0x00000012   Code   RO         5610    i.EEPROM_send16BitAddress  25lc256_1.o
    0x080019c6   0x080019c6   0x00000002   PAD
    0x080019c8   0x080019c8   0x00000044   Code   RO         5611    i.EEPROM_writeByte  25lc256_1.o
    0x08001a0c   0x08001a0c   0x00000024   Code   RO         5612    i.EEPROM_writeEnable  25lc256_1.o
    0x08001a30   0x08001a30   0x000000d4   Code   RO          592    i.ETH_BSP_Config    stm32f4x7_eth_bsp.o
    0x08001b04   0x08001b04   0x000000c8   Code   RO         3600    i.ETH_CheckFrameReceived  stm32f4x7_eth.o
    0x08001bcc   0x08001bcc   0x00000024   Code   RO         3604    i.ETH_DMAReceptionCmd  stm32f4x7_eth.o
    0x08001bf0   0x08001bf0   0x00000064   Code   RO         3605    i.ETH_DMARxDescChainInit  stm32f4x7_eth.o
    0x08001c54   0x08001c54   0x00000024   Code   RO         3607    i.ETH_DMATransmissionCmd  stm32f4x7_eth.o
    0x08001c78   0x08001c78   0x00000050   Code   RO         3610    i.ETH_DMATxDescChainInit  stm32f4x7_eth.o
    0x08001cc8   0x08001cc8   0x00000008   Code   RO         3611    i.ETH_DMATxDescChecksumInsertionConfig  stm32f4x7_eth.o
    0x08001cd0   0x08001cd0   0x00000016   Code   RO         3616    i.ETH_DeInit        stm32f4x7_eth.o
    0x08001ce6   0x08001ce6   0x0000001c   Code   RO         3617    i.ETH_Delay         stm32f4x7_eth.o
    0x08001d02   0x08001d02   0x00000002   PAD
    0x08001d04   0x08001d04   0x00000014   Code   RO         3619    i.ETH_FlushTransmitFIFO  stm32f4x7_eth.o
    0x08001d18   0x08001d18   0x0000012c   Code   RO          593    i.ETH_GPIO_Config   stm32f4x7_eth_bsp.o
    0x08001e44   0x08001e44   0x00000018   Code   RO         3645    i.ETH_GetSoftwareResetStatus  stm32f4x7_eth.o
    0x08001e5c   0x08001e5c   0x0000005c   Code   RO         3647    i.ETH_Get_Received_Frame  stm32f4x7_eth.o
    0x08001eb8   0x08001eb8   0x000002b8   Code   RO         3650    i.ETH_Init          stm32f4x7_eth.o
    0x08002170   0x08002170   0x00000034   Code   RO         3652    i.ETH_MACAddressConfig  stm32f4x7_eth.o
    0x080021a4   0x080021a4   0x00000088   Code   RO          594    i.ETH_MACDMA_Config  stm32f4x7_eth_bsp.o
    0x0800222c   0x0800222c   0x00000024   Code   RO         3657    i.ETH_MACReceptionCmd  stm32f4x7_eth.o
    0x08002250   0x08002250   0x00000024   Code   RO         3658    i.ETH_MACTransmissionCmd  stm32f4x7_eth.o
    0x08002274   0x08002274   0x000000e8   Code   RO         3669    i.ETH_Prepare_Transmit_Descriptors  stm32f4x7_eth.o
    0x0800235c   0x0800235c   0x0000006c   Code   RO         3670    i.ETH_ReadPHYRegister  stm32f4x7_eth.o
    0x080023c8   0x080023c8   0x00000014   Code   RO         3678    i.ETH_SoftwareReset  stm32f4x7_eth.o
    0x080023dc   0x080023dc   0x00000020   Code   RO         3679    i.ETH_Start         stm32f4x7_eth.o
    0x080023fc   0x080023fc   0x000000b2   Code   RO         3680    i.ETH_StructInit    stm32f4x7_eth.o
    0x080024ae   0x080024ae   0x00000002   PAD
    0x080024b0   0x080024b0   0x00000068   Code   RO         3682    i.ETH_WritePHYRegister  stm32f4x7_eth.o
    0x08002518   0x08002518   0x00000034   Code   RO         1712    i.FSMC_NORSRAMCmd   stm32f4xx_fsmc.o
    0x0800254c   0x0800254c   0x000000e6   Code   RO         1714    i.FSMC_NORSRAMInit  stm32f4xx_fsmc.o
    0x08002632   0x08002632   0x00000090   Code   RO         1826    i.GPIO_Init         stm32f4xx_gpio.o
    0x080026c2   0x080026c2   0x00000046   Code   RO         1827    i.GPIO_PinAFConfig  stm32f4xx_gpio.o
    0x08002708   0x08002708   0x00000004   Code   RO         1833    i.GPIO_ResetBits    stm32f4xx_gpio.o
    0x0800270c   0x0800270c   0x00000004   Code   RO         1834    i.GPIO_SetBits      stm32f4xx_gpio.o
    0x08002710   0x08002710   0x00000008   Code   RO         1836    i.GPIO_ToggleBits   stm32f4xx_gpio.o
    0x08002718   0x08002718   0x00000004   Code   RO          627    i.HardFault_Handler  stm32f4xx_it.o
    0x0800271c   0x0800271c   0x00000014   Code   RO         5768    i.IDADD_READ_DOOR   function.o
    0x08002730   0x08002730   0x00000030   Code   RO         5769    i.IDADD_READ_RFID   function.o
    0x08002760   0x08002760   0x0000003c   Code   RO         5770    i.IDADD_READ_TIME   function.o
    0x0800279c   0x0800279c   0x00000098   Code   RO         5771    i.ID_DEL            function.o
    0x08002834   0x08002834   0x000002c4   Code   RO          445    i.Init_peripheral   main.o
    0x08002af8   0x08002af8   0x00000028   Code   RO          892    i.LCD_Clear         stm32f4_discovery_lcd.o
    0x08002b20   0x08002b20   0x00000170   Code   RO          896    i.LCD_CtrlLinesConfig  stm32f4_discovery_lcd.o
    0x08002c90   0x08002c90   0x00000030   Code   RO          898    i.LCD_DisplayChar   stm32f4_discovery_lcd.o
    0x08002cc0   0x08002cc0   0x00000038   Code   RO          901    i.LCD_DisplayStringLine  stm32f4_discovery_lcd.o
    0x08002cf8   0x08002cf8   0x000000ac   Code   RO          902    i.LCD_DrawChar      stm32f4_discovery_lcd.o
    0x08002da4   0x08002da4   0x0000005e   Code   RO          910    i.LCD_FSMCConfig    stm32f4_discovery_lcd.o
    0x08002e02   0x08002e02   0x00000002   PAD
    0x08002e04   0x08002e04   0x0000000c   Code   RO          913    i.LCD_GetFont       stm32f4_discovery_lcd.o
    0x08002e10   0x08002e10   0x000000c0   Code   RO          446    i.LCD_LED_Init      main.o
    0x08002ed0   0x08002ed0   0x00000010   Code   RO          920    i.LCD_SetBackColor  stm32f4_discovery_lcd.o
    0x08002ee0   0x08002ee0   0x00000018   Code   RO          922    i.LCD_SetCursor     stm32f4_discovery_lcd.o
    0x08002ef8   0x08002ef8   0x0000000c   Code   RO          924    i.LCD_SetFont       stm32f4_discovery_lcd.o
    0x08002f04   0x08002f04   0x00000010   Code   RO          925    i.LCD_SetTextColor  stm32f4_discovery_lcd.o
    0x08002f14   0x08002f14   0x0000000c   Code   RO          928    i.LCD_WriteRAM      stm32f4_discovery_lcd.o
    0x08002f20   0x08002f20   0x0000000a   Code   RO          929    i.LCD_WriteRAM_Prepare  stm32f4_discovery_lcd.o
    0x08002f2a   0x08002f2a   0x00000002   PAD
    0x08002f2c   0x08002f2c   0x00000010   Code   RO          930    i.LCD_WriteReg      stm32f4_discovery_lcd.o
    0x08002f3c   0x08002f3c   0x00000050   Code   RO          402    i.LEDS_CGI_Handler  httpd_cgi_ssi.o
    0x08002f8c   0x08002f8c   0x000000e4   Code   RO          538    i.LwIP_Init         netconf.o
    0x08003070   0x08003070   0x0000003c   Code   RO          539    i.LwIP_Periodic_Handle  netconf.o
    0x080030ac   0x080030ac   0x00000010   Code   RO          540    i.LwIP_Pkt_Handle   netconf.o
    0x080030bc   0x080030bc   0x00000004   Code   RO          628    i.MemManage_Handler  stm32f4xx_it.o
    0x080030c0   0x080030c0   0x00000002   Code   RO          629    i.NMI_Handler       stm32f4xx_it.o
    0x080030c2   0x080030c2   0x00000002   PAD
    0x080030c4   0x080030c4   0x00000078   Code   RO         1241    i.NVIC_Init         misc.o
    0x0800313c   0x0800313c   0x00000040   Code   RO         5772    i.OpenDoor          function.o
    0x0800317c   0x0800317c   0x00000002   Code   RO          630    i.PendSV_Handler    stm32f4xx_it.o
    0x0800317e   0x0800317e   0x00000002   PAD
    0x08003180   0x08003180   0x00000020   Code   RO         3323    i.RCC_AHB1PeriphClockCmd  stm32f4xx_rcc.o
    0x080031a0   0x080031a0   0x00000020   Code   RO         3325    i.RCC_AHB1PeriphResetCmd  stm32f4xx_rcc.o
    0x080031c0   0x080031c0   0x00000020   Code   RO         3329    i.RCC_AHB3PeriphClockCmd  stm32f4xx_rcc.o
    0x080031e0   0x080031e0   0x00000020   Code   RO         3332    i.RCC_APB1PeriphClockCmd  stm32f4xx_rcc.o
    0x08003200   0x08003200   0x00000020   Code   RO         3335    i.RCC_APB2PeriphClockCmd  stm32f4xx_rcc.o
    0x08003220   0x08003220   0x000000e8   Code   RO         3344    i.RCC_GetClocksFreq  stm32f4xx_rcc.o
    0x08003308   0x08003308   0x00000018   Code   RO         2381    i.SPI_Cmd           stm32f4xx_spi.o
    0x08003320   0x08003320   0x00000012   Code   RO         2389    i.SPI_I2S_GetFlagStatus  stm32f4xx_spi.o
    0x08003332   0x08003332   0x00000006   Code   RO         2392    i.SPI_I2S_ReceiveData  stm32f4xx_spi.o
    0x08003338   0x08003338   0x00000004   Code   RO         2393    i.SPI_I2S_SendData  stm32f4xx_spi.o
    0x0800333c   0x0800333c   0x0000003c   Code   RO         2394    i.SPI_Init          stm32f4xx_spi.o
    0x08003378   0x08003378   0x00000038   Code   RO         5614    i.SPI_ReadWrite     25lc256_1.o
    0x080033b0   0x080033b0   0x00000160   Code   RO          932    i.STM32f4_Discovery_LCD_Init  stm32f4_discovery_lcd.o
    0x08003510   0x08003510   0x00000018   Code   RO         1167    i.STM_EVAL_LEDOff   stm32f4_discovery.o
    0x08003528   0x08003528   0x00000018   Code   RO         1168    i.STM_EVAL_LEDOn    stm32f4_discovery.o
    0x08003540   0x08003540   0x00000002   Code   RO          631    i.SVC_Handler       stm32f4xx_it.o
    0x08003542   0x08003542   0x00000002   PAD
    0x08003544   0x08003544   0x0000000c   Code   RO         2537    i.SYSCFG_ETH_MediaInterfaceConfig  stm32f4xx_syscfg.o
    0x08003550   0x08003550   0x000000cc   Code   RO         5898    i.SetSysClock       system_stm32f4xx_1.o
    0x0800361c   0x0800361c   0x00000028   Code   RO         1245    i.SysTick_CLKSourceConfig  misc.o
    0x08003644   0x08003644   0x00000008   Code   RO          632    i.SysTick_Handler   stm32f4xx_it.o
    0x0800364c   0x0800364c   0x00000068   Code   RO         5900    i.SystemInit        system_stm32f4xx_1.o
    0x080036b4   0x080036b4   0x00000028   Code   RO          447    i.TIM4_IRQHandler   main.o
    0x080036dc   0x080036dc   0x00000006   Code   RO         2592    i.TIM_ClearITPendingBit  stm32f4xx_tim.o
    0x080036e2   0x080036e2   0x00000018   Code   RO         2597    i.TIM_Cmd           stm32f4xx_tim.o
    0x080036fa   0x080036fa   0x00000022   Code   RO         2618    i.TIM_GetITStatus   stm32f4xx_tim.o
    0x0800371c   0x0800371c   0x00000012   Code   RO         2622    i.TIM_ITConfig      stm32f4xx_tim.o
    0x0800372e   0x0800372e   0x00000002   PAD
    0x08003730   0x08003730   0x00000084   Code   RO         2669    i.TIM_TimeBaseInit  stm32f4xx_tim.o
    0x080037b4   0x080037b4   0x00000010   Code   RO          448    i.Time_Update       main.o
    0x080037c4   0x080037c4   0x00000078   Code   RO          449    i.USART1_IRQHandler  main.o
    0x0800383c   0x0800383c   0x000000a0   Code   RO          450    i.USART2_IRQHandler  main.o
    0x080038dc   0x080038dc   0x00000012   Code   RO         3139    i.USART_ClearFlag   stm32f4xx_usart.o
    0x080038ee   0x080038ee   0x00000018   Code   RO         3143    i.USART_Cmd         stm32f4xx_usart.o
    0x08003906   0x08003906   0x0000001a   Code   RO         3146    i.USART_GetFlagStatus  stm32f4xx_usart.o
    0x08003920   0x08003920   0x00000054   Code   RO         3147    i.USART_GetITStatus  stm32f4xx_usart.o
    0x08003974   0x08003974   0x0000004a   Code   RO         3149    i.USART_ITConfig    stm32f4xx_usart.o
    0x080039be   0x080039be   0x00000002   PAD
    0x080039c0   0x080039c0   0x000000d4   Code   RO         3150    i.USART_Init        stm32f4xx_usart.o
    0x08003a94   0x08003a94   0x0000000a   Code   RO         3157    i.USART_ReceiveData  stm32f4xx_usart.o
    0x08003a9e   0x08003a9e   0x00000008   Code   RO         3160    i.USART_SendData    stm32f4xx_usart.o
    0x08003aa6   0x08003aa6   0x00000002   PAD
    0x08003aa8   0x08003aa8   0x00000050   Code   RO          746    i.U_Print           u_print.o
    0x08003af8   0x08003af8   0x00000030   Code   RO          747    i.U_Print_Char      u_print.o
    0x08003b28   0x08003b28   0x00000004   Code   RO          633    i.UsageFault_Handler  stm32f4xx_it.o
    0x08003b2c   0x08003b2c   0x00000010   Code   RO         5705    i._ZSt6strstrPcPKc  at_command.o
    0x08003b3c   0x08003b3c   0x00000008   Code   RO         5993    i._Znaj             cpprt_w.l(array_new.o)
    0x08003b44   0x08003b44   0x00000028   Code   RO         6035    i._Znwj             cpprt_w.l(new.o)
    0x08003b6c   0x08003b6c   0x0000000e   Code   RO         5954    i._is_digit         c_w.l(__printf_wp.o)
    0x08003b7a   0x08003b7a   0x00000002   PAD
    0x08003b7c   0x08003b7c   0x0000002c   Code   RO         5197    i.autoip_arp_announce  autoip.o
    0x08003ba8   0x08003ba8   0x000000b0   Code   RO         5199    i.autoip_arp_reply  autoip.o
    0x08003c58   0x08003c58   0x00000064   Code   RO         5201    i.autoip_create_addr  autoip.o
    0x08003cbc   0x08003cbc   0x0000002e   Code   RO         5202    i.autoip_handle_arp_conflict  autoip.o
    0x08003cea   0x08003cea   0x00000060   Code   RO         5205    i.autoip_start      autoip.o
    0x08003d4a   0x08003d4a   0x00000050   Code   RO         5206    i.autoip_start_probing  autoip.o
    0x08003d9a   0x08003d9a   0x00000022   Code   RO          933    i.delay             stm32f4_discovery_lcd.o
    0x08003dbc   0x08003dbc   0x0000002e   Code   RO         4207    i.dhcp_arp_reply    dhcp.o
    0x08003dea   0x08003dea   0x00000002   PAD
    0x08003dec   0x08003dec   0x0000012c   Code   RO         4211    i.dhcp_create_request  dhcp.o
    0x08003f18   0x08003f18   0x00000090   Code   RO         4212    i.dhcp_decline      dhcp.o
    0x08003fa8   0x08003fa8   0x00000032   Code   RO         4213    i.dhcp_delete_request  dhcp.o
    0x08003fda   0x08003fda   0x00000020   Code   RO         4225    i.dhcp_option       dhcp.o
    0x08003ffa   0x08003ffa   0x00000012   Code   RO         4226    i.dhcp_option_byte  dhcp.o
    0x0800400c   0x0800400c   0x00000042   Code   RO         4227    i.dhcp_option_long  dhcp.o
    0x0800404e   0x0800404e   0x00000046   Code   RO         4229    i.dhcp_option_trailer  dhcp.o
    0x08004094   0x08004094   0x0000000e   Code   RO         4236    i.dhcp_set_state    dhcp.o
    0x080040a2   0x080040a2   0x00000002   PAD
    0x080040a4   0x080040a4   0x00000158   Code   RO         5502    i.etharp_arp_input  etharp.o
    0x080041fc   0x080041fc   0x0000003c   Code   RO         5504    i.etharp_ip_input   etharp.o
    0x08004238   0x08004238   0x000000c4   Code   RO         5505    i.etharp_output     etharp.o
    0x080042fc   0x080042fc   0x00000188   Code   RO         5506    i.etharp_query      etharp.o
    0x08004484   0x08004484   0x000000d8   Code   RO         5507    i.etharp_raw        etharp.o
    0x0800455c   0x0800455c   0x0000002c   Code   RO         5508    i.etharp_request    etharp.o
    0x08004588   0x08004588   0x00000042   Code   RO         5509    i.etharp_send_ip    etharp.o
    0x080045ca   0x080045ca   0x00000002   PAD
    0x080045cc   0x080045cc   0x000000a0   Code   RO         5510    i.etharp_tmr        etharp.o
    0x0800466c   0x0800466c   0x0000006c   Code   RO         5511    i.ethernet_input    etharp.o
    0x080046d8   0x080046d8   0x00000030   Code   RO         4119    i.ethernetif_init   ethernetif.o
    0x08004708   0x08004708   0x0000002c   Code   RO         4120    i.ethernetif_input  ethernetif.o
    0x08004734   0x08004734   0x0000007e   Code   RO           86    i.extract_uri_parameters  httpd.o
    0x080047b2   0x080047b2   0x00000002   PAD
    0x080047b4   0x080047b4   0x000001ec   Code   RO         5512    i.find_entry        etharp.o
    0x080049a0   0x080049a0   0x0000001a   Code   RO         6179    i.fputc             c_w.l(fputc.o)
    0x080049ba   0x080049ba   0x0000002a   Code   RO         5513    i.free_etharp_q     etharp.o
    0x080049e4   0x080049e4   0x0000000a   Code   RO            1    i.fs_bytes_left     fs.o
    0x080049ee   0x080049ee   0x0000000c   Code   RO            2    i.fs_close          fs.o
    0x080049fa   0x080049fa   0x00000002   PAD
    0x080049fc   0x080049fc   0x00000034   Code   RO            3    i.fs_free           fs.o
    0x08004a30   0x08004a30   0x0000003c   Code   RO            4    i.fs_malloc         fs.o
    0x08004a6c   0x08004a6c   0x0000004c   Code   RO            5    i.fs_open           fs.o
    0x08004ab8   0x08004ab8   0x0000003e   Code   RO            6    i.fs_read           fs.o
    0x08004af6   0x08004af6   0x00000002   PAD
    0x08004af8   0x08004af8   0x000000dc   Code   RO           87    i.get_tag_insert    httpd.o
    0x08004bd4   0x08004bd4   0x0000001a   Code   RO         5304    i.htonl             inet.o
    0x08004bee   0x08004bee   0x0000000c   Code   RO         5305    i.htons             inet.o
    0x08004bfa   0x08004bfa   0x00000002   PAD
    0x08004bfc   0x08004bfc   0x00000064   Code   RO           88    i.http_accept       httpd.o
    0x08004c60   0x08004c60   0x00000050   Code   RO           89    i.http_close_conn   httpd.o
    0x08004cb0   0x08004cb0   0x00000012   Code   RO           90    i.http_err          httpd.o
    0x08004cc2   0x08004cc2   0x00000002   PAD
    0x08004cc4   0x08004cc4   0x00000144   Code   RO           91    i.http_find_file    httpd.o
    0x08004e08   0x08004e08   0x0000005c   Code   RO           92    i.http_get_404_file  httpd.o
    0x08004e64   0x08004e64   0x00000080   Code   RO           93    i.http_init_file    httpd.o
    0x08004ee4   0x08004ee4   0x00000138   Code   RO           94    i.http_parse_request  httpd.o
    0x0800501c   0x0800501c   0x00000048   Code   RO           95    i.http_poll         httpd.o
    0x08005064   0x08005064   0x00000090   Code   RO           96    i.http_recv         httpd.o
    0x080050f4   0x080050f4   0x00000520   Code   RO           97    i.http_send_data    httpd.o
    0x08005614   0x08005614   0x00000024   Code   RO           98    i.http_sent         httpd.o
    0x08005638   0x08005638   0x0000001c   Code   RO           99    i.http_set_cgi_handlers  httpd.o
    0x08005654   0x08005654   0x00000028   Code   RO          100    i.http_set_ssi_handler  httpd.o
    0x0800567c   0x0800567c   0x0000001c   Code   RO          101    i.http_state_alloc  httpd.o
    0x08005698   0x08005698   0x0000002a   Code   RO          102    i.http_state_free   httpd.o
    0x080056c2   0x080056c2   0x00000052   Code   RO          103    i.http_write        httpd.o
    0x08005714   0x08005714   0x0000001c   Code   RO          403    i.httpd_cgi_init    httpd_cgi_ssi.o
    0x08005730   0x08005730   0x00000018   Code   RO          104    i.httpd_init        httpd.o
    0x08005748   0x08005748   0x0000004c   Code   RO          105    i.httpd_init_addr   httpd.o
    0x08005794   0x08005794   0x00000018   Code   RO          404    i.httpd_ssi_init    httpd_cgi_ssi.o
    0x080057ac   0x080057ac   0x00000012   Code   RO         5269    i.icmp_dest_unreach  icmp.o
    0x080057be   0x080057be   0x00000170   Code   RO         5270    i.icmp_input        icmp.o
    0x0800592e   0x0800592e   0x0000006c   Code   RO         5271    i.icmp_send_response  icmp.o
    0x0800599a   0x0800599a   0x00000012   Code   RO         5272    i.icmp_time_exceeded  icmp.o
    0x080059ac   0x080059ac   0x00000014   Code   RO         5353    i.inet_chksum       inet_chksum.o
    0x080059c0   0x080059c0   0x00000056   Code   RO         5354    i.inet_chksum_pbuf  inet_chksum.o
    0x08005a16   0x08005a16   0x0000004e   Code   RO         5428    i.ip_addr_isbroadcast  ip_addr.o
    0x08005a64   0x08005a64   0x0000014c   Code   RO         5450    i.ip_frag           ip_frag.o
    0x08005bb0   0x08005bb0   0x000001cc   Code   RO         5389    i.ip_input          ip.o
    0x08005d7c   0x08005d7c   0x00000034   Code   RO         5390    i.ip_output         ip.o
    0x08005db0   0x08005db0   0x000000fc   Code   RO         5391    i.ip_output_if      ip.o
    0x08005eac   0x08005eac   0x00000198   Code   RO         5451    i.ip_reass          ip_frag.o
    0x08006044   0x08006044   0x00000168   Code   RO         5452    i.ip_reass_chain_frag_into_datagram_and_validate  ip_frag.o
    0x080061ac   0x080061ac   0x0000002c   Code   RO         5453    i.ip_reass_dequeue_datagram  ip_frag.o
    0x080061d8   0x080061d8   0x00000054   Code   RO         5454    i.ip_reass_enqueue_new_datagram  ip_frag.o
    0x0800622c   0x0800622c   0x00000088   Code   RO         5455    i.ip_reass_free_complete_datagram  ip_frag.o
    0x080062b4   0x080062b4   0x0000007c   Code   RO         5456    i.ip_reass_remove_oldest_datagram  ip_frag.o
    0x08006330   0x08006330   0x00000050   Code   RO         5392    i.ip_route          ip.o
    0x08006380   0x08006380   0x00000080   Code   RO         4121    i.low_level_init    ethernetif.o
    0x08006400   0x08006400   0x000000ac   Code   RO         4122    i.low_level_input   ethernetif.o
    0x080064ac   0x080064ac   0x00000038   Code   RO         4123    i.low_level_output  ethernetif.o
    0x080064e4   0x080064e4   0x0000004a   Code   RO         5356    i.lwip_standard_chksum  inet_chksum.o
    0x0800652e   0x0800652e   0x00000002   PAD
    0x08006530   0x08006530   0x000004e8   Code   RO          451    i.main              main.o
    0x08006a18   0x08006a18   0x00000050   Code   RO         4465    i.mem_free          mem.o
    0x08006a68   0x08006a68   0x00000064   Code   RO         4466    i.mem_init          mem.o
    0x08006acc   0x08006acc   0x000000f0   Code   RO         4467    i.mem_malloc        mem.o
    0x08006bbc   0x08006bbc   0x0000012c   Code   RO         4468    i.mem_realloc       mem.o
    0x08006ce8   0x08006ce8   0x00000020   Code   RO         4508    i.memp_free         memp.o
    0x08006d08   0x08006d08   0x00000064   Code   RO         4509    i.memp_init         memp.o
    0x08006d6c   0x08006d6c   0x0000002c   Code   RO         4510    i.memp_malloc       memp.o
    0x08006d98   0x08006d98   0x0000006c   Code   RO         4550    i.netif_add         netif.o
    0x08006e04   0x08006e04   0x0000000c   Code   RO         4552    i.netif_is_up       netif.o
    0x08006e10   0x08006e10   0x00000028   Code   RO         4554    i.netif_set_addr    netif.o
    0x08006e38   0x08006e38   0x0000000c   Code   RO         4555    i.netif_set_default  netif.o
    0x08006e44   0x08006e44   0x00000018   Code   RO         4556    i.netif_set_down    netif.o
    0x08006e5c   0x08006e5c   0x0000000c   Code   RO         4557    i.netif_set_gw      netif.o
    0x08006e68   0x08006e68   0x00000078   Code   RO         4558    i.netif_set_ipaddr  netif.o
    0x08006ee0   0x08006ee0   0x0000000c   Code   RO         4559    i.netif_set_netmask  netif.o
    0x08006eec   0x08006eec   0x0000002c   Code   RO         4560    i.netif_set_up      netif.o
    0x08006f18   0x08006f18   0x0000000c   Code   RO         5309    i.ntohl             inet.o
    0x08006f24   0x08006f24   0x0000000c   Code   RO         5310    i.ntohs             inet.o
    0x08006f30   0x08006f30   0x0000019e   Code   RO         4632    i.pbuf_alloc        pbuf.o
    0x080070ce   0x080070ce   0x00000038   Code   RO         4633    i.pbuf_cat          pbuf.o
    0x08007106   0x08007106   0x00000016   Code   RO         4634    i.pbuf_chain        pbuf.o
    0x0800711c   0x0800711c   0x00000012   Code   RO         4635    i.pbuf_clen         pbuf.o
    0x0800712e   0x0800712e   0x000000b6   Code   RO         4637    i.pbuf_copy         pbuf.o
    0x080071e4   0x080071e4   0x00000092   Code   RO         4638    i.pbuf_copy_partial  pbuf.o
    0x08007276   0x08007276   0x0000006e   Code   RO         4640    i.pbuf_free         pbuf.o
    0x080072e4   0x080072e4   0x0000007e   Code   RO         4641    i.pbuf_header       pbuf.o
    0x08007362   0x08007362   0x00000078   Code   RO         4642    i.pbuf_realloc      pbuf.o
    0x080073da   0x080073da   0x0000000a   Code   RO         4643    i.pbuf_ref          pbuf.o
    0x080073e4   0x080073e4   0x00000088   Code   RO         4469    i.plug_holes        mem.o
    0x0800746c   0x0800746c   0x00000068   Code   RO         4721    i.raw_input         raw.o
    0x080074d4   0x080074d4   0x0000004a   Code   RO          106    i.strnstr           httpd.o
    0x0800751e   0x0800751e   0x00000002   PAD
    0x08007520   0x08007520   0x0000009c   Code   RO         4787    i.tcp_abandon       tcp.o
    0x080075bc   0x080075bc   0x00000004   Code   RO         4788    i.tcp_accept        tcp.o
    0x080075c0   0x080075c0   0x00000008   Code   RO         4789    i.tcp_accept_null   tcp.o
    0x080075c8   0x080075c8   0x000000b8   Code   RO         4790    i.tcp_alloc         tcp.o
    0x08007680   0x08007680   0x00000004   Code   RO         4791    i.tcp_arg           tcp.o
    0x08007684   0x08007684   0x000000f4   Code   RO         4792    i.tcp_bind          tcp.o
    0x08007778   0x08007778   0x000000fc   Code   RO         4793    i.tcp_close         tcp.o
    0x08007874   0x08007874   0x00000064   Code   RO          692    i.tcp_echoserver_accept  tcp_echoserver.o
    0x080078d8   0x080078d8   0x00000048   Code   RO          693    i.tcp_echoserver_connection_close  tcp_echoserver.o
    0x08007920   0x08007920   0x00000012   Code   RO          694    i.tcp_echoserver_error  tcp_echoserver.o
    0x08007932   0x08007932   0x00000002   PAD
    0x08007934   0x08007934   0x00000084   Code   RO          695    i.tcp_echoserver_init  tcp_echoserver.o
    0x080079b8   0x080079b8   0x00000048   Code   RO          696    i.tcp_echoserver_poll  tcp_echoserver.o
    0x08007a00   0x08007a00   0x000000f4   Code   RO          697    i.tcp_echoserver_recv  tcp_echoserver.o
    0x08007af4   0x08007af4   0x00000064   Code   RO          698    i.tcp_echoserver_send  tcp_echoserver.o
    0x08007b58   0x08007b58   0x00000038   Code   RO          699    i.tcp_echoserver_sent  tcp_echoserver.o
    0x08007b90   0x08007b90   0x0000002e   Code   RO         4796    i.tcp_eff_send_mss  tcp.o
    0x08007bbe   0x08007bbe   0x000003f6   Code   RO         5032    i.tcp_enqueue       tcp_out.o
    0x08007fb4   0x08007fb4   0x00000006   Code   RO         4797    i.tcp_err           tcp.o
    0x08007fba   0x08007fba   0x00000002   PAD
    0x08007fbc   0x08007fbc   0x00000078   Code   RO         4798    i.tcp_fasttmr       tcp.o
    0x08008034   0x08008034   0x0000046c   Code   RO         4984    i.tcp_input         tcp_in.o
    0x080084a0   0x080084a0   0x00000052   Code   RO         5033    i.tcp_keepalive     tcp_out.o
    0x080084f2   0x080084f2   0x00000002   PAD
    0x080084f4   0x080084f4   0x00000058   Code   RO         4799    i.tcp_kill_prio     tcp.o
    0x0800854c   0x0800854c   0x0000003c   Code   RO         4800    i.tcp_kill_timewait  tcp.o
    0x08008588   0x08008588   0x00000134   Code   RO         4985    i.tcp_listen_input  tcp_in.o
    0x080086bc   0x080086bc   0x000000d0   Code   RO         4801    i.tcp_listen_with_backlog  tcp.o
    0x0800878c   0x0800878c   0x0000000a   Code   RO         4802    i.tcp_new           tcp.o
    0x08008796   0x08008796   0x00000002   PAD
    0x08008798   0x08008798   0x00000078   Code   RO         4803    i.tcp_new_port      tcp.o
    0x08008810   0x08008810   0x0000001c   Code   RO         4804    i.tcp_next_iss      tcp.o
    0x0800882c   0x0800882c   0x000001e0   Code   RO         5034    i.tcp_output        tcp_out.o
    0x08008a0c   0x08008a0c   0x000000cc   Code   RO         5035    i.tcp_output_segment  tcp_out.o
    0x08008ad8   0x08008ad8   0x0000008a   Code   RO         5036    i.tcp_output_set_header  tcp_out.o
    0x08008b62   0x08008b62   0x00000002   PAD
    0x08008b64   0x08008b64   0x000000b8   Code   RO         4986    i.tcp_parseopt      tcp_in.o
    0x08008c1c   0x08008c1c   0x00000036   Code   RO         4805    i.tcp_pcb_purge     tcp.o
    0x08008c52   0x08008c52   0x00000002   PAD
    0x08008c54   0x08008c54   0x00000098   Code   RO         4806    i.tcp_pcb_remove    tcp.o
    0x08008cec   0x08008cec   0x0000000a   Code   RO         4807    i.tcp_poll          tcp.o
    0x08008cf6   0x08008cf6   0x00000002   PAD
    0x08008cf8   0x08008cf8   0x00000584   Code   RO         4987    i.tcp_process       tcp_in.o
    0x0800927c   0x0800927c   0x00000630   Code   RO         4988    i.tcp_receive       tcp_in.o
    0x080098ac   0x080098ac   0x00000006   Code   RO         4808    i.tcp_recv          tcp.o
    0x080098b2   0x080098b2   0x0000002e   Code   RO         4809    i.tcp_recv_null     tcp.o
    0x080098e0   0x080098e0   0x00000046   Code   RO         4810    i.tcp_recved        tcp.o
    0x08009926   0x08009926   0x00000050   Code   RO         5037    i.tcp_rexmit        tcp_out.o
    0x08009976   0x08009976   0x00000072   Code   RO         5038    i.tcp_rexmit_fast   tcp_out.o
    0x080099e8   0x080099e8   0x0000003a   Code   RO         5039    i.tcp_rexmit_rto    tcp_out.o
    0x08009a22   0x08009a22   0x000000aa   Code   RO         5040    i.tcp_rst           tcp_out.o
    0x08009acc   0x08009acc   0x00000020   Code   RO         4811    i.tcp_seg_free      tcp.o
    0x08009aec   0x08009aec   0x0000001e   Code   RO         4812    i.tcp_segs_free     tcp.o
    0x08009b0a   0x08009b0a   0x0000001c   Code   RO         5041    i.tcp_send_ctrl     tcp_out.o
    0x08009b26   0x08009b26   0x0000005e   Code   RO         5042    i.tcp_send_empty_ack  tcp_out.o
    0x08009b84   0x08009b84   0x00000006   Code   RO         4813    i.tcp_sent          tcp.o
    0x08009b8a   0x08009b8a   0x00000004   Code   RO         4814    i.tcp_setprio       tcp.o
    0x08009b8e   0x08009b8e   0x00000002   PAD
    0x08009b90   0x08009b90   0x000002e0   Code   RO         4815    i.tcp_slowtmr       tcp.o
    0x08009e70   0x08009e70   0x000000b4   Code   RO         4989    i.tcp_timewait_input  tcp_in.o
    0x08009f24   0x08009f24   0x00000024   Code   RO         4816    i.tcp_tmr           tcp.o
    0x08009f48   0x08009f48   0x00000048   Code   RO         4817    i.tcp_update_rcv_ann_wnd  tcp.o
    0x08009f90   0x08009f90   0x00000048   Code   RO         5043    i.tcp_write         tcp_out.o
    0x08009fd8   0x08009fd8   0x000000a8   Code   RO         5044    i.tcp_zero_window_probe  tcp_out.o
    0x0800a080   0x0800a080   0x00000070   Code   RO         5114    i.udp_bind          udp.o
    0x0800a0f0   0x0800a0f0   0x000001c8   Code   RO         5117    i.udp_input         udp.o
    0x0800a2b8   0x0800a2b8   0x000000ca   Code   RO         5123    i.udp_sendto_if     udp.o
    0x0800a382   0x0800a382   0x00000002   PAD
    0x0800a384   0x0800a384   0x000000ec   Code   RO         5514    i.update_arp_entry  etharp.o
    0x0800a470   0x0800a470   0x0000005a   Code   RO         5997    x$fpl$dfixu         fz_wm.l(dfixu.o)
    0x0800a4ca   0x0800a4ca   0x00000026   Code   RO         6001    x$fpl$dfltu         fz_wm.l(dflt_clz.o)
    0x0800a4f0   0x0800a4f0   0x00000154   Code   RO         6009    x$fpl$dmul          fz_wm.l(dmul.o)
    0x0800a644   0x0800a644   0x0000009c   Code   RO         6057    x$fpl$dnaninf       fz_wm.l(dnaninf.o)
    0x0800a6e0   0x0800a6e0   0x0000000c   Code   RO         6059    x$fpl$dretinf       fz_wm.l(dretinf.o)
    0x0800a6ec   0x0800a6ec   0x0000000a   Code   RO         6540    x$fpl$fpinit        fz_wm.l(fpinit.o)
    0x0800a6f6   0x0800a6f6   0x00000000   Code   RO         6063    x$fpl$usenofp       fz_wm.l(usenofp.o)
    0x0800a6f6   0x0800a6f6   0x00000002   PAD
    0x0800a6f8   0x0800a6f8   0x0000cba4   Data   RO            8    .constdata          fs.o
    0x0801729c   0x0801729c   0x00000030   Data   RO          108    .constdata          httpd.o
    0x080172cc   0x080172cc   0x00000008   Data   RO          405    .constdata          httpd_cgi_ssi.o
    0x080172d4   0x080172d4   0x000029d0   Data   RO          934    .constdata          stm32f4_discovery_lcd.o
    0x08019ca4   0x08019ca4   0x00000058   Data   RO         1172    .constdata          stm32f4_discovery.o
    0x08019cfc   0x08019cfc   0x00000024   Data   RO         4512    .constdata          memp.o
    0x08019d20   0x08019d20   0x00000014   Data   RO         4818    .constdata          tcp.o
    0x08019d34   0x08019d34   0x00000008   Data   RO         5429    .constdata          ip_addr.o
    0x08019d3c   0x08019d3c   0x0000000c   Data   RO         5516    .constdata          etharp.o
    0x08019d48   0x08019d48   0x00000011   Data   RO         5957    .constdata          c_w.l(__printf_flags_wp.o)
    0x08019d59   0x08019d59   0x00000004   Data   RO         6326    .constdata          c_w.l(sys_io.o)
    0x08019d5d   0x08019d5d   0x00000004   Data   RO         6327    .constdata          c_w.l(sys_io.o)
    0x08019d61   0x08019d61   0x00000004   Data   RO         6328    .constdata          c_w.l(sys_io.o)
    0x08019d65   0x08019d65   0x00000003   PAD
    0x08019d68   0x08019d68   0x0000006a   Data   RO          109    .conststring        httpd.o
    0x08019dd2   0x08019dd2   0x00000002   PAD
    0x08019dd4   0x08019dd4   0x0000000e   Data   RO          406    .conststring        httpd_cgi_ssi.o
    0x08019de2   0x08019de2   0x00000002   PAD
    0x08019de4   0x08019de4   0x00000075   Data   RO         4819    .conststring        tcp.o
    0x08019e59   0x08019e59   0x00000003   PAD
    0x08019e5c   0x08019e5c   0x00000020   Data   RO         6615    Region$$Table       anon$$obj.o


    Execution Region RW_IRAM1 (Exec base: 0x20000000, Load base: 0x08019e7c, Size: 0x0000c7a8, Max: 0x00020000, ABSOLUTE, COMPRESSED[0x0000008c])

    Exec Addr    Load Addr    Size         Type   Attr      Idx    E Section Name        Object

    0x20000000   COMPRESSED   0x00000024   Data   RW          110    .data               httpd.o
    0x20000024   COMPRESSED   0x00000018   Data   RW          407    .data               httpd_cgi_ssi.o
    0x2000003c   COMPRESSED   0x0000001b   Data   RW          453    .data               main.o
    0x20000057   COMPRESSED   0x00000001   PAD
    0x20000058   COMPRESSED   0x0000000c   Data   RW          542    .data               netconf.o
    0x20000064   COMPRESSED   0x00000005   Data   RW          595    .data               stm32f4x7_eth_bsp.o
    0x20000069   COMPRESSED   0x00000003   PAD
    0x2000006c   COMPRESSED   0x00000008   Data   RW          700    .data               tcp_echoserver.o
    0x20000074   COMPRESSED   0x00000028   Data   RW          935    .data               stm32f4_discovery_lcd.o
    0x2000009c   COMPRESSED   0x00000030   Data   RW         1173    .data               stm32f4_discovery.o
    0x200000cc   COMPRESSED   0x00000010   Data   RW         3367    .data               stm32f4xx_rcc.o
    0x200000dc   COMPRESSED   0x00000010   Data   RW         3684    .data               stm32f4x7_eth.o
    0x200000ec   COMPRESSED   0x00000004   Data   RW         4243    .data               dhcp.o
    0x200000f0   COMPRESSED   0x0000000d   Data   RW         4471    .data               mem.o
    0x200000fd   COMPRESSED   0x00000003   PAD
    0x20000100   COMPRESSED   0x00000009   Data   RW         4561    .data               netif.o
    0x20000109   COMPRESSED   0x00000003   PAD
    0x2000010c   COMPRESSED   0x00000004   Data   RW         4727    .data               raw.o
    0x20000110   COMPRESSED   0x0000004c   Data   RW         4820    .data               tcp.o
    0x2000015c   COMPRESSED   0x00000020   Data   RW         4991    .data               tcp_in.o
    0x2000017c   COMPRESSED   0x00000004   Data   RW         5124    .data               udp.o
    0x20000180   COMPRESSED   0x0000000a   Data   RW         5393    .data               ip.o
    0x2000018a   COMPRESSED   0x00000002   PAD
    0x2000018c   COMPRESSED   0x00000006   Data   RW         5459    .data               ip_frag.o
    0x20000192   COMPRESSED   0x00000001   Data   RW         5517    .data               etharp.o
    0x20000193   COMPRESSED   0x00000001   PAD
    0x20000194   COMPRESSED   0x00000004   Data   RW         6032    .data               c_w.l(stdio_streams.o)
    0x20000198   COMPRESSED   0x00000004   Data   RW         6033    .data               c_w.l(stdio_streams.o)
    0x2000019c   COMPRESSED   0x00000004   Data   RW         6034    .data               c_w.l(stdio_streams.o)
    0x200001a0        -       0x000000f0   Zero   RW            7    .bss                fs.o
    0x20000290        -       0x00000400   Zero   RW          107    .bss                httpd.o
    0x20000690        -       0x00000050   Zero   RW          452    .bss                main.o
    0x200006e0        -       0x00000038   Zero   RW          541    .bss                netconf.o
    0x20000718        -       0x00003cd4   Zero   RW         3683    .bss                stm32f4x7_eth.o
    0x200043ec        -       0x00002814   Zero   RW         4470    .bss                mem.o
    0x20006c00        -       0x00004d8f   Zero   RW         4511    .bss                memp.o
    0x2000b98f   COMPRESSED   0x00000001   PAD
    0x2000b990        -       0x00000014   Zero   RW         4990    .bss                tcp_in.o
    0x2000b9a4        -       0x000005e0   Zero   RW         5458    .bss                ip_frag.o
    0x2000bf84        -       0x000000c8   Zero   RW         5515    .bss                etharp.o
    0x2000c04c        -       0x00000054   Zero   RW         6029    .bss                c_w.l(stdio_streams.o)
    0x2000c0a0        -       0x00000054   Zero   RW         6030    .bss                c_w.l(stdio_streams.o)
    0x2000c0f4        -       0x00000054   Zero   RW         6031    .bss                c_w.l(stdio_streams.o)
    0x2000c148        -       0x00000060   Zero   RW         6331    .bss                c_w.l(libspace.o)
    0x2000c1a8        -       0x00000200   Zero   RW         5891    HEAP                startup_stm32f407xx.o
    0x2000c3a8        -       0x00000400   Zero   RW         5890    STACK               startup_stm32f407xx.o


==============================================================================

Image component sizes


      Code (inc. data)   RO Data    RW Data    ZI Data      Debug   Object Name

       282         30          0          0          0       3688   25lc256_1.o
       260        110          0          0          0       1667   at_command.o
       542         22          0          0          0       5786   autoip.o
       740         14          0          4          0      12059   dhcp.o
      2356         48         12          1        200      14999   etharp.o
       448         42          0          0          0       5238   ethernetif.o
       272         16      52132          0        240      10984   fs.o
       616         32          0          0          0       5296   function.o
      3358        200        154         36       1024     331830   httpd.o
       492         66         22         24          0       4787   httpd_cgi_ssi.o
       512          0          0          0          0       4294   icmp.o
        62          0          0          0          0       2608   inet.o
       180          0          0          0          0       6109   inet_chksum.o
         0          0          0          0          0       2075   init.o
       844         30          0         10          0       7888   ip.o
        78          0          8          0          0       6001   ip_addr.o
      1488         40          0          6       1504       8913   ip_frag.o
      2492        342          0         27         80      42686   main.o
       856         68          0         13      10260       5649   mem.o
       176         26         36          0      19855       4322   memp.o
       160         14          0          0          0       1982   misc.o
       304         72          0         12         56      10438   netconf.o
       384         24          0          9          0       8988   netif.o
      1204          0          0          0          0       8941   pbuf.o
       104          4          0          4          0       1896   raw.o
        64         26        392          0       1536        928   startup_stm32f407xx.o
        48         16         88         48          0       3226   stm32f4_discovery.o
      1282         74      10704         40          0      14264   stm32f4_discovery_lcd.o
      2140        168          0         16      15572      17682   stm32f4x7_eth.o
       648         74          0          5          0      21282   stm32f4x7_eth_bsp.o
       376         24          0          0          0       6563   stm32f4xx_adc.o
       282          6          0          0          0       2257   stm32f4xx_fsmc.o
       230          0          0          0          0       4277   stm32f4xx_gpio.o
        32          0          0          0          0       4698   stm32f4xx_it.o
       392         48          0         16          0       6617   stm32f4xx_rcc.o
       112          0          0          0          0       4334   stm32f4xx_spi.o
        12          6          0          0          0        714   stm32f4xx_syscfg.o
       214         28          0          0          0       4510   stm32f4xx_tim.o
       456          8          0          0          0       7279   stm32f4xx_usart.o
       308         28          0          0          0       1829   system_stm32f4xx_1.o
      2792        164        137         76          0      30932   tcp.o
       794        122          0          8          0       6863   tcp_echoserver.o
      4800        260          0         32         20      16008   tcp_in.o
      2702         16          0          0          0      13170   tcp_out.o
       128          6          0          0          0     213669   u_print.o
       770         10          0          4          0      13240   udp.o

    ----------------------------------------------------------------------
     36858       2284      63724        404      50348     913466   Object Totals
         0          0         32          0          0          0   (incl. Generated)
        66          0          7         13          1          0   (incl. Padding)

    ----------------------------------------------------------------------

      Code (inc. data)   RO Data    RW Data    ZI Data      Debug   Library Member Name

        24          4          0          0          0         84   __2printf.o
        44          6          0          0          0         84   __2sprintf.o
        90          0          0          0          0          0   __dczerorl2.o
         8          0          0          0          0         68   __main.o
       312          4         17          0          0         92   __printf_flags_wp.o
        14          0          0          0          0         68   __printf_wp.o
         0          0          0          0          0          0   __rtentry.o
        12          0          0          0          0          0   __rtentry2.o
         6          0          0          0          0          0   __rtentry4.o
        52          8          0          0          0          0   __scatter.o
        28          0          0          0          0          0   __scatter_zi.o
        48          6          0          0          0         96   _printf_char_common.o
        36          4          0          0          0         80   _printf_char_file.o
         6          0          0          0          0          0   _printf_d.o
       120         16          0          0          0         92   _printf_dec.o
       178          0          0          0          0         88   _printf_intcommon.o
         0          0          0          0          0          0   _printf_percent.o
         4          0          0          0          0          0   _printf_percent_end.o
        10          0          0          0          0         68   _sputc.o
        22          0          0          0          0         80   abort.o
        48         34          0          0          0         76   defsig_abrt_inner.o
        14          0          0          0          0         80   defsig_abrt_outer.o
        10          0          0          0          0         68   defsig_exit.o
        50          0          0          0          0         88   defsig_general.o
        80         58          0          0          0         76   defsig_rtmem_inner.o
        14          0          0          0          0         80   defsig_rtmem_outer.o
        52         38          0          0          0         76   defsig_rtred_inner.o
        14          0          0          0          0         80   defsig_rtred_outer.o
        18          0          0          0          0         80   exit.o
        76          0          0          0          0         88   fclose.o
         8          0          0          0          0         68   ferror.o
       470          0          0          0          0         88   flsbuf.o
       236          4          0          0          0        128   fopen.o
        26          0          0          0          0         68   fputc.o
       248          6          0          0          0         84   fseek.o
        66          0          0          0          0         76   ftell.o
        94          0          0          0          0         80   h1_alloc.o
        52          0          0          0          0         68   h1_extend.o
        78          0          0          0          0         80   h1_free.o
        14          0          0          0          0         84   h1_init.o
         6          0          0          0          0        152   heapauxi.o
         4          0          0          0          0        136   hguard.o
         0          0          0          0          0          0   indicate_semi.o
       138          0          0          0          0        168   init_alloc.o
       312         46          0          0          0        112   initio.o
         2          0          0          0          0          0   libinit.o
        18          0          0          0          0          0   libinit2.o
         2          0          0          0          0          0   libshutdown.o
         6          0          0          0          0          0   libshutdown2.o
         8          4          0          0         96         68   libspace.o
         0          0          0          0          0          0   maybetermalloc1.o
        88          0          0          0          0         76   memcmp.o
         8          4          0          0          0         68   rt_eh_globals_addr_intlibspace.o
         8          4          0          0          0         68   rt_errno_addr_intlibspace.o
         8          4          0          0          0         68   rt_heap_descriptor_intlibspace.o
        78          0          0          0          0         80   rt_memclr_w.o
       138          0          0          0          0         68   rt_memcpy_v6.o
       100          0          0          0          0         80   rt_memcpy_w.o
         8          4          0          0          0         68   rt_new_handler_addr_intlibspace.o
         2          0          0          0          0          0   rtexit.o
        10          0          0          0          0          0   rtexit2.o
        70          0          0          0          0         80   setvbuf.o
       240          6          0          0          0        156   stdio.o
         0          0          0         12        252          0   stdio_streams.o
        20          0          0          0          0         68   strchr.o
       128          0          0          0          0         68   strcmpv7m.o
        72          0          0          0          0         80   strcpy.o
        62          0          0          0          0         76   strlen.o
       150          0          0          0          0         80   strncmp.o
        36          0          0          0          0         80   strstr.o
        12          4          0          0          0         68   sys_exit.o
       102          0         12          0          0        240   sys_io.o
        74          0          0          0          0         80   sys_stackheap_outer.o
        14          0          0          0          0         76   sys_wrch.o
         2          0          0          0          0         68   use_no_semi.o
        80         12          0          0          0        104   arm_exceptions_globs.o
        60          0          0          0          0        108   arm_exceptions_mem.o
        26          0          0          0          0         76   arm_exceptions_terminate.o
         4          0          0          0          0         68   arm_newhandler_noexceptions.o
         8          0          0          0          0         76   array_new.o
        40          6          0          0          0         76   new.o
        90          4          0          0          0        140   dfixu.o
        38          0          0          0          0        116   dflt_clz.o
       340         12          0          0          0        152   dmul.o
       156          4          0          0          0        140   dnaninf.o
        12          0          0          0          0        116   dretinf.o
        10          0          0          0          0        116   fpinit.o
         0          0          0          0          0          0   usenofp.o

    ----------------------------------------------------------------------
      5494        302         32         12        348       6236   Library Totals
        22          0          3          0          0          0   (incl. Padding)

    ----------------------------------------------------------------------

      Code (inc. data)   RO Data    RW Data    ZI Data      Debug   Library Name

      4608        264         29         12        348       4948   c_w.l
       218         18          0          0          0        508   cpprt_w.l
       646         20          0          0          0        780   fz_wm.l

    ----------------------------------------------------------------------
      5494        302         32         12        348       6236   Library Totals

    ----------------------------------------------------------------------

==============================================================================


      Code (inc. data)   RO Data    RW Data    ZI Data      Debug   

     42352       2586      63756        416      50696     887282   Grand Totals
     42352       2586      63756        140      50696     887282   ELF Image Totals (compressed)
     42352       2586      63756        140          0          0   ROM Totals

==============================================================================

    Total RO  Size (Code + RO Data)               106108 ( 103.62kB)
    Total RW  Size (RW Data + ZI Data)             51112 (  49.91kB)
    Total ROM Size (Code + RO Data + RW Data)     106248 ( 103.76kB)

==============================================================================

