Component: ARM Compiler 5.06 update 5 (build 528) Tool: armlink [4d35e2]

==============================================================================

Section Cross References

    main.o(i.Delay) refers to main.o(.data) for .data
    main.o(i.Init_peripheral) refers to stm32f4xx_rcc.o(i.RCC_AHB1PeriphClockCmd) for RCC_AHB1PeriphClockCmd
    main.o(i.Init_peripheral) refers to stm32f4xx_rcc.o(i.RCC_APB1PeriphClockCmd) for RCC_APB1PeriphClockCmd
    main.o(i.Init_peripheral) refers to stm32f4xx_rcc.o(i.RCC_APB2PeriphClockCmd) for RCC_APB2PeriphClockCmd
    main.o(i.Init_peripheral) refers to stm32f4xx_gpio.o(i.GPIO_Init) for GPIO_Init
    main.o(i.Init_peripheral) refers to stm32f4xx_gpio.o(i.GPIO_PinAFConfig) for GPIO_PinAFConfig
    main.o(i.Init_peripheral) refers to stm32f4xx_tim.o(i.TIM_TimeBaseInit) for TIM_TimeBaseInit
    main.o(i.Init_peripheral) refers to stm32f4xx_tim.o(i.TIM_Cmd) for TIM_Cmd
    main.o(i.Init_peripheral) refers to stm32f4xx_tim.o(i.TIM_ITConfig) for TIM_ITConfig
    main.o(i.Init_peripheral) refers to stm32f4xx_usart.o(i.USART_Init) for USART_Init
    main.o(i.Init_peripheral) refers to stm32f4xx_usart.o(i.USART_ITConfig) for USART_ITConfig
    main.o(i.Init_peripheral) refers to stm32f4xx_usart.o(i.USART_Cmd) for USART_Cmd
    main.o(i.Init_peripheral) refers to stm32f4xx_gpio.o(i.GPIO_SetBits) for GPIO_SetBits
    main.o(i.Init_peripheral) refers to stm32f4xx_spi.o(i.SPI_Init) for SPI_Init
    main.o(i.Init_peripheral) refers to stm32f4xx_spi.o(i.SPI_Cmd) for SPI_Cmd
    main.o(i.Init_peripheral) refers to misc.o(i.NVIC_Init) for NVIC_Init
    main.o(i.LCD_LED_Init) refers to stm32f4_discovery_lcd.o(i.STM32f4_Discovery_LCD_Init) for STM32f4_Discovery_LCD_Init
    main.o(i.LCD_LED_Init) refers to stm32f4_discovery_lcd.o(i.LCD_Clear) for LCD_Clear
    main.o(i.LCD_LED_Init) refers to stm32f4_discovery_lcd.o(i.LCD_SetBackColor) for LCD_SetBackColor
    main.o(i.LCD_LED_Init) refers to stm32f4_discovery_lcd.o(i.LCD_SetTextColor) for LCD_SetTextColor
    main.o(i.LCD_LED_Init) refers to stm32f4_discovery_lcd.o(i.LCD_GetFont) for LCD_GetFont
    main.o(i.LCD_LED_Init) refers to stm32f4_discovery_lcd.o(i.LCD_DisplayStringLine) for LCD_DisplayStringLine
    main.o(i.TIM4_IRQHandler) refers to stm32f4xx_tim.o(i.TIM_GetITStatus) for TIM_GetITStatus
    main.o(i.TIM4_IRQHandler) refers to stm32f4xx_tim.o(i.TIM_ClearITPendingBit) for TIM_ClearITPendingBit
    main.o(i.TIM4_IRQHandler) refers to main.o(.data) for .data
    main.o(i.Time_Update) refers to main.o(.data) for .data
    main.o(i.USART1_IRQHandler) refers to stm32f4xx_usart.o(i.USART_GetITStatus) for USART_GetITStatus
    main.o(i.USART1_IRQHandler) refers to stm32f4xx_usart.o(i.USART_ReceiveData) for USART_ReceiveData
    main.o(i.USART1_IRQHandler) refers to stm32f4xx_gpio.o(i.GPIO_ToggleBits) for GPIO_ToggleBits
    main.o(i.USART1_IRQHandler) refers to at_command.o(i.CheckAT) for CheckAT
    main.o(i.USART1_IRQHandler) refers to main.o(.bss) for .bss
    main.o(i.USART1_IRQHandler) refers to main.o(.data) for .data
    main.o(i.USART2_IRQHandler) refers to stm32f4xx_usart.o(i.USART_GetITStatus) for USART_GetITStatus
    main.o(i.USART2_IRQHandler) refers to stm32f4xx_gpio.o(i.GPIO_ToggleBits) for GPIO_ToggleBits
    main.o(i.USART2_IRQHandler) refers to stm32f4xx_usart.o(i.USART_ReceiveData) for USART_ReceiveData
    main.o(i.USART2_IRQHandler) refers to at_command.o(i.CheckAT) for CheckAT
    main.o(i.USART2_IRQHandler) refers to u_print.o(i.U_Print) for U_Print
    main.o(i.USART2_IRQHandler) refers to main.o(.bss) for .bss
    main.o(i.USART2_IRQHandler) refers to main.o(.data) for .data
    main.o(i.main) refers to stm32f4xx_rcc.o(i.RCC_AHB1PeriphClockCmd) for RCC_AHB1PeriphClockCmd
    main.o(i.main) refers to stm32f4xx_rcc.o(i.RCC_APB1PeriphClockCmd) for RCC_APB1PeriphClockCmd
    main.o(i.main) refers to stm32f4xx_rcc.o(i.RCC_APB2PeriphClockCmd) for RCC_APB2PeriphClockCmd
    main.o(i.main) refers to stm32f4xx_gpio.o(i.GPIO_Init) for GPIO_Init
    main.o(i.main) refers to stm32f4xx_gpio.o(i.GPIO_PinAFConfig) for GPIO_PinAFConfig
    main.o(i.main) refers to stm32f4xx_tim.o(i.TIM_TimeBaseInit) for TIM_TimeBaseInit
    main.o(i.main) refers to stm32f4xx_tim.o(i.TIM_Cmd) for TIM_Cmd
    main.o(i.main) refers to stm32f4xx_tim.o(i.TIM_ITConfig) for TIM_ITConfig
    main.o(i.main) refers to stm32f4xx_usart.o(i.USART_Init) for USART_Init
    main.o(i.main) refers to stm32f4xx_usart.o(i.USART_ITConfig) for USART_ITConfig
    main.o(i.main) refers to stm32f4xx_usart.o(i.USART_Cmd) for USART_Cmd
    main.o(i.main) refers to stm32f4xx_gpio.o(i.GPIO_SetBits) for GPIO_SetBits
    main.o(i.main) refers to stm32f4xx_spi.o(i.SPI_Init) for SPI_Init
    main.o(i.main) refers to stm32f4xx_spi.o(i.SPI_Cmd) for SPI_Cmd
    main.o(i.main) refers to misc.o(i.NVIC_Init) for NVIC_Init
    main.o(i.main) refers to main.o(i.LCD_LED_Init) for LCD_LED_Init
    main.o(i.main) refers to stm32f4x7_eth_bsp.o(i.ETH_BSP_Config) for ETH_BSP_Config
[...]
    __aeabi_memcpy                           0x080001c1   Thumb Code    36  memcpya.o(.text)
    __aeabi_memcpy4                          0x080001c1   Thumb Code     0  memcpya.o(.text)
    __aeabi_memcpy8                          0x080001c1   Thumb Code     0  memcpya.o(.text)
    __aeabi_memset                           0x080001e5   Thumb Code    14  memseta.o(.text)
    __aeabi_memset4                          0x080001e5   Thumb Code     0  memseta.o(.text)
    __aeabi_memset8                          0x080001e5   Thumb Code     0  memseta.o(.text)
    __aeabi_memclr                           0x080001f3   Thumb Code     4  memseta.o(.text)
    __aeabi_memclr4                          0x080001f3   Thumb Code     0  memseta.o(.text)
    __aeabi_memclr8                          0x080001f3   Thumb Code     0  memseta.o(.text)
    _memset$wrapper                          0x080001f7   Thumb Code    18  memseta.o(.text)
    strstr                                   0x08000209   Thumb Code    36  strstr.o(.text)
    strchr                                   0x0800022d   Thumb Code    20  strchr.o(.text)
    strlen                                   0x08000241   Thumb Code    14  strlen.o(.text)
    strcmp                                   0x0800024f   Thumb Code    28  strcmp.o(.text)
    memcmp                                   0x0800026b   Thumb Code    26  memcmp.o(.text)
    strcpy                                   0x08000285   Thumb Code    18  strcpy.o(.text)
    strncmp                                  0x08000297   Thumb Code    30  strncmp.o(.text)
    __aeabi_dmul                             0x080002b5   Thumb Code   228  dmul.o(.text)
    __aeabi_ui2d                             0x08000399   Thumb Code    26  dfltui.o(.text)
    __aeabi_d2uiz                            0x080003b3   Thumb Code    50  dfixui.o(.text)
    __aeabi_cdrcmple                         0x080003e5   Thumb Code    48  cdrcmple.o(.text)
    __aeabi_uidiv                            0x08000415   Thumb Code     0  uidiv.o(.text)
    __aeabi_uidivmod                         0x08000415   Thumb Code    44  uidiv.o(.text)
    __aeabi_uldivmod                         0x08000441   Thumb Code    98  uldiv.o(.text)
    __aeabi_llsr                             0x080004a3   Thumb Code    32  llushr.o(.text)
    _ll_ushift_r                             0x080004a3   Thumb Code     0  llushr.o(.text)
    __I$use$fp                               0x080004c3   Thumb Code     0  iusefp.o(.text)
    _double_round                            0x080004c3   Thumb Code    30  depilogue.o(.text)
    _double_epilogue                         0x080004e1   Thumb Code   156  depilogue.o(.text)
    __aeabi_dadd                             0x0800057d   Thumb Code   322  dadd.o(.text)
    __aeabi_dsub                             0x080006bf   Thumb Code     6  dadd.o(.text)
    __aeabi_drsub                            0x080006c5   Thumb Code     6  dadd.o(.text)
    __aeabi_ddiv                             0x080006cb   Thumb Code   222  ddiv.o(.text)
    __aeabi_d2ulz                            0x080007a9   Thumb Code    48  dfixul.o(.text)
    __default_new_handler()                  0x080007d9   Thumb Code     4  arm_newhandler_noexceptions.o(.text)
    __scatterload                            0x080007dd   Thumb Code    28  init.o(.text)
    __scatterload_rt2                        0x080007dd   Thumb Code     0  init.o(.text)
    __aeabi_llsl                             0x08000801   Thumb Code    30  llshl.o(.text)
    __semihosting_library_function           0x08000801   Thumb Code     0  semi.o(.text)
    _ll_shift_l                              0x08000801   Thumb Code     0  llshl.o(.text)
    __aeabi_lasr                             0x0800081f   Thumb Code    36  llsshr.o(.text)
    _ll_sshift_r                             0x0800081f   Thumb Code     0  llsshr.o(.text)
    __I$use$semihosting$fputc                0x08000843   Thumb Code     0  iusesemip.o(.text)
    __rt_new_handler_addr                    0x08000845   Thumb Code     4  cpp_memory.o(.text)
    __rt_eh_globals_addr                     0x08000849   Thumb Code    12  cpp_memory.o(.text)
    std::terminate()                         0x08000859   Thumb Code    26  arm_exceptions_terminate.o(.text)
    __cxa_get_globals                        0x0800087b   Thumb Code    62  arm_exceptions_globs.o(.text)
    __ARM_exceptions_buffer_init             0x080008c5   Thumb Code    18  arm_exceptions_mem.o(.text)
    __ARM_exceptions_buffer_allocate         0x080008d7   Thumb Code    22  arm_exceptions_mem.o(.text)
    __ARM_exceptions_buffer_free             0x080008ed   Thumb Code    20  arm_exceptions_mem.o(.text)
    __decompress                             0x08000901   Thumb Code     0  __dczerorl2.o(.text)
    __decompress1                            0x08000901   Thumb Code    86  __dczerorl2.o(.text)
    ADC_Cmd                                  0x08000957   Thumb Code    24  stm32f4xx_adc.o(i.ADC_Cmd)
    ADC_CommonInit                           0x08000971   Thumb Code    30  stm32f4xx_adc.o(i.ADC_CommonInit)
    ADC_GetConversionValue                   0x08000a19   Thumb Code     6  stm32f4xx_adc.o(i.ADC_GetConversionValue)
    ADC_Handler                              0x08000a21   Thumb Code   138  httpd_cgi_ssi.o(i.ADC_Handler)
    ADC_Init                                 0x08000abd   Thumb Code    66  stm32f4xx_adc.o(i.ADC_Init)
    ADC_RegularChannelConfig                 0x08000b09   Thumb Code   116  stm32f4xx_adc.o(i.ADC_RegularChannelConfig)
    ADC_SoftwareStartConv                    0x08000b7d   Thumb Code    10  stm32f4xx_adc.o(i.ADC_SoftwareStartConv)
    ADC_StructInit                           0x08000b87   Thumb Code    20  stm32f4xx_adc.o(i.ADC_StructInit)
    BusFault_Handler                         0x08000b9b   Thumb Code     2  stm32f4xx_it.o(i.BusFault_Handler)
    CheckAT                                  0x08000b9d   Thumb Code   134  at_command.o(i.CheckAT)
    Check_Open_Door                          0x08000c91   Thumb Code   166  function.o(i.Check_Open_Door)
    CloseDoor                                0x08000d4d   Thumb Code    56  function.o(i.CloseDoor)
    DebugMon_Handler                         0x08000d89   Thumb Code     2  stm32f4xx_it.o(i.DebugMon_Handler)
    EEPROM_readByte                          0x08000d8d   Thumb Code    50  25lc256.o(i.EEPROM_readByte)
    EEPROM_readStatus                        0x08000dc5   Thumb Code    42  25lc256.o(i.EEPROM_readStatus)
    EEPROM_send16BitAddress                  0x08000df5   Thumb Code    20  25lc256.o(i.EEPROM_send16BitAddress)
    EEPROM_writeByte                         0x08000e09   Thumb Code    60  25lc256.o(i.EEPROM_writeByte)
    EEPROM_writeEnable                       0x08000e49   Thumb Code    34  25lc256.o(i.EEPROM_writeEnable)
    ETH_BSP_Config                           0x08000e71   Thumb Code   122  stm32f4x7_eth_bsp.o(i.ETH_BSP_Config)
    ETH_CheckFrameReceived                   0x08000f1d   Thumb Code   100  stm32f4x7_eth.o(i.ETH_CheckFrameReceived)
    ETH_DMAReceptionCmd                      0x08000f85   Thumb Code    26  stm32f4x7_eth.o(i.ETH_DMAReceptionCmd)
    ETH_DMARxDescChainInit                   0x08000fa5   Thumb Code    80  stm32f4x7_eth.o(i.ETH_DMARxDescChainInit)
    ETH_DMATransmissionCmd                   0x08001001   Thumb Code    26  stm32f4x7_eth.o(i.ETH_DMATransmissionCmd)
    ETH_DMATxDescChainInit                   0x08001021   Thumb Code    62  stm32f4x7_eth.o(i.ETH_DMATxDescChainInit)
    ETH_DMATxDescChecksumInsertionConfig     0x08001069   Thumb Code     8  stm32f4x7_eth.o(i.ETH_DMATxDescChecksumInsertionConfig)
    ETH_DeInit                               0x08001071   Thumb Code    24  stm32f4x7_eth.o(i.ETH_DeInit)
    ETH_FlushTransmitFIFO                    0x080010a1   Thumb Code    12  stm32f4x7_eth.o(i.ETH_FlushTransmitFIFO)
    ETH_GetSoftwareResetStatus               0x080011d5   Thumb Code    14  stm32f4x7_eth.o(i.ETH_GetSoftwareResetStatus)
    ETH_Get_Received_Frame                   0x080011e9   Thumb Code    56  stm32f4x7_eth.o(i.ETH_Get_Received_Frame)
    ETH_Init                                 0x08001225   Thumb Code   560  stm32f4x7_eth.o(i.ETH_Init)
    ETH_MACAddressConfig                     0x0800148d   Thumb Code    38  stm32f4x7_eth.o(i.ETH_MACAddressConfig)
    ETH_MACReceptionCmd                      0x08001535   Thumb Code    26  stm32f4x7_eth.o(i.ETH_MACReceptionCmd)
    ETH_MACTransmissionCmd                   0x08001555   Thumb Code    26  stm32f4x7_eth.o(i.ETH_MACTransmissionCmd)
    ETH_Prepare_Transmit_Descriptors         0x08001575   Thumb Code   166  stm32f4x7_eth.o(i.ETH_Prepare_Transmit_Descriptors)
    ETH_ReadPHYRegister                      0x08001625   Thumb Code    80  stm32f4x7_eth.o(i.ETH_ReadPHYRegister)
    ETH_SoftwareReset                        0x0800167d   Thumb Code    12  stm32f4x7_eth.o(i.ETH_SoftwareReset)
    ETH_Start                                0x0800168d   Thumb Code    34  stm32f4x7_eth.o(i.ETH_Start)
    ETH_StructInit                           0x080016af   Thumb Code   154  stm32f4x7_eth.o(i.ETH_StructInit)
    ETH_WritePHYRegister                     0x08001749   Thumb Code    80  stm32f4x7_eth.o(i.ETH_WritePHYRegister)
    FSMC_NORSRAMCmd                          0x080017a1   Thumb Code    30  stm32f4xx_fsmc.o(i.FSMC_NORSRAMCmd)
    FSMC_NORSRAMInit                         0x080017c5   Thumb Code   202  stm32f4xx_fsmc.o(i.FSMC_NORSRAMInit)
    GPIO_Init                                0x0800188f   Thumb Code   124  stm32f4xx_gpio.o(i.GPIO_Init)
    GPIO_PinAFConfig                         0x0800190b   Thumb Code    32  stm32f4xx_gpio.o(i.GPIO_PinAFConfig)
    GPIO_ResetBits                           0x0800192b   Thumb Code     4  stm32f4xx_gpio.o(i.GPIO_ResetBits)
    GPIO_SetBits                             0x0800192f   Thumb Code     4  stm32f4xx_gpio.o(i.GPIO_SetBits)
    GPIO_ToggleBits                          0x08001933   Thumb Code     8  stm32f4xx_gpio.o(i.GPIO_ToggleBits)
    HardFault_Handler                        0x0800193b   Thumb Code     2  stm32f4xx_it.o(i.HardFault_Handler)
    IDADD_READ_DOOR                          0x0800193d   Thumb Code    16  function.o(i.IDADD_READ_DOOR)
    IDADD_READ_RFID                          0x0800194d   Thumb Code    44  function.o(i.IDADD_READ_RFID)
    IDADD_READ_TIME                          0x08001979   Thumb Code    56  function.o(i.IDADD_READ_TIME)
    ID_DEL                                   0x080019b1   Thumb Code   132  function.o(i.ID_DEL)
    LCD_Clear                                0x08001a39   Thumb Code    34  stm32f4_discovery_lcd.o(i.LCD_Clear)
    LCD_CtrlLinesConfig                      0x08001a61   Thumb Code   356  stm32f4_discovery_lcd.o(i.LCD_CtrlLinesConfig)
    LCD_DisplayChar                          0x08001bcd   Thumb Code    26  stm32f4_discovery_lcd.o(i.LCD_DisplayChar)
    LCD_DisplayStringLine                    0x08001bed   Thumb Code    50  stm32f4_discovery_lcd.o(i.LCD_DisplayStringLine)
    LCD_DrawChar                             0x08001c25   Thumb Code   120  stm32f4_discovery_lcd.o(i.LCD_DrawChar)
    LCD_FSMCConfig                           0x08001ca1   Thumb Code    86  stm32f4_discovery_lcd.o(i.LCD_FSMCConfig)
    LCD_GetFont                              0x08001cf9   Thumb Code     6  stm32f4_discovery_lcd.o(i.LCD_GetFont)
    LCD_LED_Init                             0x08001d05   Thumb Code    90  main.o(i.LCD_LED_Init)
    LCD_SetBackColor                         0x08001dc1   Thumb Code    12  stm32f4_discovery_lcd.o(i.LCD_SetBackColor)
    LCD_SetCursor                            0x08001dd1   Thumb Code    24  stm32f4_discovery_lcd.o(i.LCD_SetCursor)
    LCD_SetFont                              0x08001de9   Thumb Code     6  stm32f4_discovery_lcd.o(i.LCD_SetFont)
    LCD_SetTextColor                         0x08001df5   Thumb Code    12  stm32f4_discovery_lcd.o(i.LCD_SetTextColor)
    LCD_WriteRAM                             0x08001e05   Thumb Code     6  stm32f4_discovery_lcd.o(i.LCD_WriteRAM)
    LCD_WriteRAM_Prepare                     0x08001e11   Thumb Code    10  stm32f4_discovery_lcd.o(i.LCD_WriteRAM_Prepare)
    LCD_WriteReg                             0x08001e1d   Thumb Code    12  stm32f4_discovery_lcd.o(i.LCD_WriteReg)
    LEDS_CGI_Handler                         0x08001e2d   Thumb Code    46  httpd_cgi_ssi.o(i.LEDS_CGI_Handler)
    LwIP_Init                                0x08001e75   Thumb Code   150  netconf.o(i.LwIP_Init)
    LwIP_Periodic_Handle                     0x08001f45   Thumb Code    50  netconf.o(i.LwIP_Periodic_Handle)
    LwIP_Pkt_Handle                          0x08001f7d   Thumb Code     6  netconf.o(i.LwIP_Pkt_Handle)
    MemManage_Handler                        0x08001f89   Thumb Code     2  stm32f4xx_it.o(i.MemManage_Handler)
    NMI_Handler                              0x08001f8b   Thumb Code     2  stm32f4xx_it.o(i.NMI_Handler)
    NVIC_Init                                0x08001f8d   Thumb Code    98  misc.o(i.NVIC_Init)
    OpenDoor                                 0x08001ff5   Thumb Code    56  function.o(i.OpenDoor)
    PendSV_Handler                           0x08002031   Thumb Code     2  stm32f4xx_it.o(i.PendSV_Handler)
    RCC_AHB1PeriphClockCmd                   0x08002035   Thumb Code    22  stm32f4xx_rcc.o(i.RCC_AHB1PeriphClockCmd)
    RCC_AHB1PeriphResetCmd                   0x08002051   Thumb Code    22  stm32f4xx_rcc.o(i.RCC_AHB1PeriphResetCmd)
    RCC_AHB3PeriphClockCmd                   0x0800206d   Thumb Code    22  stm32f4xx_rcc.o(i.RCC_AHB3PeriphClockCmd)
    RCC_APB1PeriphClockCmd                   0x08002089   Thumb Code    22  stm32f4xx_rcc.o(i.RCC_APB1PeriphClockCmd)
    RCC_APB2PeriphClockCmd                   0x080020a5   Thumb Code    22  stm32f4xx_rcc.o(i.RCC_APB2PeriphClockCmd)
    RCC_GetClocksFreq                        0x080020c1   Thumb Code   148  stm32f4xx_rcc.o(i.RCC_GetClocksFreq)
    SPI_Cmd                                  0x08002161   Thumb Code    24  stm32f4xx_spi.o(i.SPI_Cmd)
    SPI_I2S_GetFlagStatus                    0x08002179   Thumb Code    14  stm32f4xx_spi.o(i.SPI_I2S_GetFlagStatus)
    SPI_I2S_ReceiveData                      0x08002187   Thumb Code     4  stm32f4xx_spi.o(i.SPI_I2S_ReceiveData)
    SPI_I2S_SendData                         0x0800218b   Thumb Code     4  stm32f4xx_spi.o(i.SPI_I2S_SendData)
    SPI_Init                                 0x0800218f   Thumb Code    56  stm32f4xx_spi.o(i.SPI_Init)
    SPI_ReadWrite                            0x080021c9   Thumb Code    48  25lc256.o(i.SPI_ReadWrite)
    STM32f4_Discovery_LCD_Init               0x080021fd   Thumb Code   344  stm32f4_discovery_lcd.o(i.STM32f4_Discovery_LCD_Init)
    STM_EVAL_LEDOff                          0x0800235d   Thumb Code    16  stm32f4_discovery.o(i.STM_EVAL_LEDOff)
    STM_EVAL_LEDOn                           0x08002375   Thumb Code    16  stm32f4_discovery.o(i.STM_EVAL_LEDOn)
    SVC_Handler                              0x0800238d   Thumb Code     2  stm32f4xx_it.o(i.SVC_Handler)
    SYSCFG_ETH_MediaInterfaceConfig          0x08002391   Thumb Code     6  stm32f4xx_syscfg.o(i.SYSCFG_ETH_MediaInterfaceConfig)
    SysTick_CLKSourceConfig                  0x08002455   Thumb Code    28  misc.o(i.SysTick_CLKSourceConfig)
    SysTick_Handler                          0x08002471   Thumb Code     4  stm32f4xx_it.o(i.SysTick_Handler)
    SystemInit                               0x08002475   Thumb Code    62  system_stm32f4xx.o(i.SystemInit)
    TIM4_IRQHandler                          0x080024c5   Thumb Code    34  main.o(i.TIM4_IRQHandler)
    TIM_ClearITPendingBit                    0x080024f1   Thumb Code     6  stm32f4xx_tim.o(i.TIM_ClearITPendingBit)
    TIM_Cmd                                  0x080024f7   Thumb Code    24  stm32f4xx_tim.o(i.TIM_Cmd)
    TIM_GetITStatus                          0x0800250f   Thumb Code    24  stm32f4xx_tim.o(i.TIM_GetITStatus)
    TIM_ITConfig                             0x08002527   Thumb Code    20  stm32f4xx_tim.o(i.TIM_ITConfig)
    TIM_TimeBaseInit                         0x0800253d   Thumb Code    96  stm32f4xx_tim.o(i.TIM_TimeBaseInit)
    Time_Update                              0x080025b9   Thumb Code    10  main.o(i.Time_Update)
    USART1_IRQHandler                        0x080025c9   Thumb Code    80  main.o(i.USART1_IRQHandler)
    USART2_IRQHandler                        0x08002629   Thumb Code   108  main.o(i.USART2_IRQHandler)
    USART_ClearFlag                          0x080026a9   Thumb Code     8  stm32f4xx_usart.o(i.USART_ClearFlag)
    USART_Cmd                                0x080026b1   Thumb Code    24  stm32f4xx_usart.o(i.USART_Cmd)
    USART_GetFlagStatus                      0x080026c9   Thumb Code    14  stm32f4xx_usart.o(i.USART_GetFlagStatus)
    USART_GetITStatus                        0x080026d7   Thumb Code    64  stm32f4xx_usart.o(i.USART_GetITStatus)
    USART_ITConfig                           0x08002717   Thumb Code    54  stm32f4xx_usart.o(i.USART_ITConfig)
    USART_Init                               0x0800274d   Thumb Code   180  stm32f4xx_usart.o(i.USART_Init)
    USART_ReceiveData                        0x08002809   Thumb Code     8  stm32f4xx_usart.o(i.USART_ReceiveData)
    USART_SendData                           0x08002811   Thumb Code     8  stm32f4xx_usart.o(i.USART_SendData)
    U_Print                                  0x08002819   Thumb Code    72  u_print.o(i.U_Print)
    U_Print_Char                             0x08002865   Thumb Code    46  u_print.o(i.U_Print_Char)
    UsageFault_Handler                       0x08002893   Thumb Code     2  stm32f4xx_it.o(i.UsageFault_Handler)
    std::strstr(char*, const char*)          0x08002895   Thumb Code     4  at_command.o(i._ZSt6strstrPcPKc)
    operator new[] (unsigned)                0x08002899   Thumb Code     8  array_new.o(i._Znaj)
    operator new(unsigned)                   0x080028a1   Thumb Code    34  new.o(i._Znwj)
    __0printf                                0x080028c9   Thumb Code    22  printfa.o(i.__0printf)
    __1printf                                0x080028c9   Thumb Code     0  printfa.o(i.__0printf)
    __2printf                                0x080028c9   Thumb Code     0  printfa.o(i.__0printf)
    __c89printf                              0x080028c9   Thumb Code     0  printfa.o(i.__0printf)
    printf                                   0x080028c9   Thumb Code     0  printfa.o(i.__0printf)
    __0sprintf                               0x080028e9   Thumb Code    34  printfa.o(i.__0sprintf)
    __1sprintf                               0x080028e9   Thumb Code     0  printfa.o(i.__0sprintf)
    __2sprintf                               0x080028e9   Thumb Code     0  printfa.o(i.__0sprintf)
    __c89sprintf                             0x080028e9   Thumb Code     0  printfa.o(i.__0sprintf)
    sprintf                                  0x080028e9   Thumb Code     0  printfa.o(i.__0sprintf)
    __scatterload_copy                       0x08002911   Thumb Code    14  handlers.o(i.__scatterload_copy)
    __scatterload_null                       0x0800291f   Thumb Code     2  handlers.o(i.__scatterload_null)
    __scatterload_zeroinit                   0x08002921   Thumb Code    14  handlers.o(i.__scatterload_zeroinit)
    autoip_arp_reply                         0x08003215   Thumb Code   140  autoip.o(i.autoip_arp_reply)
    autoip_start                             0x08003315   Thumb Code    96  autoip.o(i.autoip_start)
    dhcp_arp_reply                           0x080033dd   Thumb Code    30  dhcp.o(i.dhcp_arp_reply)
    etharp_arp_input                         0x08003645   Thumb Code   296  etharp.o(i.etharp_arp_input)
    etharp_ip_input                          0x08003771   Thumb Code    42  etharp.o(i.etharp_ip_input)
    etharp_output                            0x0800379d   Thumb Code   178  etharp.o(i.etharp_output)
    etharp_query                             0x08003855   Thumb Code   280  etharp.o(i.etharp_query)
    etharp_raw                               0x08003971   Thumb Code   178  etharp.o(i.etharp_raw)
    etharp_request                           0x08003a29   Thumb Code    32  etharp.o(i.etharp_request)
    etharp_tmr                               0x08003a81   Thumb Code    74  etharp.o(i.etharp_tmr)
    ethernet_input                           0x08003ad1   Thumb Code    90  etharp.o(i.ethernet_input)
    ethernetif_init                          0x08003b2d   Thumb Code    30  ethernetif.o(i.ethernetif_init)
    ethernetif_input                         0x08003b55   Thumb Code    42  ethernetif.o(i.ethernetif_input)
    fputc                                    0x08003d29   Thumb Code    18  fputc.o(i.fputc)
    fs_bytes_left                            0x08003d59   Thumb Code     8  fs.o(i.fs_bytes_left)
    fs_close                                 0x08003d61   Thumb Code     4  fs.o(i.fs_close)
    fs_open                                  0x08003dbd   Thumb Code    72  fs.o(i.fs_open)
    fs_read                                  0x08003e09   Thumb Code    50  fs.o(i.fs_read)
    htonl                                    0x08003ef1   Thumb Code    24  inet.o(i.htonl)
    htons                                    0x08003f09   Thumb Code    10  inet.o(i.htons)
    http_set_cgi_handlers                    0x08004755   Thumb Code     8  httpd.o(i.http_set_cgi_handlers)
    http_set_ssi_handler                     0x08004761   Thumb Code    10  httpd.o(i.http_set_ssi_handler)
    httpd_cgi_init                           0x080047f9   Thumb Code    18  httpd_cgi_ssi.o(i.httpd_cgi_init)
    httpd_init                               0x08004815   Thumb Code    20  httpd.o(i.httpd_init)
    httpd_ssi_init                           0x0800486d   Thumb Code    12  httpd_cgi_ssi.o(i.httpd_ssi_init)
    icmp_dest_unreach                        0x08004881   Thumb Code     8  icmp.o(i.icmp_dest_unreach)
    icmp_input                               0x08004889   Thumb Code   324  icmp.o(i.icmp_input)
    icmp_time_exceeded                       0x08004a35   Thumb Code     8  icmp.o(i.icmp_time_exceeded)
    inet_chksum                              0x08004a3d   Thumb Code    12  inet_chksum.o(i.inet_chksum)
    inet_chksum_pbuf                         0x08004a49   Thumb Code    72  inet_chksum.o(i.inet_chksum_pbuf)
    ip_addr_isbroadcast                      0x08004a91   Thumb Code    62  ip_addr.o(i.ip_addr_isbroadcast)
    ip_frag                                  0x08004ad1   Thumb Code   312  ip_frag.o(i.ip_frag)
    ip_input                                 0x08004c0d   Thumb Code   436  ip.o(i.ip_input)
    ip_output                                0x08004dc9   Thumb Code    52  ip.o(i.ip_output)
    ip_output_if                             0x08004dfd   Thumb Code   210  ip.o(i.ip_output_if)
    ip_reass                                 0x08004ed5   Thumb Code   376  ip_frag.o(i.ip_reass)
    ip_route                                 0x080052a5   Thumb Code    62  ip.o(i.ip_route)
    main                                     0x08005455   Thumb Code  1594  main.o(i.main)
    malloc                                   0x08005ab9   Thumb Code    92  malloc.o(i.malloc)
    mem_free                                 0x08005b25   Thumb Code    38  mem.o(i.mem_free)
    mem_init                                 0x08005b51   Thumb Code    44  mem.o(i.mem_init)
    mem_malloc                               0x08005b85   Thumb Code   180  mem.o(i.mem_malloc)
    mem_realloc                              0x08005c3d   Thumb Code   198  mem.o(i.mem_realloc)
    memp_free                                0x08005d09   Thumb Code    18  memp.o(i.memp_free)
    memp_init                                0x08005d21   Thumb Code    78  memp.o(i.memp_init)
    memp_malloc                              0x08005d79   Thumb Code    28  memp.o(i.memp_malloc)
    netif_add                                0x08005d99   Thumb Code    70  netif.o(i.netif_add)
    netif_is_up                              0x08005de5   Thumb Code    10  netif.o(i.netif_is_up)
    netif_set_addr                           0x08005def   Thumb Code    34  netif.o(i.netif_set_addr)
    netif_set_default                        0x08005e11   Thumb Code     6  netif.o(i.netif_set_default)
    netif_set_down                           0x08005e1d   Thumb Code    18  netif.o(i.netif_set_down)
    netif_set_gw                             0x08005e2f   Thumb Code    14  netif.o(i.netif_set_gw)
    netif_set_ipaddr                         0x08005e3d   Thumb Code    96  netif.o(i.netif_set_ipaddr)
    netif_set_netmask                        0x08005ea5   Thumb Code    14  netif.o(i.netif_set_netmask)
    netif_set_up                             0x08005eb3   Thumb Code    28  netif.o(i.netif_set_up)
    ntohl                                    0x08005ecf   Thumb Code     4  inet.o(i.ntohl)
    ntohs                                    0x08005ed3   Thumb Code     4  inet.o(i.ntohs)
    pbuf_alloc                               0x08005ed7   Thumb Code   298  pbuf.o(i.pbuf_alloc)
    pbuf_cat                                 0x08006001   Thumb Code    40  pbuf.o(i.pbuf_cat)
    pbuf_chain                               0x08006029   Thumb Code    20  pbuf.o(i.pbuf_chain)
    pbuf_clen                                0x0800603d   Thumb Code    18  pbuf.o(i.pbuf_clen)
    pbuf_copy                                0x0800604f   Thumb Code   150  pbuf.o(i.pbuf_copy)
    pbuf_copy_partial                        0x080060e5   Thumb Code   108  pbuf.o(i.pbuf_copy_partial)
    pbuf_free                                0x08006151   Thumb Code    82  pbuf.o(i.pbuf_free)
    pbuf_header                              0x080061a3   Thumb Code   104  pbuf.o(i.pbuf_header)
    pbuf_realloc                             0x0800620b   Thumb Code    78  pbuf.o(i.pbuf_realloc)
    pbuf_ref                                 0x08006259   Thumb Code    12  pbuf.o(i.pbuf_ref)
    raw_input                                0x080062b9   Thumb Code    98  raw.o(i.raw_input)
    tcp_abandon                              0x08006365   Thumb Code   146  tcp.o(i.tcp_abandon)
    tcp_accept                               0x080063fd   Thumb Code     4  tcp.o(i.tcp_accept)
    tcp_alloc                                0x08006409   Thumb Code   152  tcp.o(i.tcp_alloc)
    tcp_arg                                  0x080064ad   Thumb Code     4  tcp.o(i.tcp_arg)
    tcp_bind                                 0x080064b1   Thumb Code   196  tcp.o(i.tcp_bind)
    tcp_close                                0x08006579   Thumb Code   204  tcp.o(i.tcp_close)
    tcp_echoserver_init                      0x080066f5   Thumb Code    62  tcp_echoserver.o(i.tcp_echoserver_init)
    tcp_eff_send_mss                         0x08006915   Thumb Code    32  tcp.o(i.tcp_eff_send_mss)
    tcp_enqueue                              0x08006935   Thumb Code   858  tcp_out.o(i.tcp_enqueue)
    tcp_err                                  0x08006c8f   Thumb Code     6  tcp.o(i.tcp_err)
    tcp_fasttmr                              0x08006c95   Thumb Code    86  tcp.o(i.tcp_fasttmr)
    tcp_input                                0x08006cf1   Thumb Code   810  tcp_in.o(i.tcp_input)
    tcp_keepalive                            0x08007031   Thumb Code    72  tcp_out.o(i.tcp_keepalive)
    tcp_listen_with_backlog                  0x080071dd   Thumb Code   138  tcp.o(i.tcp_listen_with_backlog)
    tcp_new                                  0x08007271   Thumb Code     6  tcp.o(i.tcp_new)
    tcp_next_iss                             0x080072d5   Thumb Code    12  tcp.o(i.tcp_next_iss)
    tcp_output                               0x080072e5   Thumb Code   418  tcp_out.o(i.tcp_output)
    tcp_pcb_purge                            0x08007645   Thumb Code    48  tcp.o(i.tcp_pcb_purge)
    tcp_pcb_remove                           0x08007675   Thumb Code    92  tcp.o(i.tcp_pcb_remove)
    tcp_poll                                 0x080076d5   Thumb Code    10  tcp.o(i.tcp_poll)
    tcp_recv                                 0x08007f69   Thumb Code     6  tcp.o(i.tcp_recv)
    tcp_recv_null                            0x08007f6f   Thumb Code    38  tcp.o(i.tcp_recv_null)
    tcp_recved                               0x08007f95   Thumb Code    60  tcp.o(i.tcp_recved)
    tcp_rexmit                               0x08007fd1   Thumb Code    72  tcp_out.o(i.tcp_rexmit)
    tcp_rexmit_fast                          0x08008019   Thumb Code    96  tcp_out.o(i.tcp_rexmit_fast)
    tcp_rexmit_rto                           0x08008079   Thumb Code    46  tcp_out.o(i.tcp_rexmit_rto)
    tcp_rst                                  0x080080a7   Thumb Code   158  tcp_out.o(i.tcp_rst)
    tcp_seg_free                             0x08008145   Thumb Code    32  tcp.o(i.tcp_seg_free)
    tcp_segs_free                            0x08008165   Thumb Code    26  tcp.o(i.tcp_segs_free)
    tcp_send_ctrl                            0x0800817f   Thumb Code    20  tcp_out.o(i.tcp_send_ctrl)
    tcp_send_empty_ack                       0x08008193   Thumb Code    86  tcp_out.o(i.tcp_send_empty_ack)
    tcp_sent                                 0x080081e9   Thumb Code     6  tcp.o(i.tcp_sent)
    tcp_setprio                              0x080081ef   Thumb Code     4  tcp.o(i.tcp_setprio)
    tcp_slowtmr                              0x080081f5   Thumb Code   550  tcp.o(i.tcp_slowtmr)
    tcp_tmr                                  0x080084a1   Thumb Code    28  tcp.o(i.tcp_tmr)
    tcp_update_rcv_ann_wnd                   0x080084c1   Thumb Code    54  tcp.o(i.tcp_update_rcv_ann_wnd)
    tcp_write                                0x080084f7   Thumb Code    46  tcp_out.o(i.tcp_write)
    tcp_zero_window_probe                    0x08008525   Thumb Code   160  tcp_out.o(i.tcp_zero_window_probe)
    udp_bind                                 0x080085c5   Thumb Code    94  udp.o(i.udp_bind)
    udp_input                                0x08008629   Thumb Code   408  udp.o(i.udp_input)
    udp_sendto_if                            0x080087c5   Thumb Code   182  udp.o(i.udp_sendto_if)
    g_pcTagLeadIn                            0x08008924   Data           4  httpd.o(.constdata)
    g_pcTagLeadOut                           0x08008928   Data           4  httpd.o(.constdata)
    g_psDefaultFilenames                     0x0800892c   Data          40  httpd.o(.constdata)
    LEDS_CGI                                 0x08008954   Data           8  httpd_cgi_ssi.o(.constdata)
    file__STM32F4x7_files_logo_jpg           0x08015474   Data          20  fs.o(.constdata)
    file__STM32F4x7_files_ST_gif             0x08015488   Data          20  fs.o(.constdata)
    file__STM32F4x7_files_stm32_jpg          0x0801549c   Data          20  fs.o(.constdata)
    file__404_html                           0x080154b0   Data          20  fs.o(.constdata)
    file__index_html                         0x080154c4   Data          20  fs.o(.constdata)
    file__STM32F4x7ADC_shtml                 0x080154d8   Data          20  fs.o(.constdata)
    file__STM32F4x7LED_html                  0x080154ec   Data          20  fs.o(.constdata)
    ASCII16x24_Table                         0x08015500   Data        4560  stm32f4_discovery_lcd.o(.constdata)
    BUTTON_PORT_SOURCE                       0x080166d0   Data           1  stm32f4_discovery.o(.constdata)
    BUTTON_PIN_SOURCE                        0x080166d1   Data           1  stm32f4_discovery.o(.constdata)
    BUTTON_IRQn                              0x080166d2   Data           1  stm32f4_discovery.o(.constdata)
    BUTTON_PIN                               0x080166d4   Data           2  stm32f4_discovery.o(.constdata)
    BUTTON_EXTI_LINE                         0x080166d6   Data           2  stm32f4_discovery.o(.constdata)
    BUTTON_CLK                               0x080166d8   Data           4  stm32f4_discovery.o(.constdata)
    COM_TX_PIN                               0x080166dc   Data           4  stm32f4_discovery.o(.constdata)
    COM_RX_PIN                               0x080166e0   Data           4  stm32f4_discovery.o(.constdata)
    COM_TX_PIN_SOURCE                        0x080166e4   Data           4  stm32f4_discovery.o(.constdata)
    COM_RX_PIN_SOURCE                        0x080166e8   Data           4  stm32f4_discovery.o(.constdata)
    COM_TX_AF                                0x080166ec   Data           4  stm32f4_discovery.o(.constdata)
    COM_RX_AF                                0x080166f0   Data           4  stm32f4_discovery.o(.constdata)
    GPIO_PIN                                 0x080166f4   Data           8  stm32f4_discovery.o(.constdata)
    COM_USART_CLK                            0x080166fc   Data           8  stm32f4_discovery.o(.constdata)
    COM_TX_PORT_CLK                          0x08016704   Data           8  stm32f4_discovery.o(.constdata)
    COM_RX_PORT_CLK                          0x0801670c   Data           8  stm32f4_discovery.o(.constdata)
    GPIO_CLK                                 0x08016714   Data          16  stm32f4_discovery.o(.constdata)
    tcp_persist_backoff                      0x08016748   Data           7  tcp.o(.constdata)
    tcp_backoff                              0x0801674f   Data          13  tcp.o(.constdata)
    ip_addr_any                              0x0801675c   Data           4  ip_addr.o(.constdata)
    ip_addr_broadcast                        0x08016760   Data           4  ip_addr.o(.constdata)
    ethbroadcast                             0x08016764   Data           6  etharp.o(.constdata)
    ethzero                                  0x0801676a   Data           6  etharp.o(.constdata)
    Region$$Table$$Base                      0x08016864   Number         0  anon$$obj.o(Region$$Table)
    Region$$Table$$Limit                     0x08016884   Number         0  anon$$obj.o(Region$$Table)
    mode                                     0x20000000   Data           1  main.o(.data)
    _read                                    0x20000001   Data           1  main.o(.data)
    pos1                                     0x20000002   Data           1  main.o(.data)
    quantity                                 0x20000003   Data           1  main.o(.data)
    pos                                      0x20000004   Data           1  main.o(.data)
    number                                   0x20000006   Data           2  main.o(.data)
    LocalTime                                0x20000008   Data           4  main.o(.data)
    conn_use                                 0x2000000c   Data           4  main.o(.data)
    timingdelay                              0x20000010   Data           4  main.o(.data)
    time                                     0x20000014   Data           4  main.o(.data)
    TCPTimer                                 0x20000018   Data           4  netconf.o(.data)
    ARPTimer                                 0x2000001c   Data           4  netconf.o(.data)
    EthInitStatus                            0x20000020   Data           4  stm32f4x7_eth_bsp.o(.data)
    tcp_for_global                           0x20000028   Data           4  tcp_echoserver.o(.data)
    g_pfnSSIHandler                          0x2000002c   Data           4  httpd.o(.data)
    g_iNumTags                               0x20000030   Data           4  httpd.o(.data)
    g_ppcTags                                0x20000034   Data           4  httpd.o(.data)
    g_pCGIs                                  0x20000038   Data           4  httpd.o(.data)
    g_iNumCGIs                               0x2000003c   Data           4  httpd.o(.data)
    g_pcSSIExtensions                        0x20000040   Data          16  httpd.o(.data)
    ADC_not_configured                       0x20000050   Data           4  httpd_cgi_ssi.o(.data)
    TAGS                                     0x20000054   Data           4  httpd_cgi_ssi.o(.data)
    CGI_TAB                                  0x20000058   Data           8  httpd_cgi_ssi.o(.data)
    TAGCHAR                                  0x20000060   Data           4  httpd_cgi_ssi.o(.data)
    Font16x24                                0x2000006c   Data           8  stm32f4_discovery_lcd.o(.data)
    BUTTON_PORT                              0x20000074   Data           4  stm32f4_discovery.o(.data)
    COM_USART                                0x20000078   Data           8  stm32f4_discovery.o(.data)
    COM_TX_PORT                              0x20000080   Data           8  stm32f4_discovery.o(.data)
    COM_RX_PORT                              0x20000088   Data           8  stm32f4_discovery.o(.data)
    GPIO_PORT                                0x20000090   Data          16  stm32f4_discovery.o(.data)
    DMATxDescToSet                           0x200000b0   Data           4  stm32f4x7_eth.o(.data)
    DMARxDescToGet                           0x200000b4   Data           4  stm32f4x7_eth.o(.data)
    DMA_RX_FRAME_infos                       0x200000b8   Data           4  stm32f4x7_eth.o(.data)
    netif_list                               0x200000d4   Data           4  netif.o(.data)
    netif_default                            0x200000d8   Data           4  netif.o(.data)
    tcp_ticks                                0x200000e8   Data           4  tcp.o(.data)
    tcp_bound_pcbs                           0x200000ec   Data           4  tcp.o(.data)
    tcp_listen_pcbs                          0x200000f0   Data           4  tcp.o(.data)
    tcp_active_pcbs                          0x200000f4   Data           4  tcp.o(.data)
    tcp_tw_pcbs                              0x200000f8   Data           4  tcp.o(.data)
    tcp_tmp_pcb                              0x200000fc   Data           4  tcp.o(.data)
    tcp_state_str                            0x20000100   Data          44  tcp.o(.data)
    tcp_input_pcb                            0x20000144   Data           4  tcp_in.o(.data)
    udp_pcbs                                 0x20000148   Data           4  udp.o(.data)
    current_netif                            0x20000150   Data           4  ip.o(.data)
    current_header                           0x20000154   Data           4  ip.o(.data)
    __stdout                                 0x20000164   Data           4  stdout.o(.data)
    __microlib_freelist                      0x20000174   Data           4  mvars.o(.data)
    __microlib_freelist_initialised          0x20000178   Data           4  mvars.o(.data)
    s                                        0x2000017c   Data          40  main.o(.bss)
    s1                                       0x200001a4   Data          40  main.o(.bss)
    netif                                    0x200001cc   Data          56  netconf.o(.bss)
    fs_memory                                0x20000604   Data         240  fs.o(.bss)
    DMARxDscrTab                             0x200006f4   Data         160  stm32f4x7_eth.o(.bss)
    DMATxDscrTab                             0x20000794   Data         160  stm32f4x7_eth.o(.bss)
    Rx_Buff                                  0x20000834   Data        7620  stm32f4x7_eth.o(.bss)
    Tx_Buff                                  0x200025f8   Data        7620  stm32f4x7_eth.o(.bss)
    RX_Frame_Descriptor                      0x200043bc   Data          12  stm32f4x7_eth.o(.bss)
    __heap_base                              0x2000c028   Data           0  startup_stm32f4xx.o(HEAP)
    __heap_limit                             0x20015228   Data           0  startup_stm32f4xx.o(HEAP)
    __initial_sp                             0x2001e628   Data           0  startup_stm32f4xx.o(STACK)



==============================================================================

Memory Map of the image

  Image Entry point : 0x08000189

  Load Region LR_IROM1 (Base: 0x08000000, Size: 0x00016a00, Max: 0x00100000, ABSOLUTE, COMPRESSED[0x000168f8])

    Execution Region ER_IROM1 (Exec base: 0x08000000, Load base: 0x08000000, Size: 0x00016884, Max: 0x00100000, ABSOLUTE)

    Exec Addr    Load Addr    Size         Type   Attr      Idx    E Section Name        Object

    0x08000000   0x08000000   0x00000188   Data   RO         5614    RESET               startup_stm32f4xx.o
    0x08000188   0x08000188   0x00000000   Code   RO         5860  * .ARM.Collect$$$$00000000  mc_w.l(entry.o)
    0x08000188   0x08000188   0x00000004   Code   RO         6178    .ARM.Collect$$$$00000001  mc_w.l(entry2.o)
    0x0800018c   0x0800018c   0x00000004   Code   RO         6181    .ARM.Collect$$$$00000004  mc_w.l(entry5.o)
    0x08000190   0x08000190   0x00000000   Code   RO         6183    .ARM.Collect$$$$00000008  mc_w.l(entry7b.o)
    0x08000190   0x08000190   0x00000000   Code   RO         6185    .ARM.Collect$$$$0000000A  mc_w.l(entry8b.o)
    0x08000190   0x08000190   0x00000008   Code   RO         6186    .ARM.Collect$$$$0000000B  mc_w.l(entry9a.o)
    0x08000198   0x08000198   0x00000000   Code   RO         6188    .ARM.Collect$$$$0000000D  mc_w.l(entry10a.o)
    0x08000198   0x08000198   0x00000000   Code   RO         6190    .ARM.Collect$$$$0000000F  mc_w.l(entry11a.o)
    0x08000198   0x08000198   0x00000004   Code   RO         6179    .ARM.Collect$$$$00002712  mc_w.l(entry2.o)
    0x0800019c   0x0800019c   0x00000024   Code   RO         5615    .text               startup_stm32f4xx.o
    0x080001c0   0x080001c0   0x00000024   Code   RO         5863    .text               mc_w.l(memcpya.o)
    0x080001e4   0x080001e4   0x00000024   Code   RO         5865    .text               mc_w.l(memseta.o)
    0x08000208   0x08000208   0x00000024   Code   RO         5867    .text               mc_w.l(strstr.o)
    0x0800022c   0x0800022c   0x00000014   Code   RO         5869    .text               mc_w.l(strchr.o)
    0x08000240   0x08000240   0x0000000e   Code   RO         5871    .text               mc_w.l(strlen.o)
    0x0800024e   0x0800024e   0x0000001c   Code   RO         5873    .text               mc_w.l(strcmp.o)
    0x0800026a   0x0800026a   0x0000001a   Code   RO         5875    .text               mc_w.l(memcmp.o)
    0x08000284   0x08000284   0x00000012   Code   RO         5877    .text               mc_w.l(strcpy.o)
    0x08000296   0x08000296   0x0000001e   Code   RO         5879    .text               mc_w.l(strncmp.o)
    0x080002b4   0x080002b4   0x000000e4   Code   RO         6144    .text               mf_w.l(dmul.o)
    0x08000398   0x08000398   0x0000001a   Code   RO         6148    .text               mf_w.l(dfltui.o)
    0x080003b2   0x080003b2   0x00000032   Code   RO         6150    .text               mf_w.l(dfixui.o)
    0x080003e4   0x080003e4   0x00000030   Code   RO         6156    .text               mf_w.l(cdrcmple.o)
    0x08000414   0x08000414   0x0000002c   Code   RO         6195    .text               mc_w.l(uidiv.o)
    0x08000440   0x08000440   0x00000062   Code   RO         6197    .text               mc_w.l(uldiv.o)
    0x080004a2   0x080004a2   0x00000020   Code   RO         6199    .text               mc_w.l(llushr.o)
    0x080004c2   0x080004c2   0x00000000   Code   RO         6201    .text               mc_w.l(iusefp.o)
    0x080004c2   0x080004c2   0x000000ba   Code   RO         6202    .text               mf_w.l(depilogue.o)
    0x0800057c   0x0800057c   0x0000014e   Code   RO         6204    .text               mf_w.l(dadd.o)
    0x080006ca   0x080006ca   0x000000de   Code   RO         6206    .text               mf_w.l(ddiv.o)
    0x080007a8   0x080007a8   0x00000030   Code   RO         6208    .text               mf_w.l(dfixul.o)
    0x080007d8   0x080007d8   0x00000004   Code   RO         6213    .text               cpprt_w.l(arm_newhandler_noexceptions.o)
    0x080007dc   0x080007dc   0x00000024   Code   RO         6338    .text               mc_w.l(init.o)
    0x08000800   0x08000800   0x00000000   Code   RO         6340    .text               mc_w.l(semi.o)
    0x08000800   0x08000800   0x0000001e   Code   RO         6341    .text               mc_w.l(llshl.o)
    0x0800081e   0x0800081e   0x00000024   Code   RO         6343    .text               mc_w.l(llsshr.o)
    0x08000842   0x08000842   0x00000000   Code   RO         6373    .text               mc_w.l(iusesemip.o)
    0x08000842   0x08000842   0x00000002   PAD
    0x08000844   0x08000844   0x00000014   Code   RO         6374    .text               mc_w.l(cpp_memory.o)
    0x08000858   0x08000858   0x0000001a   Code   RO         6393    .text               cpprt_w.l(arm_exceptions_terminate.o)
    0x08000872   0x08000872   0x00000002   PAD
    0x08000874   0x08000874   0x00000050   Code   RO         6412    .text               cpprt_w.l(arm_exceptions_globs.o)
    0x080008c4   0x080008c4   0x0000003c   Code   RO         6419    .text               cpprt_w.l(arm_exceptions_mem.o)
    0x08000900   0x08000900   0x00000056   Code   RO         6430    .text               mc_w.l(__dczerorl2.o)
    0x08000956   0x08000956   0x00000018   Code   RO         1530    i.ADC_Cmd           stm32f4xx_adc.o
    0x0800096e   0x0800096e   0x00000002   PAD
    0x08000970   0x08000970   0x00000028   Code   RO         1531    i.ADC_CommonInit    stm32f4xx_adc.o
    0x08000998   0x08000998   0x00000080   Code   RO          688    i.ADC_Configuration  httpd_cgi_ssi.o
    0x08000a18   0x08000a18   0x00000006   Code   RO         1542    i.ADC_GetConversionValue  stm32f4xx_adc.o
    0x08000a1e   0x08000a1e   0x00000002   PAD
    0x08000a20   0x08000a20   0x0000009c   Code   RO          689    i.ADC_Handler       httpd_cgi_ssi.o
    0x08000abc   0x08000abc   0x0000004c   Code   RO         1550    i.ADC_Init          stm32f4xx_adc.o
    0x08000b08   0x08000b08   0x00000074   Code   RO         1555    i.ADC_RegularChannelConfig  stm32f4xx_adc.o
    0x08000b7c   0x08000b7c   0x0000000a   Code   RO         1557    i.ADC_SoftwareStartConv  stm32f4xx_adc.o
    0x08000b86   0x08000b86   0x00000014   Code   RO         1559    i.ADC_StructInit    stm32f4xx_adc.o
    0x08000b9a   0x08000b9a   0x00000002   Code   RO          326    i.BusFault_Handler  stm32f4xx_it.o
    0x08000b9c   0x08000b9c   0x000000f4   Code   RO         5695    i.CheckAT           at_command.o
    0x08000c90   0x08000c90   0x000000bc   Code   RO         5781    i.Check_Open_Door   function.o
    0x08000d4c   0x08000d4c   0x0000003c   Code   RO         5782    i.CloseDoor         function.o
    0x08000d88   0x08000d88   0x00000002   Code   RO          327    i.DebugMon_Handler  stm32f4xx_it.o
    0x08000d8a   0x08000d8a   0x00000002   PAD
    0x08000d8c   0x08000d8c   0x00000038   Code   RO         5621    i.EEPROM_readByte   25lc256.o
    0x08000dc4   0x08000dc4   0x00000030   Code   RO         5622    i.EEPROM_readStatus  25lc256.o
    0x08000df4   0x08000df4   0x00000014   Code   RO         5624    i.EEPROM_send16BitAddress  25lc256.o
    0x08000e08   0x08000e08   0x00000040   Code   RO         5625    i.EEPROM_writeByte  25lc256.o
    0x08000e48   0x08000e48   0x00000028   Code   RO         5626    i.EEPROM_writeEnable  25lc256.o
    0x08000e70   0x08000e70   0x000000ac   Code   RO          470    i.ETH_BSP_Config    stm32f4x7_eth_bsp.o
    0x08000f1c   0x08000f1c   0x00000068   Code   RO         3601    i.ETH_CheckFrameReceived  stm32f4x7_eth.o
    0x08000f84   0x08000f84   0x00000020   Code   RO         3605    i.ETH_DMAReceptionCmd  stm32f4x7_eth.o
    0x08000fa4   0x08000fa4   0x0000005c   Code   RO         3606    i.ETH_DMARxDescChainInit  stm32f4x7_eth.o
    0x08001000   0x08001000   0x00000020   Code   RO         3608    i.ETH_DMATransmissionCmd  stm32f4x7_eth.o
    0x08001020   0x08001020   0x00000048   Code   RO         3611    i.ETH_DMATxDescChainInit  stm32f4x7_eth.o
    0x08001068   0x08001068   0x00000008   Code   RO         3612    i.ETH_DMATxDescChecksumInsertionConfig  stm32f4x7_eth.o
    0x08001070   0x08001070   0x00000018   Code   RO         3617    i.ETH_DeInit        stm32f4x7_eth.o
    0x08001088   0x08001088   0x00000018   Code   RO         3618    i.ETH_Delay         stm32f4x7_eth.o
    0x080010a0   0x080010a0   0x00000010   Code   RO         3620    i.ETH_FlushTransmitFIFO  stm32f4x7_eth.o
    0x080010b0   0x080010b0   0x00000124   Code   RO          471    i.ETH_GPIO_Config   stm32f4x7_eth_bsp.o
    0x080011d4   0x080011d4   0x00000014   Code   RO         3646    i.ETH_GetSoftwareResetStatus  stm32f4x7_eth.o
    0x080011e8   0x080011e8   0x0000003c   Code   RO         3648    i.ETH_Get_Received_Frame  stm32f4x7_eth.o
    0x08001224   0x08001224   0x00000268   Code   RO         3651    i.ETH_Init          stm32f4x7_eth.o
    0x0800148c   0x0800148c   0x0000002c   Code   RO         3653    i.ETH_MACAddressConfig  stm32f4x7_eth.o
    0x080014b8   0x080014b8   0x0000007c   Code   RO          472    i.ETH_MACDMA_Config  stm32f4x7_eth_bsp.o
    0x08001534   0x08001534   0x00000020   Code   RO         3658    i.ETH_MACReceptionCmd  stm32f4x7_eth.o
    0x08001554   0x08001554   0x00000020   Code   RO         3659    i.ETH_MACTransmissionCmd  stm32f4x7_eth.o
    0x08001574   0x08001574   0x000000b0   Code   RO         3670    i.ETH_Prepare_Transmit_Descriptors  stm32f4x7_eth.o
    0x08001624   0x08001624   0x00000058   Code   RO         3671    i.ETH_ReadPHYRegister  stm32f4x7_eth.o
    0x0800167c   0x0800167c   0x00000010   Code   RO         3679    i.ETH_SoftwareReset  stm32f4x7_eth.o
    0x0800168c   0x0800168c   0x00000022   Code   RO         3680    i.ETH_Start         stm32f4x7_eth.o
    0x080016ae   0x080016ae   0x0000009a   Code   RO         3681    i.ETH_StructInit    stm32f4x7_eth.o
    0x08001748   0x08001748   0x00000058   Code   RO         3683    i.ETH_WritePHYRegister  stm32f4x7_eth.o
    0x080017a0   0x080017a0   0x00000024   Code   RO         1955    i.FSMC_NORSRAMCmd   stm32f4xx_fsmc.o
    0x080017c4   0x080017c4   0x000000ca   Code   RO         1957    i.FSMC_NORSRAMInit  stm32f4xx_fsmc.o
    0x0800188e   0x0800188e   0x0000007c   Code   RO         2069    i.GPIO_Init         stm32f4xx_gpio.o
    0x0800190a   0x0800190a   0x00000020   Code   RO         2070    i.GPIO_PinAFConfig  stm32f4xx_gpio.o
    0x0800192a   0x0800192a   0x00000004   Code   RO         2076    i.GPIO_ResetBits    stm32f4xx_gpio.o
    0x0800192e   0x0800192e   0x00000004   Code   RO         2077    i.GPIO_SetBits      stm32f4xx_gpio.o
    0x08001932   0x08001932   0x00000008   Code   RO         2079    i.GPIO_ToggleBits   stm32f4xx_gpio.o
    0x0800193a   0x0800193a   0x00000002   Code   RO          328    i.HardFault_Handler  stm32f4xx_it.o
    0x0800193c   0x0800193c   0x00000010   Code   RO         5783    i.IDADD_READ_DOOR   function.o
    0x0800194c   0x0800194c   0x0000002c   Code   RO         5784    i.IDADD_READ_RFID   function.o
    0x08001978   0x08001978   0x00000038   Code   RO         5785    i.IDADD_READ_TIME   function.o
    0x080019b0   0x080019b0   0x00000088   Code   RO         5786    i.ID_DEL            function.o
    0x08001a38   0x08001a38   0x00000028   Code   RO          944    i.LCD_Clear         stm32f4_discovery_lcd.o
    0x08001a60   0x08001a60   0x0000016c   Code   RO          948    i.LCD_CtrlLinesConfig  stm32f4_discovery_lcd.o
    0x08001bcc   0x08001bcc   0x00000020   Code   RO          950    i.LCD_DisplayChar   stm32f4_discovery_lcd.o
    0x08001bec   0x08001bec   0x00000038   Code   RO          953    i.LCD_DisplayStringLine  stm32f4_discovery_lcd.o
    0x08001c24   0x08001c24   0x0000007c   Code   RO          954    i.LCD_DrawChar      stm32f4_discovery_lcd.o
    0x08001ca0   0x08001ca0   0x00000056   Code   RO          962    i.LCD_FSMCConfig    stm32f4_discovery_lcd.o
    0x08001cf6   0x08001cf6   0x00000002   PAD
    0x08001cf8   0x08001cf8   0x0000000c   Code   RO          965    i.LCD_GetFont       stm32f4_discovery_lcd.o
    0x08001d04   0x08001d04   0x000000bc   Code   RO            4    i.LCD_LED_Init      main.o
    0x08001dc0   0x08001dc0   0x00000010   Code   RO          972    i.LCD_SetBackColor  stm32f4_discovery_lcd.o
    0x08001dd0   0x08001dd0   0x00000018   Code   RO          974    i.LCD_SetCursor     stm32f4_discovery_lcd.o
    0x08001de8   0x08001de8   0x0000000c   Code   RO          976    i.LCD_SetFont       stm32f4_discovery_lcd.o
    0x08001df4   0x08001df4   0x00000010   Code   RO          977    i.LCD_SetTextColor  stm32f4_discovery_lcd.o
    0x08001e04   0x08001e04   0x0000000c   Code   RO          980    i.LCD_WriteRAM      stm32f4_discovery_lcd.o
    0x08001e10   0x08001e10   0x0000000a   Code   RO          981    i.LCD_WriteRAM_Prepare  stm32f4_discovery_lcd.o
    0x08001e1a   0x08001e1a   0x00000002   PAD
    0x08001e1c   0x08001e1c   0x00000010   Code   RO          982    i.LCD_WriteReg      stm32f4_discovery_lcd.o
    0x08001e2c   0x08001e2c   0x00000048   Code   RO          690    i.LEDS_CGI_Handler  httpd_cgi_ssi.o
    0x08001e74   0x08001e74   0x000000d0   Code   RO          401    i.LwIP_Init         netconf.o
    0x08001f44   0x08001f44   0x00000038   Code   RO          402    i.LwIP_Periodic_Handle  netconf.o
    0x08001f7c   0x08001f7c   0x0000000c   Code   RO          403    i.LwIP_Pkt_Handle   netconf.o
    0x08001f88   0x08001f88   0x00000002   Code   RO          329    i.MemManage_Handler  stm32f4xx_it.o
    0x08001f8a   0x08001f8a   0x00000002   Code   RO          330    i.NMI_Handler       stm32f4xx_it.o
    0x08001f8c   0x08001f8c   0x00000068   Code   RO         1484    i.NVIC_Init         misc.o
    0x08001ff4   0x08001ff4   0x0000003c   Code   RO         5787    i.OpenDoor          function.o
    0x08002030   0x08002030   0x00000002   Code   RO          331    i.PendSV_Handler    stm32f4xx_it.o
    0x08002032   0x08002032   0x00000002   PAD
    0x08002034   0x08002034   0x0000001c   Code   RO         2162    i.RCC_AHB1PeriphClockCmd  stm32f4xx_rcc.o
    0x08002050   0x08002050   0x0000001c   Code   RO         2164    i.RCC_AHB1PeriphResetCmd  stm32f4xx_rcc.o
    0x0800206c   0x0800206c   0x0000001c   Code   RO         2168    i.RCC_AHB3PeriphClockCmd  stm32f4xx_rcc.o
    0x08002088   0x08002088   0x0000001c   Code   RO         2171    i.RCC_APB1PeriphClockCmd  stm32f4xx_rcc.o
    0x080020a4   0x080020a4   0x0000001c   Code   RO         2174    i.RCC_APB2PeriphClockCmd  stm32f4xx_rcc.o
    0x080020c0   0x080020c0   0x000000a0   Code   RO         2183    i.RCC_GetClocksFreq  stm32f4xx_rcc.o
    0x08002160   0x08002160   0x00000018   Code   RO         2680    i.SPI_Cmd           stm32f4xx_spi.o
    0x08002178   0x08002178   0x0000000e   Code   RO         2688    i.SPI_I2S_GetFlagStatus  stm32f4xx_spi.o
    0x08002186   0x08002186   0x00000004   Code   RO         2691    i.SPI_I2S_ReceiveData  stm32f4xx_spi.o
    0x0800218a   0x0800218a   0x00000004   Code   RO         2692    i.SPI_I2S_SendData  stm32f4xx_spi.o
    0x0800218e   0x0800218e   0x00000038   Code   RO         2693    i.SPI_Init          stm32f4xx_spi.o
    0x080021c6   0x080021c6   0x00000002   PAD
    0x080021c8   0x080021c8   0x00000034   Code   RO         5628    i.SPI_ReadWrite     25lc256.o
    0x080021fc   0x080021fc   0x00000160   Code   RO          984    i.STM32f4_Discovery_LCD_Init  stm32f4_discovery_lcd.o
    0x0800235c   0x0800235c   0x00000018   Code   RO         1225    i.STM_EVAL_LEDOff   stm32f4_discovery.o
    0x08002374   0x08002374   0x00000018   Code   RO         1226    i.STM_EVAL_LEDOn    stm32f4_discovery.o
    0x0800238c   0x0800238c   0x00000002   Code   RO          332    i.SVC_Handler       stm32f4xx_it.o
    0x0800238e   0x0800238e   0x00000002   PAD
    0x08002390   0x08002390   0x0000000c   Code   RO         2630    i.SYSCFG_ETH_MediaInterfaceConfig  stm32f4xx_syscfg.o
    0x0800239c   0x0800239c   0x000000b8   Code   RO          293    i.SetSysClock       system_stm32f4xx.o
    0x08002454   0x08002454   0x0000001c   Code   RO         1488    i.SysTick_CLKSourceConfig  misc.o
    0x08002470   0x08002470   0x00000004   Code   RO          333    i.SysTick_Handler   stm32f4xx_it.o
    0x08002474   0x08002474   0x00000050   Code   RO          295    i.SystemInit        system_stm32f4xx.o
    0x080024c4   0x080024c4   0x0000002c   Code   RO            5    i.TIM4_IRQHandler   main.o
    0x080024f0   0x080024f0   0x00000006   Code   RO         3053    i.TIM_ClearITPendingBit  stm32f4xx_tim.o
    0x080024f6   0x080024f6   0x00000018   Code   RO         3058    i.TIM_Cmd           stm32f4xx_tim.o
    0x0800250e   0x0800250e   0x00000018   Code   RO         3079    i.TIM_GetITStatus   stm32f4xx_tim.o
    0x08002526   0x08002526   0x00000014   Code   RO         3083    i.TIM_ITConfig      stm32f4xx_tim.o
    0x0800253a   0x0800253a   0x00000002   PAD
    0x0800253c   0x0800253c   0x0000007c   Code   RO         3130    i.TIM_TimeBaseInit  stm32f4xx_tim.o
    0x080025b8   0x080025b8   0x00000010   Code   RO            6    i.Time_Update       main.o
    0x080025c8   0x080025c8   0x00000060   Code   RO            7    i.USART1_IRQHandler  main.o
    0x08002628   0x08002628   0x00000080   Code   RO            8    i.USART2_IRQHandler  main.o
    0x080026a8   0x080026a8   0x00000008   Code   RO         1300    i.USART_ClearFlag   stm32f4xx_usart.o
    0x080026b0   0x080026b0   0x00000018   Code   RO         1304    i.USART_Cmd         stm32f4xx_usart.o
    0x080026c8   0x080026c8   0x0000000e   Code   RO         1307    i.USART_GetFlagStatus  stm32f4xx_usart.o
    0x080026d6   0x080026d6   0x00000040   Code   RO         1308    i.USART_GetITStatus  stm32f4xx_usart.o
    0x08002716   0x08002716   0x00000036   Code   RO         1310    i.USART_ITConfig    stm32f4xx_usart.o
    0x0800274c   0x0800274c   0x000000bc   Code   RO         1311    i.USART_Init        stm32f4xx_usart.o
    0x08002808   0x08002808   0x00000008   Code   RO         1318    i.USART_ReceiveData  stm32f4xx_usart.o
    0x08002810   0x08002810   0x00000008   Code   RO         1321    i.USART_SendData    stm32f4xx_usart.o
    0x08002818   0x08002818   0x0000004c   Code   RO          798    i.U_Print           u_print.o
    0x08002864   0x08002864   0x0000002e   Code   RO          799    i.U_Print_Char      u_print.o
    0x08002892   0x08002892   0x00000002   Code   RO          334    i.UsageFault_Handler  stm32f4xx_it.o
    0x08002894   0x08002894   0x00000004   Code   RO         5719    i._ZSt6strstrPcPKc  at_command.o
    0x08002898   0x08002898   0x00000008   Code   RO         5856    i._Znaj             cpprt_w.l(array_new.o)
    0x080028a0   0x080028a0   0x00000028   Code   RO         6158    i._Znwj             cpprt_w.l(new.o)
    0x080028c8   0x080028c8   0x00000020   Code   RO         6116    i.__0printf         mc_w.l(printfa.o)
    0x080028e8   0x080028e8   0x00000028   Code   RO         6118    i.__0sprintf        mc_w.l(printfa.o)
    0x08002910   0x08002910   0x0000000e   Code   RO         6424    i.__scatterload_copy  mc_w.l(handlers.o)
    0x0800291e   0x0800291e   0x00000002   Code   RO         6425    i.__scatterload_null  mc_w.l(handlers.o)
    0x08002920   0x08002920   0x0000000e   Code   RO         6426    i.__scatterload_zeroinit  mc_w.l(handlers.o)
    0x0800292e   0x0800292e   0x00000002   PAD
    0x08002930   0x08002930   0x00000184   Code   RO         6123    i._fp_digits        mc_w.l(printfa.o)
    0x08002ab4   0x08002ab4   0x000006dc   Code   RO         6124    i._printf_core      mc_w.l(printfa.o)
    0x08003190   0x08003190   0x00000024   Code   RO         6125    i._printf_post_padding  mc_w.l(printfa.o)
    0x080031b4   0x080031b4   0x0000002e   Code   RO         6126    i._printf_pre_padding  mc_w.l(printfa.o)
    0x080031e2   0x080031e2   0x0000000a   Code   RO         6128    i._sputc            mc_w.l(printfa.o)
    0x080031ec   0x080031ec   0x00000028   Code   RO         5203    i.autoip_arp_announce  autoip.o
    0x08003214   0x08003214   0x0000008c   Code   RO         5205    i.autoip_arp_reply  autoip.o
    0x080032a0   0x080032a0   0x00000050   Code   RO         5207    i.autoip_create_addr  autoip.o
    0x080032f0   0x080032f0   0x00000024   Code   RO         5208    i.autoip_handle_arp_conflict  autoip.o
    0x08003314   0x08003314   0x00000060   Code   RO         5211    i.autoip_start      autoip.o
    0x08003374   0x08003374   0x0000004a   Code   RO         5212    i.autoip_start_probing  autoip.o
    0x080033be   0x080033be   0x0000001e   Code   RO          985    i.delay             stm32f4_discovery_lcd.o
    0x080033dc   0x080033dc   0x0000001e   Code   RO         4213    i.dhcp_arp_reply    dhcp.o
    0x080033fa   0x080033fa   0x00000002   PAD
    0x080033fc   0x080033fc   0x00000104   Code   RO         4217    i.dhcp_create_request  dhcp.o
    0x08003500   0x08003500   0x00000088   Code   RO         4218    i.dhcp_decline      dhcp.o
    0x08003588   0x08003588   0x0000001c   Code   RO         4219    i.dhcp_delete_request  dhcp.o
    0x080035a4   0x080035a4   0x0000001c   Code   RO         4231    i.dhcp_option       dhcp.o
    0x080035c0   0x080035c0   0x0000000e   Code   RO         4232    i.dhcp_option_byte  dhcp.o
    0x080035ce   0x080035ce   0x0000003a   Code   RO         4233    i.dhcp_option_long  dhcp.o
    0x08003608   0x08003608   0x0000002c   Code   RO         4235    i.dhcp_option_trailer  dhcp.o
    0x08003634   0x08003634   0x0000000e   Code   RO         4242    i.dhcp_set_state    dhcp.o
    0x08003642   0x08003642   0x00000002   PAD
    0x08003644   0x08003644   0x0000012c   Code   RO         5509    i.etharp_arp_input  etharp.o
    0x08003770   0x08003770   0x0000002a   Code   RO         5511    i.etharp_ip_input   etharp.o
    0x0800379a   0x0800379a   0x00000002   PAD
    0x0800379c   0x0800379c   0x000000b8   Code   RO         5512    i.etharp_output     etharp.o
    0x08003854   0x08003854   0x0000011c   Code   RO         5513    i.etharp_query      etharp.o
    0x08003970   0x08003970   0x000000b8   Code   RO         5514    i.etharp_raw        etharp.o
    0x08003a28   0x08003a28   0x00000024   Code   RO         5515    i.etharp_request    etharp.o
    0x08003a4c   0x08003a4c   0x00000034   Code   RO         5516    i.etharp_send_ip    etharp.o
    0x08003a80   0x08003a80   0x00000050   Code   RO         5517    i.etharp_tmr        etharp.o
    0x08003ad0   0x08003ad0   0x0000005a   Code   RO         5518    i.ethernet_input    etharp.o
    0x08003b2a   0x08003b2a   0x00000002   PAD
    0x08003b2c   0x08003b2c   0x00000028   Code   RO         4125    i.ethernetif_init   ethernetif.o
    0x08003b54   0x08003b54   0x0000002a   Code   RO         4126    i.ethernetif_input  ethernetif.o
    0x08003b7e   0x08003b7e   0x0000006c   Code   RO          558    i.extract_uri_parameters  httpd.o
    0x08003bea   0x08003bea   0x00000002   PAD
    0x08003bec   0x08003bec   0x0000013c   Code   RO         5519    i.find_entry        etharp.o
    0x08003d28   0x08003d28   0x00000012   Code   RO         6192    i.fputc             mc_w.l(fputc.o)
    0x08003d3a   0x08003d3a   0x0000001e   Code   RO         5520    i.free_etharp_q     etharp.o
    0x08003d58   0x08003d58   0x00000008   Code   RO          734    i.fs_bytes_left     fs.o
    0x08003d60   0x08003d60   0x00000004   Code   RO          735    i.fs_close          fs.o
    0x08003d64   0x08003d64   0x0000002c   Code   RO          736    i.fs_free           fs.o
    0x08003d90   0x08003d90   0x0000002c   Code   RO          737    i.fs_malloc         fs.o
    0x08003dbc   0x08003dbc   0x0000004c   Code   RO          738    i.fs_open           fs.o
    0x08003e08   0x08003e08   0x00000032   Code   RO          739    i.fs_read           fs.o
    0x08003e3a   0x08003e3a   0x00000002   PAD
    0x08003e3c   0x08003e3c   0x000000b4   Code   RO          559    i.get_tag_insert    httpd.o
    0x08003ef0   0x08003ef0   0x00000018   Code   RO         5310    i.htonl             inet.o
    0x08003f08   0x08003f08   0x0000000a   Code   RO         5311    i.htons             inet.o
    0x08003f12   0x08003f12   0x00000002   PAD
    0x08003f14   0x08003f14   0x00000058   Code   RO          560    i.http_accept       httpd.o
    0x08003f6c   0x08003f6c   0x00000054   Code   RO          561    i.http_close_conn   httpd.o
    0x08003fc0   0x08003fc0   0x0000000a   Code   RO          562    i.http_err          httpd.o
    0x08003fca   0x08003fca   0x00000002   PAD
    0x08003fcc   0x08003fcc   0x00000128   Code   RO          563    i.http_find_file    httpd.o
    0x080040f4   0x080040f4   0x00000054   Code   RO          564    i.http_get_404_file  httpd.o
    0x08004148   0x08004148   0x00000060   Code   RO          565    i.http_init_file    httpd.o
    0x080041a8   0x080041a8   0x000000ec   Code   RO          566    i.http_parse_request  httpd.o
    0x08004294   0x08004294   0x00000040   Code   RO          567    i.http_poll         httpd.o
    0x080042d4   0x080042d4   0x0000007c   Code   RO          568    i.http_recv         httpd.o
    0x08004350   0x08004350   0x000003e8   Code   RO          569    i.http_send_data    httpd.o
    0x08004738   0x08004738   0x0000001c   Code   RO          570    i.http_sent         httpd.o
    0x08004754   0x08004754   0x0000000c   Code   RO          571    i.http_set_cgi_handlers  httpd.o
    0x08004760   0x08004760   0x00000010   Code   RO          572    i.http_set_ssi_handler  httpd.o
    0x08004770   0x08004770   0x0000001c   Code   RO          573    i.http_state_alloc  httpd.o
    0x0800478c   0x0800478c   0x0000002a   Code   RO          574    i.http_state_free   httpd.o
    0x080047b6   0x080047b6   0x00000040   Code   RO          575    i.http_write        httpd.o
    0x080047f6   0x080047f6   0x00000002   PAD
    0x080047f8   0x080047f8   0x0000001c   Code   RO          691    i.httpd_cgi_init    httpd_cgi_ssi.o
    0x08004814   0x08004814   0x00000018   Code   RO          576    i.httpd_init        httpd.o
    0x0800482c   0x0800482c   0x00000040   Code   RO          577    i.httpd_init_addr   httpd.o
    0x0800486c   0x0800486c   0x00000014   Code   RO          692    i.httpd_ssi_init    httpd_cgi_ssi.o
    0x08004880   0x08004880   0x00000008   Code   RO         5275    i.icmp_dest_unreach  icmp.o
    0x08004888   0x08004888   0x00000144   Code   RO         5276    i.icmp_input        icmp.o
    0x080049cc   0x080049cc   0x00000068   Code   RO         5277    i.icmp_send_response  icmp.o
    0x08004a34   0x08004a34   0x00000008   Code   RO         5278    i.icmp_time_exceeded  icmp.o
    0x08004a3c   0x08004a3c   0x0000000c   Code   RO         5359    i.inet_chksum       inet_chksum.o
    0x08004a48   0x08004a48   0x00000048   Code   RO         5360    i.inet_chksum_pbuf  inet_chksum.o
    0x08004a90   0x08004a90   0x0000003e   Code   RO         5434    i.ip_addr_isbroadcast  ip_addr.o
    0x08004ace   0x08004ace   0x00000002   PAD
    0x08004ad0   0x08004ad0   0x0000013c   Code   RO         5457    i.ip_frag           ip_frag.o
    0x08004c0c   0x08004c0c   0x000001bc   Code   RO         5395    i.ip_input          ip.o
    0x08004dc8   0x08004dc8   0x00000034   Code   RO         5396    i.ip_output         ip.o
    0x08004dfc   0x08004dfc   0x000000d8   Code   RO         5397    i.ip_output_if      ip.o
    0x08004ed4   0x08004ed4   0x0000017c   Code   RO         5458    i.ip_reass          ip_frag.o
    0x08005050   0x08005050   0x000000f8   Code   RO         5459    i.ip_reass_chain_frag_into_datagram_and_validate  ip_frag.o
    0x08005148   0x08005148   0x00000024   Code   RO         5460    i.ip_reass_dequeue_datagram  ip_frag.o
    0x0800516c   0x0800516c   0x00000054   Code   RO         5461    i.ip_reass_enqueue_new_datagram  ip_frag.o
    0x080051c0   0x080051c0   0x00000070   Code   RO         5462    i.ip_reass_free_complete_datagram  ip_frag.o
    0x08005230   0x08005230   0x00000074   Code   RO         5463    i.ip_reass_remove_oldest_datagram  ip_frag.o
    0x080052a4   0x080052a4   0x00000048   Code   RO         5398    i.ip_route          ip.o
    0x080052ec   0x080052ec   0x00000074   Code   RO         4127    i.low_level_init    ethernetif.o
    0x08005360   0x08005360   0x00000088   Code   RO         4128    i.low_level_input   ethernetif.o
    0x080053e8   0x080053e8   0x00000030   Code   RO         4129    i.low_level_output  ethernetif.o
    0x08005418   0x08005418   0x0000003a   Code   RO         5362    i.lwip_standard_chksum  inet_chksum.o
    0x08005452   0x08005452   0x00000002   PAD
    0x08005454   0x08005454   0x00000664   Code   RO            9    i.main              main.o
    0x08005ab8   0x08005ab8   0x0000006c   Code   RO         6346    i.malloc            mc_w.l(malloc.o)
    0x08005b24   0x08005b24   0x0000002c   Code   RO         4471    i.mem_free          mem.o
    0x08005b50   0x08005b50   0x00000034   Code   RO         4472    i.mem_init          mem.o
    0x08005b84   0x08005b84   0x000000b8   Code   RO         4473    i.mem_malloc        mem.o
    0x08005c3c   0x08005c3c   0x000000cc   Code   RO         4474    i.mem_realloc       mem.o
    0x08005d08   0x08005d08   0x00000018   Code   RO         4514    i.memp_free         memp.o
    0x08005d20   0x08005d20   0x00000058   Code   RO         4515    i.memp_init         memp.o
    0x08005d78   0x08005d78   0x00000020   Code   RO         4516    i.memp_malloc       memp.o
    0x08005d98   0x08005d98   0x0000004c   Code   RO         4556    i.netif_add         netif.o
    0x08005de4   0x08005de4   0x0000000a   Code   RO         4558    i.netif_is_up       netif.o
    0x08005dee   0x08005dee   0x00000022   Code   RO         4560    i.netif_set_addr    netif.o
    0x08005e10   0x08005e10   0x0000000c   Code   RO         4561    i.netif_set_default  netif.o
    0x08005e1c   0x08005e1c   0x00000012   Code   RO         4562    i.netif_set_down    netif.o
    0x08005e2e   0x08005e2e   0x0000000e   Code   RO         4563    i.netif_set_gw      netif.o
    0x08005e3c   0x08005e3c   0x00000068   Code   RO         4564    i.netif_set_ipaddr  netif.o
    0x08005ea4   0x08005ea4   0x0000000e   Code   RO         4565    i.netif_set_netmask  netif.o
    0x08005eb2   0x08005eb2   0x0000001c   Code   RO         4566    i.netif_set_up      netif.o
    0x08005ece   0x08005ece   0x00000004   Code   RO         5315    i.ntohl             inet.o
    0x08005ed2   0x08005ed2   0x00000004   Code   RO         5316    i.ntohs             inet.o
    0x08005ed6   0x08005ed6   0x0000012a   Code   RO         4638    i.pbuf_alloc        pbuf.o
    0x08006000   0x08006000   0x00000028   Code   RO         4639    i.pbuf_cat          pbuf.o
    0x08006028   0x08006028   0x00000014   Code   RO         4640    i.pbuf_chain        pbuf.o
    0x0800603c   0x0800603c   0x00000012   Code   RO         4641    i.pbuf_clen         pbuf.o
    0x0800604e   0x0800604e   0x00000096   Code   RO         4643    i.pbuf_copy         pbuf.o
    0x080060e4   0x080060e4   0x0000006c   Code   RO         4644    i.pbuf_copy_partial  pbuf.o
    0x08006150   0x08006150   0x00000052   Code   RO         4646    i.pbuf_free         pbuf.o
    0x080061a2   0x080061a2   0x00000068   Code   RO         4647    i.pbuf_header       pbuf.o
    0x0800620a   0x0800620a   0x0000004e   Code   RO         4648    i.pbuf_realloc      pbuf.o
    0x08006258   0x08006258   0x0000000c   Code   RO         4649    i.pbuf_ref          pbuf.o
    0x08006264   0x08006264   0x00000054   Code   RO         4475    i.plug_holes        mem.o
    0x080062b8   0x080062b8   0x00000068   Code   RO         4727    i.raw_input         raw.o
    0x08006320   0x08006320   0x00000044   Code   RO          578    i.strnstr           httpd.o
    0x08006364   0x08006364   0x00000098   Code   RO         4793    i.tcp_abandon       tcp.o
    0x080063fc   0x080063fc   0x00000004   Code   RO         4794    i.tcp_accept        tcp.o
    0x08006400   0x08006400   0x00000006   Code   RO         4795    i.tcp_accept_null   tcp.o
    0x08006406   0x08006406   0x00000002   PAD
    0x08006408   0x08006408   0x000000a4   Code   RO         4796    i.tcp_alloc         tcp.o
    0x080064ac   0x080064ac   0x00000004   Code   RO         4797    i.tcp_arg           tcp.o
    0x080064b0   0x080064b0   0x000000c8   Code   RO         4798    i.tcp_bind          tcp.o
    0x08006578   0x08006578   0x000000d0   Code   RO         4799    i.tcp_close         tcp.o
    0x08006648   0x08006648   0x00000058   Code   RO          504    i.tcp_echoserver_accept  tcp_echoserver.o
    0x080066a0   0x080066a0   0x00000048   Code   RO          505    i.tcp_echoserver_connection_close  tcp_echoserver.o
    0x080066e8   0x080066e8   0x0000000a   Code   RO          506    i.tcp_echoserver_error  tcp_echoserver.o
    0x080066f2   0x080066f2   0x00000002   PAD
    0x080066f4   0x080066f4   0x00000078   Code   RO          507    i.tcp_echoserver_init  tcp_echoserver.o
    0x0800676c   0x0800676c   0x00000038   Code   RO          508    i.tcp_echoserver_poll  tcp_echoserver.o
    0x080067a4   0x080067a4   0x000000e0   Code   RO          509    i.tcp_echoserver_recv  tcp_echoserver.o
    0x08006884   0x08006884   0x00000064   Code   RO          510    i.tcp_echoserver_send  tcp_echoserver.o
    0x080068e8   0x080068e8   0x0000002c   Code   RO          511    i.tcp_echoserver_sent  tcp_echoserver.o
    0x08006914   0x08006914   0x00000020   Code   RO         4802    i.tcp_eff_send_mss  tcp.o
    0x08006934   0x08006934   0x0000035a   Code   RO         5038    i.tcp_enqueue       tcp_out.o
    0x08006c8e   0x08006c8e   0x00000006   Code   RO         4803    i.tcp_err           tcp.o
    0x08006c94   0x08006c94   0x0000005c   Code   RO         4804    i.tcp_fasttmr       tcp.o
    0x08006cf0   0x08006cf0   0x00000340   Code   RO         4990    i.tcp_input         tcp_in.o
    0x08007030   0x08007030   0x00000048   Code   RO         5039    i.tcp_keepalive     tcp_out.o
    0x08007078   0x08007078   0x00000044   Code   RO         4805    i.tcp_kill_prio     tcp.o
    0x080070bc   0x080070bc   0x00000034   Code   RO         4806    i.tcp_kill_timewait  tcp.o
    0x080070f0   0x080070f0   0x000000ec   Code   RO         4991    i.tcp_listen_input  tcp_in.o
    0x080071dc   0x080071dc   0x00000094   Code   RO         4807    i.tcp_listen_with_backlog  tcp.o
    0x08007270   0x08007270   0x00000006   Code   RO         4808    i.tcp_new           tcp.o
    0x08007276   0x08007276   0x00000002   PAD
    0x08007278   0x08007278   0x0000005c   Code   RO         4809    i.tcp_new_port      tcp.o
    0x080072d4   0x080072d4   0x00000010   Code   RO         4810    i.tcp_next_iss      tcp.o
    0x080072e4   0x080072e4   0x000001a8   Code   RO         5040    i.tcp_output        tcp_out.o
    0x0800748c   0x0800748c   0x000000b4   Code   RO         5041    i.tcp_output_segment  tcp_out.o
    0x08007540   0x08007540   0x0000007c   Code   RO         5042    i.tcp_output_set_header  tcp_out.o
    0x080075bc   0x080075bc   0x00000088   Code   RO         4992    i.tcp_parseopt      tcp_in.o
    0x08007644   0x08007644   0x00000030   Code   RO         4811    i.tcp_pcb_purge     tcp.o
    0x08007674   0x08007674   0x00000060   Code   RO         4812    i.tcp_pcb_remove    tcp.o
    0x080076d4   0x080076d4   0x0000000a   Code   RO         4813    i.tcp_poll          tcp.o
    0x080076de   0x080076de   0x00000002   PAD
    0x080076e0   0x080076e0   0x00000420   Code   RO         4993    i.tcp_process       tcp_in.o
    0x08007b00   0x08007b00   0x00000468   Code   RO         4994    i.tcp_receive       tcp_in.o
    0x08007f68   0x08007f68   0x00000006   Code   RO         4814    i.tcp_recv          tcp.o
    0x08007f6e   0x08007f6e   0x00000026   Code   RO         4815    i.tcp_recv_null     tcp.o
    0x08007f94   0x08007f94   0x0000003c   Code   RO         4816    i.tcp_recved        tcp.o
    0x08007fd0   0x08007fd0   0x00000048   Code   RO         5043    i.tcp_rexmit        tcp_out.o
    0x08008018   0x08008018   0x00000060   Code   RO         5044    i.tcp_rexmit_fast   tcp_out.o
    0x08008078   0x08008078   0x0000002e   Code   RO         5045    i.tcp_rexmit_rto    tcp_out.o
    0x080080a6   0x080080a6   0x0000009e   Code   RO         5046    i.tcp_rst           tcp_out.o
    0x08008144   0x08008144   0x00000020   Code   RO         4817    i.tcp_seg_free      tcp.o
    0x08008164   0x08008164   0x0000001a   Code   RO         4818    i.tcp_segs_free     tcp.o
    0x0800817e   0x0800817e   0x00000014   Code   RO         5047    i.tcp_send_ctrl     tcp_out.o
    0x08008192   0x08008192   0x00000056   Code   RO         5048    i.tcp_send_empty_ack  tcp_out.o
    0x080081e8   0x080081e8   0x00000006   Code   RO         4819    i.tcp_sent          tcp.o
    0x080081ee   0x080081ee   0x00000004   Code   RO         4820    i.tcp_setprio       tcp.o
    0x080081f2   0x080081f2   0x00000002   PAD
    0x080081f4   0x080081f4   0x00000238   Code   RO         4821    i.tcp_slowtmr       tcp.o
    0x0800842c   0x0800842c   0x00000074   Code   RO         4995    i.tcp_timewait_input  tcp_in.o
    0x080084a0   0x080084a0   0x00000020   Code   RO         4822    i.tcp_tmr           tcp.o
    0x080084c0   0x080084c0   0x00000036   Code   RO         4823    i.tcp_update_rcv_ann_wnd  tcp.o
    0x080084f6   0x080084f6   0x0000002e   Code   RO         5049    i.tcp_write         tcp_out.o
    0x08008524   0x08008524   0x000000a0   Code   RO         5050    i.tcp_zero_window_probe  tcp_out.o
    0x080085c4   0x080085c4   0x00000064   Code   RO         5120    i.udp_bind          udp.o
    0x08008628   0x08008628   0x0000019c   Code   RO         5123    i.udp_input         udp.o
    0x080087c4   0x080087c4   0x000000b6   Code   RO         5129    i.udp_sendto_if     udp.o
    0x0800887a   0x0800887a   0x00000002   PAD
    0x0800887c   0x0800887c   0x000000a8   Code   RO         5521    i.update_arp_entry  etharp.o
    0x08008924   0x08008924   0x00000030   Data   RO          580    .constdata          httpd.o
    0x08008954   0x08008954   0x00000008   Data   RO          693    .constdata          httpd_cgi_ssi.o
    0x0800895c   0x0800895c   0x00000c57   Data   RO          741    .constdata          fs.o
    0x080095b3   0x080095b3   0x00000aba   Data   RO          742    .constdata          fs.o
    0x0800a06d   0x0800a06d   0x0000665d   Data   RO          743    .constdata          fs.o
    0x080106ca   0x080106ca   0x000004db   Data   RO          744    .constdata          fs.o
    0x08010ba5   0x08010ba5   0x000029e3   Data   RO          745    .constdata          fs.o
    0x08013588   0x08013588   0x00000fc1   Data   RO          746    .constdata          fs.o
    0x08014549   0x08014549   0x00000f2a   Data   RO          747    .constdata          fs.o
    0x08015473   0x08015473   0x00000001   PAD
    0x08015474   0x08015474   0x00000014   Data   RO          748    .constdata          fs.o
    0x08015488   0x08015488   0x00000014   Data   RO          749    .constdata          fs.o
    0x0801549c   0x0801549c   0x00000014   Data   RO          750    .constdata          fs.o
    0x080154b0   0x080154b0   0x00000014   Data   RO          751    .constdata          fs.o
    0x080154c4   0x080154c4   0x00000014   Data   RO          752    .constdata          fs.o
    0x080154d8   0x080154d8   0x00000014   Data   RO          753    .constdata          fs.o
    0x080154ec   0x080154ec   0x00000014   Data   RO          754    .constdata          fs.o
    0x08015500   0x08015500   0x000011d0   Data   RO          986    .constdata          stm32f4_discovery_lcd.o
    0x080166d0   0x080166d0   0x00000054   Data   RO         1230    .constdata          stm32f4_discovery.o
    0x08016724   0x08016724   0x00000024   Data   RO         4518    .constdata          memp.o
    0x08016748   0x08016748   0x00000014   Data   RO         4824    .constdata          tcp.o
    0x0801675c   0x0801675c   0x00000004   Data   RO         5435    .constdata          ip_addr.o
    0x08016760   0x08016760   0x00000004   Data   RO         5436    .constdata          ip_addr.o
    0x08016764   0x08016764   0x0000000c   Data   RO         5523    .constdata          etharp.o
    0x08016770   0x08016770   0x0000006a   Data   RO          581    .conststring        httpd.o
    0x080167da   0x080167da   0x00000002   PAD
    0x080167dc   0x080167dc   0x00000002   Data   RO          694    .conststring        httpd_cgi_ssi.o
    0x080167de   0x080167de   0x00000002   PAD
    0x080167e0   0x080167e0   0x0000000a   Data   RO          695    .conststring        httpd_cgi_ssi.o
    0x080167ea   0x080167ea   0x00000002   PAD
    0x080167ec   0x080167ec   0x00000075   Data   RO         4825    .conststring        tcp.o
    0x08016861   0x08016861   0x00000003   PAD
    0x08016864   0x08016864   0x00000020   Data   RO         6422    Region$$Table       anon$$obj.o


    Execution Region RW_IRAM1 (Exec base: 0x20000000, Load base: 0x08016884, Size: 0x0001e628, Max: 0x00020000, ABSOLUTE, COMPRESSED[0x00000074])

    Exec Addr    Load Addr    Size         Type   Attr      Idx    E Section Name        Object

    0x20000000   COMPRESSED   0x00000018   Data   RW           11    .data               main.o
    0x20000018   COMPRESSED   0x00000008   Data   RW          405    .data               netconf.o
    0x20000020   COMPRESSED   0x00000004   Data   RW          473    .data               stm32f4x7_eth_bsp.o
    0x20000024   COMPRESSED   0x00000008   Data   RW          512    .data               tcp_echoserver.o
    0x2000002c   COMPRESSED   0x00000024   Data   RW          582    .data               httpd.o
    0x20000050   COMPRESSED   0x00000010   Data   RW          696    .data               httpd_cgi_ssi.o
    0x20000060   COMPRESSED   0x00000004   Data   RW          697    .data               httpd_cgi_ssi.o
    0x20000064   COMPRESSED   0x00000010   Data   RW          990    .data               stm32f4_discovery_lcd.o
    0x20000074   COMPRESSED   0x0000002c   Data   RW         1231    .data               stm32f4_discovery.o
    0x200000a0   COMPRESSED   0x00000010   Data   RW         2206    .data               stm32f4xx_rcc.o
    0x200000b0   COMPRESSED   0x0000000c   Data   RW         3689    .data               stm32f4x7_eth.o
    0x200000bc   COMPRESSED   0x00000004   Data   RW         4249    .data               dhcp.o
    0x200000c0   COMPRESSED   0x00000010   Data   RW         4477    .data               mem.o
    0x200000d0   COMPRESSED   0x0000000c   Data   RW         4567    .data               netif.o
    0x200000dc   COMPRESSED   0x00000004   Data   RW         4733    .data               raw.o
    0x200000e0   COMPRESSED   0x0000004c   Data   RW         4826    .data               tcp.o
    0x2000012c   COMPRESSED   0x0000001c   Data   RW         4997    .data               tcp_in.o
    0x20000148   COMPRESSED   0x00000004   Data   RW         5130    .data               udp.o
    0x2000014c   COMPRESSED   0x0000000c   Data   RW         5399    .data               ip.o
    0x20000158   COMPRESSED   0x00000008   Data   RW         5466    .data               ip_frag.o
    0x20000160   COMPRESSED   0x00000001   Data   RW         5524    .data               etharp.o
    0x20000161   COMPRESSED   0x00000003   PAD
    0x20000164   COMPRESSED   0x00000004   Data   RW         6194    .data               mc_w.l(stdout.o)
    0x20000168   COMPRESSED   0x0000000c   Data   RW         6375    .data               mc_w.l(cpp_memory.o)
    0x20000174   COMPRESSED   0x00000004   Data   RW         6403    .data               mc_w.l(mvars.o)
    0x20000178   COMPRESSED   0x00000004   Data   RW         6404    .data               mc_w.l(mvars.o)
    0x2000017c        -       0x00000050   Zero   RW           10    .bss                main.o
    0x200001cc        -       0x00000038   Zero   RW          404    .bss                netconf.o
    0x20000204        -       0x00000400   Zero   RW          579    .bss                httpd.o
    0x20000604        -       0x000000f0   Zero   RW          740    .bss                fs.o
    0x200006f4        -       0x000000a0   Zero   RW         3684    .bss                stm32f4x7_eth.o
    0x20000794        -       0x000000a0   Zero   RW         3685    .bss                stm32f4x7_eth.o
    0x20000834        -       0x00001dc4   Zero   RW         3686    .bss                stm32f4x7_eth.o
    0x200025f8        -       0x00001dc4   Zero   RW         3687    .bss                stm32f4x7_eth.o
    0x200043bc        -       0x0000000c   Zero   RW         3688    .bss                stm32f4x7_eth.o
    0x200043c8        -       0x00002814   Zero   RW         4476    .bss                mem.o
    0x20006bdc        -       0x00004d8f   Zero   RW         4517    .bss                memp.o
    0x2000b96b   COMPRESSED   0x00000001   PAD
    0x2000b96c        -       0x00000014   Zero   RW         4996    .bss                tcp_in.o
    0x2000b980        -       0x000005e0   Zero   RW         5465    .bss                ip_frag.o
    0x2000bf60        -       0x000000c8   Zero   RW         5522    .bss                etharp.o
    0x2000c028        -       0x00009200   Zero   RW         5613    HEAP                startup_stm32f4xx.o
    0x20015228        -       0x00009400   Zero   RW         5612    STACK               startup_stm32f4xx.o


==============================================================================

Image component sizes


      Code (inc. data)   RO Data    RW Data    ZI Data      Debug   Object Name

       280         26          0          0          0       3460   25lc256.o
       248        110          0          0          0       1643   at_command.o
       466         22          0          0          0       5538   autoip.o
       612         16          0          4          0      11639   dhcp.o
      1766         46         12          1        200      14743   etharp.o
       382         38          0          0          0       5110   ethernetif.o
       226         14      52131          0        240       6576   fs.o
       560         34          0          0          0       5056   function.o
      2716        164        154         36       1024      20086   httpd.o
       404         70         20         20          0       4395   httpd_cgi_ssi.o
       444          0          0          0          0       4230   icmp.o
        42          0          0          0          0       2296   inet.o
       142          0          0          0          0       6089   inet_chksum.o
         0          0          0          0          0       2075   init.o
       784         24          0         12          0       7952   ip.o
        62          0          8          0          0       5977   ip_addr.o
      1292         32          0          8       1504       8949   ip_frag.o
      2108        282          0         24         80     393284   main.o
       568         30          0         16      10260       5589   mem.o
       144         20         36          0      19855       4250   memp.o
       132          6          0          0          0       1962   misc.o
       276         70          0          8         56      11530   netconf.o
       310         20          0         12          0       8540   netif.o
       910          0          0          0          0       8637   pbuf.o
       104          6          0          4          0       1872   raw.o
        36          8        392          0      75264       1212   startup_stm32f4xx.o
        48         16         84         44          0       3130   stm32f4_discovery.o
      1202         68       4560         16          0      13540   stm32f4_discovery_lcd.o
      1764        156          0         12      15572      17010   stm32f4x7_eth.o
       588         72          0          4          0      21070   stm32f4x7_eth_bsp.o
       292         20          0          0          0       6475   stm32f4xx_adc.o
       238          6          0          0          0       2237   stm32f4xx_fsmc.o
       172          0          0          0          0       4049   stm32f4xx_gpio.o
        20          0          0          0          0       4238   stm32f4xx_it.o
       300         42          0         16          0       6577   stm32f4xx_rcc.o
       102          0          0          0          0       4158   stm32f4xx_spi.o
        12          6          0          0          0        666   stm32f4xx_syscfg.o
       198         28          0          0          0       4446   stm32f4xx_tim.o
       368          8          0          0          0       7227   stm32f4xx_usart.o
       264         34          0          0          0       1609   system_stm32f4xx.o
      2230         94        137         76          0      29976   tcp.o
       714        122          0          8          0       6727   tcp_echoserver.o
      3504         90          0         28         20      16216   tcp_in.o
      2342         16          0          0          0      13046   tcp_out.o
       122          4          0          0          0     250925   u_print.o
       694         10          0          4          0      13368   udp.o

    ----------------------------------------------------------------------
     30240       1830      57576        356     124076     979380   Object Totals
         0          0         32          0          0          0   (incl. Generated)
        52          0         10          3          1          0   (incl. Padding)

    ----------------------------------------------------------------------

      Code (inc. data)   RO Data    RW Data    ZI Data      Debug   Library Member Name

        80         12          0          0          0        104   arm_exceptions_globs.o
        60          0          0          0          0        108   arm_exceptions_mem.o
        26          0          0          0          0         76   arm_exceptions_terminate.o
         4          0          0          0          0         68   arm_newhandler_noexceptions.o
         8          0          0          0          0         76   array_new.o
        40          6          0          0          0         76   new.o
        86          0          0          0          0          0   __dczerorl2.o
        20          4          0         12          0        136   cpp_memory.o
         0          0          0          0          0          0   entry.o
         0          0          0          0          0          0   entry10a.o
         0          0          0          0          0          0   entry11a.o
         8          4          0          0          0          0   entry2.o
         4          0          0          0          0          0   entry5.o
         0          0          0          0          0          0   entry7b.o
         0          0          0          0          0          0   entry8b.o
         8          4          0          0          0          0   entry9a.o
        18          0          0          0          0         80   fputc.o
        30          0          0          0          0          0   handlers.o
        36          8          0          0          0         68   init.o
         0          0          0          0          0          0   iusefp.o
         0          0          0          0          0          0   iusesemip.o
        30          0          0          0          0         68   llshl.o
        36          0          0          0          0         68   llsshr.o
        32          0          0          0          0         68   llushr.o
       108         16          0          0          0         84   malloc.o
        26          0          0          0          0         80   memcmp.o
        36          0          0          0          0         68   memcpya.o
        36          0          0          0          0        108   memseta.o
         0          0          0          8          0          0   mvars.o
      2308         96          0          0          0        604   printfa.o
         0          0          0          0          0          0   semi.o
         0          0          0          4          0          0   stdout.o
        20          0          0          0          0         68   strchr.o
        28          0          0          0          0         76   strcmp.o
        18          0          0          0          0         68   strcpy.o
        14          0          0          0          0         68   strlen.o
        30          0          0          0          0         80   strncmp.o
        36          0          0          0          0         80   strstr.o
        44          0          0          0          0         80   uidiv.o
        98          0          0          0          0         92   uldiv.o
        48          0          0          0          0         68   cdrcmple.o
       334          0          0          0          0        148   dadd.o
       222          0          0          0          0        100   ddiv.o
       186          0          0          0          0        176   depilogue.o
        50          0          0          0          0         76   dfixui.o
        48          0          0          0          0         68   dfixul.o
        26          0          0          0          0         76   dfltui.o
       228          0          0          0          0         96   dmul.o

    ----------------------------------------------------------------------
      4476        150          0         24          0       3360   Library Totals
         6          0          0          0          0          0   (incl. Padding)

    ----------------------------------------------------------------------

      Code (inc. data)   RO Data    RW Data    ZI Data      Debug   Library Name

       218         18          0          0          0        508   cpprt_w.l
      3110        132          0         24          0       2044   mc_w.l
      1142          0          0          0          0        808   mf_w.l

    ----------------------------------------------------------------------
      4476        150          0         24          0       3360   Library Totals

    ----------------------------------------------------------------------

==============================================================================


      Code (inc. data)   RO Data    RW Data    ZI Data      Debug   

     34716       1980      57576        380     124076     966124   Grand Totals
     34716       1980      57576        116     124076     966124   ELF Image Totals (compressed)
     34716       1980      57576        116          0          0   ROM Totals

==============================================================================

    Total RO  Size (Code + RO Data)                92292 (  90.13kB)
    Total RW  Size (RW Data + ZI Data)            124456 ( 121.54kB)
    Total ROM Size (Code + RO Data + RW Data)      92408 (  90.24kB)

==============================================================================

