<html>
<body>
<pre>
<h1>µVision Build Log</h1>
<h2>Tool Versions:</h2>
IDE-Version: µVision V5.24.2.0
Copyright (C) 2017 ARM Ltd and ARM Germany GmbH. All rights reserved.
License Information: Bui Anh Khoa, noname, LIC=CZLLQ-NPVYW-7R8X3-AKZWK-DUAXD-LB4KE
 
Tool Versions:
Toolchain:       MDK-ARM Plus  Version: 5.24.1
Toolchain Path:  C:\Keil_v5\ARM\ARMCC\Bin
C Compiler:      Armcc.exe V5.06 update 5 (build 528)
Assembler:       Armasm.exe V5.06 update 5 (build 528)
Linker/Locator:  ArmLink.exe V5.06 update 5 (build 528)
Library Manager: ArmAr.exe V5.06 update 5 (build 528)
Hex Converter:   FromElf.exe V5.06 update 5 (build 528)
CPU DLL:         SARMCM3.DLL V5.24.1
Dialog DLL:      DCM.DLL V1.16.0.0
Target DLL:      STLink\ST-LINKIII-KEIL_SWO.dll V3.0.1.0
Dialog DLL:      TCM.DLL V1.32.0.0
 
<h2>Project:</h2>
C:\Users\Anh Khoa\Documents\RFID door\firmware\stm32f407_final_ethernet_uart\Project\Standalone\final\MDK-ARM\Project.uvproj
Project File Date:  11/11/2017

<h2>Output:</h2>
*** Using Compiler 'V5.06 update 5 (build 528)', folder: 'C:\Keil_v5\ARM\ARMCC\Bin'
*** Warning: Using Microlib and C++ file(s) might cause the linker to fail !
  
Rebuild target 'Discover-More'
compiling system_stm32f4xx.c...
compiling tcp_echoserver.c...
..\inc\main.h(141): warning:  #1295-D: Deprecated declaration Init_peripheral - give arg types
  void Init_peripheral();
..\src\tcp_echoserver.c: 1 warning, 0 errors
compiling fs.c...
compiling stm32f4xx_it.c...
..\inc\main.h(141): warning:  #1295-D: Deprecated declaration Init_peripheral - give arg types
  void Init_peripheral();
..\src\stm32f4xx_it.c: 1 warning, 0 errors
compiling httpd_cgi_ssi.c...
..\inc\main.h(141): warning:  #1295-D: Deprecated declaration Init_peripheral - give arg types
  void Init_peripheral();
..\src\httpd_cgi_ssi.c: 1 warning, 0 errors
compiling netconf.c...
..\inc\main.h(141): warning:  #1295-D: Deprecated declaration Init_peripheral - give arg types
  void Init_peripheral();
..\src\netconf.c: 1 warning, 0 errors
compiling stm32f4x7_eth_bsp.c...
..\inc\main.h(141): warning:  #1295-D: Deprecated declaration Init_peripheral - give arg types
  void Init_peripheral();
..\src\stm32f4x7_eth_bsp.c: 1 warning, 0 errors
compiling httpd.c...
..\inc\main.h(141): warning:  #1295-D: Deprecated declaration Init_peripheral - give arg types
  void Init_peripheral();
..\src\httpd.c(2047): warning:  #177-D: variable "lpcb"  was declared but never referenced
    struct tcp_pcb_listen *lpcb = (struct tcp_pcb_listen*)arg;
..\src\httpd.c: 2 warnings, 0 errors
compiling main.c...
..\inc\main.h(141): warning:  #1295-D: Deprecated declaration Init_peripheral - give arg types
  void Init_peripheral();
..\src\main.c: 1 warning, 0 errors
compiling U_Print.cpp...
compiling stm32f4xx_usart.c...
compiling stm32f4xx_dma.c...
compiling stm32f4_discovery.c...
compiling misc.c...
compiling stm32f4xx_exti.c...
compiling stm32f4_discovery_lcd.c...
compiling stm32f4xx_adc.c...
compiling stm32f4xx_i2c.c...
compiling stm32f4xx_fsmc.c...
compiling stm32f4xx_gpio.c...
compiling stm32f4xx_sdio.c...
compiling stm32f4xx_rcc.c...
compiling stm32f4xx_syscfg.c...
compiling stm32f4xx_tim.c...
compiling stm32f4xx_spi.c...
compiling api_lib.c...
compiling err.c...
compiling api_msg.c...
compiling netifapi.c...
compiling netdb.c...
compiling netbuf.c...
compiling sockets.c...
compiling tcpip.c...
compiling dns.c...
compiling init.c...
compiling dhcp.c...
compiling stm32f4x7_eth.c...
compiling memp.c...
compiling netif.c...
compiling mem.c...
..\..\..\..\Utilities\lwip_v1.3.2\src\core\mem.c(184): warning:  #550-D: variable "mem_sem"  was set but never used
  static sys_sem_t mem_sem;
..\..\..\..\Utilities\lwip_v1.3.2\src\core\mem.c: 1 warning, 0 errors
compiling pbuf.c...
compiling ethernetif.c...
..\inc\main.h(141): warning:  #1295-D: Deprecated declaration Init_peripheral - give arg types
  void Init_peripheral();
..\..\..\..\Utilities\lwip_v1.3.2\port\STM32F4x7\Standalone\ethernetif.c: 1 warning, 0 errors
compiling raw.c...
compiling tcp.c...
compiling sys.c...
compiling udp.c...
compiling stats.c...
compiling tcp_in.c...
compiling autoip.c...
compiling icmp.c...
compiling igmp.c...
compiling inet.c...
compiling tcp_out.c...
..\..\..\..\Utilities\lwip_v1.3.2\src\core\tcp_out.c(465): warning:  #550-D: variable "tcphdr"  was set but never used
    struct tcp_hdr *tcphdr;
..\..\..\..\Utilities\lwip_v1.3.2\src\core\tcp_out.c(935): warning:  #550-D: variable "tcphdr"  was set but never used
    struct tcp_hdr *tcphdr;
..\..\..\..\Utilities\lwip_v1.3.2\src\core\tcp_out.c: 2 warnings, 0 errors
compiling inet_chksum.c...
compiling ip_addr.c...
compiling ip.c...
compiling loopif.c...
compiling etharp.c...
compiling ip_frag.c...
compiling slipif.c...
assembling startup_stm32f4xx.s...
compiling AT_Command.cpp...
compiling function.cpp...
compiling 25lc256.c...
compiling DHT11_library.cpp...
linking...
Program Size: Code=34716 RO-data=57576 RW-data=380 ZI-data=124076  
".\Discover-More\Project.axf" - 0 Error(s), 12 Warning(s).
Build Time Elapsed:  00:00:10
</pre>
</body>
</html>
